Archive member included to satisfy reference by file (symbol)

d:/program files/ac6/systemworkbench/plugins/fr.ac6.mcu.externaltools.arm-none.win32_1.13.2.201703061525/tools/compiler/bin/../lib/gcc/arm-none-eabi/5.4.1/../../../../arm-none-eabi/lib/armv7-m\libc_nano.a(lib_a-exit.o)
                              d:/program files/ac6/systemworkbench/plugins/fr.ac6.mcu.externaltools.arm-none.win32_1.13.2.201703061525/tools/compiler/bin/../lib/gcc/arm-none-eabi/5.4.1/../../../../arm-none-eabi/lib/armv7-m/crt0.o (exit)
d:/program files/ac6/systemworkbench/plugins/fr.ac6.mcu.externaltools.arm-none.win32_1.13.2.201703061525/tools/compiler/bin/../lib/gcc/arm-none-eabi/5.4.1/../../../../arm-none-eabi/lib/armv7-m\libc_nano.a(lib_a-impure.o)
                              d:/program files/ac6/systemworkbench/plugins/fr.ac6.mcu.externaltools.arm-none.win32_1.13.2.201703061525/tools/compiler/bin/../lib/gcc/arm-none-eabi/5.4.1/../../../../arm-none-eabi/lib/armv7-m\libc_nano.a(lib_a-exit.o) (_global_impure_ptr)
d:/program files/ac6/systemworkbench/plugins/fr.ac6.mcu.externaltools.arm-none.win32_1.13.2.201703061525/tools/compiler/bin/../lib/gcc/arm-none-eabi/5.4.1/../../../../arm-none-eabi/lib/armv7-m\libc_nano.a(lib_a-init.o)
                              d:/program files/ac6/systemworkbench/plugins/fr.ac6.mcu.externaltools.arm-none.win32_1.13.2.201703061525/tools/compiler/bin/../lib/gcc/arm-none-eabi/5.4.1/../../../../arm-none-eabi/lib/armv7-m/crt0.o (__libc_init_array)
d:/program files/ac6/systemworkbench/plugins/fr.ac6.mcu.externaltools.arm-none.win32_1.13.2.201703061525/tools/compiler/bin/../lib/gcc/arm-none-eabi/5.4.1/../../../../arm-none-eabi/lib/armv7-m\libc_nano.a(lib_a-memcpy-stub.o)
                              Middlewares/Third_Party/FreeRTOS/Source/queue.o (memcpy)
d:/program files/ac6/systemworkbench/plugins/fr.ac6.mcu.externaltools.arm-none.win32_1.13.2.201703061525/tools/compiler/bin/../lib/gcc/arm-none-eabi/5.4.1/../../../../arm-none-eabi/lib/armv7-m\libc_nano.a(lib_a-memset.o)
                              d:/program files/ac6/systemworkbench/plugins/fr.ac6.mcu.externaltools.arm-none.win32_1.13.2.201703061525/tools/compiler/bin/../lib/gcc/arm-none-eabi/5.4.1/../../../../arm-none-eabi/lib/armv7-m/crt0.o (memset)
d:/program files/ac6/systemworkbench/plugins/fr.ac6.mcu.externaltools.arm-none.win32_1.13.2.201703061525/tools/compiler/bin/../lib/gcc/arm-none-eabi/5.4.1/../../../../arm-none-eabi/lib/armv7-m\libnosys.a(_exit.o)
                              d:/program files/ac6/systemworkbench/plugins/fr.ac6.mcu.externaltools.arm-none.win32_1.13.2.201703061525/tools/compiler/bin/../lib/gcc/arm-none-eabi/5.4.1/../../../../arm-none-eabi/lib/armv7-m\libc_nano.a(lib_a-exit.o) (_exit)

Allocating common symbols
Common symbol       size              file

hUsbDeviceFS        0x224             Src/usb_device.o
defaultTaskHandle   0x4               Src/main.o
TaskLedFlashHandle  0x4               Src/main.o
xQueueRegistry      0x40              Middlewares/Third_Party/FreeRTOS/Source/queue.o
TaskUsbWriteHandle  0x4               Src/main.o
pFlash              0x20              Drivers/STM32F1xx_HAL_Driver/Src/stm32f1xx_hal_flash.o
UserRxBufferFS      0x4               Src/usbd_cdc_if.o
TaskUsbReadHandle   0x4               Src/main.o
hadc1               0x30              Src/main.o
UserTxBufferFS      0x4               Src/usbd_cdc_if.o
hrtc                0x14              Src/main.o
QueUsbReadHandle    0x4               Src/main.o
QueUsbWriteHandle   0x4               Src/main.o
htim2               0x3c              Src/main.o
hpcd_USB_FS         0x420             Src/usbd_conf.o
USBD_StrDesc        0x200             Src/usbd_desc.o

Discarded input sections

 .text          0x00000000        0x0 d:/program files/ac6/systemworkbench/plugins/fr.ac6.mcu.externaltools.arm-none.win32_1.13.2.201703061525/tools/compiler/bin/../lib/gcc/arm-none-eabi/5.4.1/armv7-m/crti.o
 .data          0x00000000        0x0 d:/program files/ac6/systemworkbench/plugins/fr.ac6.mcu.externaltools.arm-none.win32_1.13.2.201703061525/tools/compiler/bin/../lib/gcc/arm-none-eabi/5.4.1/armv7-m/crti.o
 .bss           0x00000000        0x0 d:/program files/ac6/systemworkbench/plugins/fr.ac6.mcu.externaltools.arm-none.win32_1.13.2.201703061525/tools/compiler/bin/../lib/gcc/arm-none-eabi/5.4.1/armv7-m/crti.o
 .data          0x00000000        0x4 d:/program files/ac6/systemworkbench/plugins/fr.ac6.mcu.externaltools.arm-none.win32_1.13.2.201703061525/tools/compiler/bin/../lib/gcc/arm-none-eabi/5.4.1/armv7-m/crtbegin.o
 .text          0x00000000       0x74 d:/program files/ac6/systemworkbench/plugins/fr.ac6.mcu.externaltools.arm-none.win32_1.13.2.201703061525/tools/compiler/bin/../lib/gcc/arm-none-eabi/5.4.1/../../../../arm-none-eabi/lib/armv7-m/crt0.o
[...]
Memory Configuration

Name             Origin             Length             Attributes
RAM              0x20000000         0x00005000         xrw
FLASH            0x08000000         0x00020000         xr
*default*        0x00000000         0xffffffff

Linker script and memory map

LOAD d:/program files/ac6/systemworkbench/plugins/fr.ac6.mcu.externaltools.arm-none.win32_1.13.2.201703061525/tools/compiler/bin/../lib/gcc/arm-none-eabi/5.4.1/armv7-m/crti.o
LOAD d:/program files/ac6/systemworkbench/plugins/fr.ac6.mcu.externaltools.arm-none.win32_1.13.2.201703061525/tools/compiler/bin/../lib/gcc/arm-none-eabi/5.4.1/armv7-m/crtbegin.o
LOAD d:/program files/ac6/systemworkbench/plugins/fr.ac6.mcu.externaltools.arm-none.win32_1.13.2.201703061525/tools/compiler/bin/../lib/gcc/arm-none-eabi/5.4.1/../../../../arm-none-eabi/lib/armv7-m/crt0.o
LOAD d:/program files/ac6/systemworkbench/plugins/fr.ac6.mcu.externaltools.arm-none.win32_1.13.2.201703061525/tools/compiler/bin/../lib/gcc/arm-none-eabi/5.4.1/../../../../arm-none-eabi/lib/armv7-m\libm.a
LOAD Drivers/STM32F1xx_HAL_Driver/Src/stm32f1xx_hal.o
LOAD Drivers/STM32F1xx_HAL_Driver/Src/stm32f1xx_hal_adc.o
LOAD Drivers/STM32F1xx_HAL_Driver/Src/stm32f1xx_hal_adc_ex.o
LOAD Drivers/STM32F1xx_HAL_Driver/Src/stm32f1xx_hal_cortex.o
LOAD Drivers/STM32F1xx_HAL_Driver/Src/stm32f1xx_hal_dma.o
LOAD Drivers/STM32F1xx_HAL_Driver/Src/stm32f1xx_hal_flash.o
LOAD Drivers/STM32F1xx_HAL_Driver/Src/stm32f1xx_hal_flash_ex.o
LOAD Drivers/STM32F1xx_HAL_Driver/Src/stm32f1xx_hal_gpio.o
LOAD Drivers/STM32F1xx_HAL_Driver/Src/stm32f1xx_hal_gpio_ex.o
LOAD Drivers/STM32F1xx_HAL_Driver/Src/stm32f1xx_hal_pcd.o
LOAD Drivers/STM32F1xx_HAL_Driver/Src/stm32f1xx_hal_pcd_ex.o
LOAD Drivers/STM32F1xx_HAL_Driver/Src/stm32f1xx_hal_pwr.o
LOAD Drivers/STM32F1xx_HAL_Driver/Src/stm32f1xx_hal_rcc.o
LOAD Drivers/STM32F1xx_HAL_Driver/Src/stm32f1xx_hal_rcc_ex.o
LOAD Drivers/STM32F1xx_HAL_Driver/Src/stm32f1xx_hal_rtc.o
LOAD Drivers/STM32F1xx_HAL_Driver/Src/stm32f1xx_hal_rtc_ex.o
LOAD Drivers/STM32F1xx_HAL_Driver/Src/stm32f1xx_hal_tim.o
LOAD Drivers/STM32F1xx_HAL_Driver/Src/stm32f1xx_hal_tim_ex.o
LOAD Drivers/STM32F1xx_HAL_Driver/Src/stm32f1xx_ll_usb.o
LOAD Middlewares/ST/STM32_USB_Device_Library/Class/CDC/Src/usbd_cdc.o
LOAD Middlewares/ST/STM32_USB_Device_Library/Core/Src/usbd_core.o
LOAD Middlewares/ST/STM32_USB_Device_Library/Core/Src/usbd_ctlreq.o
LOAD Middlewares/ST/STM32_USB_Device_Library/Core/Src/usbd_ioreq.o
LOAD Middlewares/Third_Party/FreeRTOS/Source/CMSIS_RTOS/cmsis_os.o
LOAD Middlewares/Third_Party/FreeRTOS/Source/croutine.o
LOAD Middlewares/Third_Party/FreeRTOS/Source/event_groups.o
LOAD Middlewares/Third_Party/FreeRTOS/Source/list.o
LOAD Middlewares/Third_Party/FreeRTOS/Source/queue.o
LOAD Middlewares/Third_Party/FreeRTOS/Source/tasks.o
LOAD Middlewares/Third_Party/FreeRTOS/Source/timers.o
LOAD Middlewares/Third_Party/FreeRTOS/Source/portable/GCC/ARM_CM3/port.o
LOAD Middlewares/Third_Party/FreeRTOS/Source/portable/MemMang/heap_1.o
LOAD Src/freertos.o
LOAD Src/main.o
LOAD Src/stm32f1xx_hal_msp.o
LOAD Src/stm32f1xx_it.o
LOAD Src/system_stm32f1xx.o
LOAD Src/usb_device.o
LOAD Src/usbd_cdc_if.o
LOAD Src/usbd_conf.o
LOAD Src/usbd_desc.o
LOAD startup/startup_stm32f103xb.o
START GROUP
LOAD d:/program files/ac6/systemworkbench/plugins/fr.ac6.mcu.externaltools.arm-none.win32_1.13.2.201703061525/tools/compiler/bin/../lib/gcc/arm-none-eabi/5.4.1/armv7-m\libgcc.a
LOAD d:/program files/ac6/systemworkbench/plugins/fr.ac6.mcu.externaltools.arm-none.win32_1.13.2.201703061525/tools/compiler/bin/../lib/gcc/arm-none-eabi/5.4.1/../../../../arm-none-eabi/lib/armv7-m\libc_nano.a
END GROUP
START GROUP
LOAD d:/program files/ac6/systemworkbench/plugins/fr.ac6.mcu.externaltools.arm-none.win32_1.13.2.201703061525/tools/compiler/bin/../lib/gcc/arm-none-eabi/5.4.1/armv7-m\libgcc.a
LOAD d:/program files/ac6/systemworkbench/plugins/fr.ac6.mcu.externaltools.arm-none.win32_1.13.2.201703061525/tools/compiler/bin/../lib/gcc/arm-none-eabi/5.4.1/../../../../arm-none-eabi/lib/armv7-m\libc_nano.a
LOAD d:/program files/ac6/systemworkbench/plugins/fr.ac6.mcu.externaltools.arm-none.win32_1.13.2.201703061525/tools/compiler/bin/../lib/gcc/arm-none-eabi/5.4.1/../../../../arm-none-eabi/lib/armv7-m\libnosys.a
END GROUP
START GROUP
LOAD d:/program files/ac6/systemworkbench/plugins/fr.ac6.mcu.externaltools.arm-none.win32_1.13.2.201703061525/tools/compiler/bin/../lib/gcc/arm-none-eabi/5.4.1/armv7-m\libgcc.a
LOAD d:/program files/ac6/systemworkbench/plugins/fr.ac6.mcu.externaltools.arm-none.win32_1.13.2.201703061525/tools/compiler/bin/../lib/gcc/arm-none-eabi/5.4.1/../../../../arm-none-eabi/lib/armv7-m\libc_nano.a
LOAD d:/program files/ac6/systemworkbench/plugins/fr.ac6.mcu.externaltools.arm-none.win32_1.13.2.201703061525/tools/compiler/bin/../lib/gcc/arm-none-eabi/5.4.1/../../../../arm-none-eabi/lib/armv7-m\libnosys.a
END GROUP
LOAD d:/program files/ac6/systemworkbench/plugins/fr.ac6.mcu.externaltools.arm-none.win32_1.13.2.201703061525/tools/compiler/bin/../lib/gcc/arm-none-eabi/5.4.1/armv7-m/crtend.o
LOAD d:/program files/ac6/systemworkbench/plugins/fr.ac6.mcu.externaltools.arm-none.win32_1.13.2.201703061525/tools/compiler/bin/../lib/gcc/arm-none-eabi/5.4.1/armv7-m/crtn.o
                0x20005000                _estack = 0x20005000
                0x00000200                _Min_Heap_Size = 0x200
                0x00000400                _Min_Stack_Size = 0x400

.isr_vector     0x08000000      0x10c
                0x08000000                . = ALIGN (0x4)
 *(.isr_vector)
 .isr_vector    0x08000000      0x10c startup/startup_stm32f103xb.o
                0x08000000                g_pfnVectors
                0x0800010c                . = ALIGN (0x4)

.text           0x0800010c     0x4dac
                0x0800010c                . = ALIGN (0x4)
 *(.text)
 .text          0x0800010c       0x5c d:/program files/ac6/systemworkbench/plugins/fr.ac6.mcu.externaltools.arm-none.win32_1.13.2.201703061525/tools/compiler/bin/../lib/gcc/arm-none-eabi/5.4.1/armv7-m/crtbegin.o
 *(.text*)
 .text.HAL_InitTick
                0x08000168       0x28 Drivers/STM32F1xx_HAL_Driver/Src/stm32f1xx_hal.o
                0x08000168                HAL_InitTick
 .text.HAL_Init
                0x08000190       0x24 Drivers/STM32F1xx_HAL_Driver/Src/stm32f1xx_hal.o
                0x08000190                HAL_Init
 .text.HAL_IncTick
                0x080001b4       0x10 Drivers/STM32F1xx_HAL_Driver/Src/stm32f1xx_hal.o
                0x080001b4                HAL_IncTick
 .text.HAL_GetTick
                0x080001c4        0xc Drivers/STM32F1xx_HAL_Driver/Src/stm32f1xx_hal.o
                0x080001c4                HAL_GetTick
 .text.HAL_Delay
                0x080001d0       0x1c Drivers/STM32F1xx_HAL_Driver/Src/stm32f1xx_hal.o
                0x080001d0                HAL_Delay
 .text.HAL_ADC_ConfigChannel
                0x080001ec      0x1b4 Drivers/STM32F1xx_HAL_Driver/Src/stm32f1xx_hal_adc.o
                0x080001ec                HAL_ADC_ConfigChannel
 .text.ADC_ConversionStop_Disable
                0x080003a0       0x50 Drivers/STM32F1xx_HAL_Driver/Src/stm32f1xx_hal_adc.o
                0x080003a0                ADC_ConversionStop_Disable
 .text.HAL_ADC_Init
                0x080003f0      0x134 Drivers/STM32F1xx_HAL_Driver/Src/stm32f1xx_hal_adc.o
                0x080003f0                HAL_ADC_Init
 .text.HAL_NVIC_SetPriorityGrouping
                0x08000524       0x24 Drivers/STM32F1xx_HAL_Driver/Src/stm32f1xx_hal_cortex.o
                0x08000524                HAL_NVIC_SetPriorityGrouping
 .text.HAL_NVIC_SetPriority
                0x08000548       0x64 Drivers/STM32F1xx_HAL_Driver/Src/stm32f1xx_hal_cortex.o
                0x08000548                HAL_NVIC_SetPriority
 .text.HAL_NVIC_EnableIRQ
                0x080005ac       0x18 Drivers/STM32F1xx_HAL_Driver/Src/stm32f1xx_hal_cortex.o
                0x080005ac                HAL_NVIC_EnableIRQ
 .text.HAL_SYSTICK_Config
                0x080005c4       0x2c Drivers/STM32F1xx_HAL_Driver/Src/stm32f1xx_hal_cortex.o
                0x080005c4                HAL_SYSTICK_Config
 .text.HAL_SYSTICK_CLKSourceConfig
                0x080005f0       0x20 Drivers/STM32F1xx_HAL_Driver/Src/stm32f1xx_hal_cortex.o
                0x080005f0                HAL_SYSTICK_CLKSourceConfig
 .text.HAL_GPIO_Init
                0x08000610      0x1d8 Drivers/STM32F1xx_HAL_Driver/Src/stm32f1xx_hal_gpio.o
                0x08000610                HAL_GPIO_Init
 .text.HAL_GPIO_WritePin
                0x080007e8        0xc Drivers/STM32F1xx_HAL_Driver/Src/stm32f1xx_hal_gpio.o
                0x080007e8                HAL_GPIO_WritePin
 .text.HAL_GPIO_TogglePin
                0x080007f4        0x8 Drivers/STM32F1xx_HAL_Driver/Src/stm32f1xx_hal_gpio.o
                0x080007f4                HAL_GPIO_TogglePin
 .text.HAL_PCD_Init
                0x080007fc       0xdc Drivers/STM32F1xx_HAL_Driver/Src/stm32f1xx_hal_pcd.o
                0x080007fc                HAL_PCD_Init
 .text.HAL_PCD_Start
                0x080008d8       0x30 Drivers/STM32F1xx_HAL_Driver/Src/stm32f1xx_hal_pcd.o
                0x080008d8                HAL_PCD_Start
 .text.HAL_PCD_SetAddress
                0x08000908       0x28 Drivers/STM32F1xx_HAL_Driver/Src/stm32f1xx_hal_pcd.o
                0x08000908                HAL_PCD_SetAddress
 .text.HAL_PCD_EP_Open
                0x08000930       0x54 Drivers/STM32F1xx_HAL_Driver/Src/stm32f1xx_hal_pcd.o
                0x08000930                HAL_PCD_EP_Open
 .text.HAL_PCD_EP_Close
                0x08000984       0x50 Drivers/STM32F1xx_HAL_Driver/Src/stm32f1xx_hal_pcd.o
                0x08000984                HAL_PCD_EP_Close
 .text.HAL_PCD_EP_Receive
                0x080009d4       0x58 Drivers/STM32F1xx_HAL_Driver/Src/stm32f1xx_hal_pcd.o
                0x080009d4                HAL_PCD_EP_Receive
 .text.HAL_PCD_EP_GetRxCount
                0x08000a2c       0x10 Drivers/STM32F1xx_HAL_Driver/Src/stm32f1xx_hal_pcd.o
                0x08000a2c                HAL_PCD_EP_GetRxCount
 .text.HAL_PCD_EP_Transmit
                0x08000a3c       0x54 Drivers/STM32F1xx_HAL_Driver/Src/stm32f1xx_hal_pcd.o
                0x08000a3c                HAL_PCD_EP_Transmit
 .text.PCD_EP_ISR_Handler
                0x08000a90      0x45c Drivers/STM32F1xx_HAL_Driver/Src/stm32f1xx_hal_pcd.o
 .text.HAL_PCD_IRQHandler
                0x08000eec      0x154 Drivers/STM32F1xx_HAL_Driver/Src/stm32f1xx_hal_pcd.o
                0x08000eec                HAL_PCD_IRQHandler
 .text.HAL_PCD_EP_SetStall
                0x08001040       0x5c Drivers/STM32F1xx_HAL_Driver/Src/stm32f1xx_hal_pcd.o
                0x08001040                HAL_PCD_EP_SetStall
 .text.HAL_PCD_EP_ClrStall
                0x0800109c       0x50 Drivers/STM32F1xx_HAL_Driver/Src/stm32f1xx_hal_pcd.o
                0x0800109c                HAL_PCD_EP_ClrStall
 .text.HAL_PCDEx_PMAConfig
                0x080010ec       0x38 Drivers/STM32F1xx_HAL_Driver/Src/stm32f1xx_hal_pcd_ex.o
                0x080010ec                HAL_PCDEx_PMAConfig
 .text.HAL_PWR_EnableBkUpAccess
                0x08001124       0x1c Drivers/STM32F1xx_HAL_Driver/Src/stm32f1xx_hal_pwr.o
                0x08001124                HAL_PWR_EnableBkUpAccess
 .text.HAL_RCC_OscConfig
                0x08001140      0x5ec Drivers/STM32F1xx_HAL_Driver/Src/stm32f1xx_hal_rcc.o
                0x08001140                HAL_RCC_OscConfig
 .text.HAL_RCC_GetSysClockFreq
                0x0800172c       0x94 Drivers/STM32F1xx_HAL_Driver/Src/stm32f1xx_hal_rcc.o
                0x0800172c                HAL_RCC_GetSysClockFreq
 .text.HAL_RCC_ClockConfig
                0x080017c0      0x1e4 Drivers/STM32F1xx_HAL_Driver/Src/stm32f1xx_hal_rcc.o
                0x080017c0                HAL_RCC_ClockConfig
 .text.HAL_RCC_GetHCLKFreq
                0x080019a4        0xc Drivers/STM32F1xx_HAL_Driver/Src/stm32f1xx_hal_rcc.o
                0x080019a4                HAL_RCC_GetHCLKFreq
 .text.HAL_RCC_GetPCLK2Freq
                0x080019b0       0x30 Drivers/STM32F1xx_HAL_Driver/Src/stm32f1xx_hal_rcc.o
                0x080019b0                HAL_RCC_GetPCLK2Freq
 .text.HAL_RCCEx_PeriphCLKConfig
                0x080019e0      0x138 Drivers/STM32F1xx_HAL_Driver/Src/stm32f1xx_hal_rcc_ex.o
                0x080019e0                HAL_RCCEx_PeriphCLKConfig
 .text.HAL_RCCEx_GetPeriphCLKFreq
                0x08001b18      0x138 Drivers/STM32F1xx_HAL_Driver/Src/stm32f1xx_hal_rcc_ex.o
                0x08001b18                HAL_RCCEx_GetPeriphCLKFreq
 .text.RTC_ReadTimeCounter
                0x08001c50       0x28 Drivers/STM32F1xx_HAL_Driver/Src/stm32f1xx_hal_rtc.o
 .text.RTC_ReadAlarmCounter
                0x08001c78       0x10 Drivers/STM32F1xx_HAL_Driver/Src/stm32f1xx_hal_rtc.o
 .text.RTC_Bcd2ToByte
                0x08001c88       0x14 Drivers/STM32F1xx_HAL_Driver/Src/stm32f1xx_hal_rtc.o
 .text.RTC_WeekDayNum
                0x08001c9c       0xa0 Drivers/STM32F1xx_HAL_Driver/Src/stm32f1xx_hal_rtc.o
 .text.RTC_EnterInitMode
                0x08001d3c       0x34 Drivers/STM32F1xx_HAL_Driver/Src/stm32f1xx_hal_rtc.o
 .text.RTC_ExitInitMode
                0x08001d70       0x34 Drivers/STM32F1xx_HAL_Driver/Src/stm32f1xx_hal_rtc.o
 .text.RTC_WriteTimeCounter
                0x08001da4       0x2c Drivers/STM32F1xx_HAL_Driver/Src/stm32f1xx_hal_rtc.o
 .text.RTC_WriteAlarmCounter
                0x08001dd0       0x2c Drivers/STM32F1xx_HAL_Driver/Src/stm32f1xx_hal_rtc.o
 .text.HAL_RTC_SetTime
                0x08001dfc       0xc0 Drivers/STM32F1xx_HAL_Driver/Src/stm32f1xx_hal_rtc.o
                0x08001dfc                HAL_RTC_SetTime
 .text.HAL_RTC_SetDate
                0x08001ebc       0xd8 Drivers/STM32F1xx_HAL_Driver/Src/stm32f1xx_hal_rtc.o
                0x08001ebc                HAL_RTC_SetDate
 .text.HAL_RTC_WaitForSynchro
                0x08001f94       0x3c Drivers/STM32F1xx_HAL_Driver/Src/stm32f1xx_hal_rtc.o
                0x08001f94                HAL_RTC_WaitForSynchro
 .text.HAL_RTC_Init
                0x08001fd0       0xc8 Drivers/STM32F1xx_HAL_Driver/Src/stm32f1xx_hal_rtc.o
                0x08001fd0                HAL_RTC_Init
 .text.HAL_RTCEx_BKUPWrite
                0x08002098       0x10 Drivers/STM32F1xx_HAL_Driver/Src/stm32f1xx_hal_rtc_ex.o
                0x08002098                HAL_RTCEx_BKUPWrite
 .text.HAL_RTCEx_BKUPRead
                0x080020a8       0x10 Drivers/STM32F1xx_HAL_Driver/Src/stm32f1xx_hal_rtc_ex.o
                0x080020a8                HAL_RTCEx_BKUPRead
 .text.TIM_OC1_SetConfig
                0x080020b8       0x58 Drivers/STM32F1xx_HAL_Driver/Src/stm32f1xx_hal_tim.o
 .text.TIM_OC3_SetConfig
                0x08002110       0x60 Drivers/STM32F1xx_HAL_Driver/Src/stm32f1xx_hal_tim.o
 .text.TIM_OC4_SetConfig
                0x08002170       0x48 Drivers/STM32F1xx_HAL_Driver/Src/stm32f1xx_hal_tim.o
 .text.TIM_TI1_ConfigInputStage
                0x080021b8       0x24 Drivers/STM32F1xx_HAL_Driver/Src/stm32f1xx_hal_tim.o
 .text.TIM_TI2_ConfigInputStage
                0x080021dc       0x28 Drivers/STM32F1xx_HAL_Driver/Src/stm32f1xx_hal_tim.o
 .text.TIM_ITRx_SetConfig
                0x08002204       0x10 Drivers/STM32F1xx_HAL_Driver/Src/stm32f1xx_hal_tim.o
 .text.TIM_ETR_SetConfig
                0x08002214       0x18 Drivers/STM32F1xx_HAL_Driver/Src/stm32f1xx_hal_tim.o
 .text.HAL_TIM_PWM_MspInit
                0x0800222c        0x4 Drivers/STM32F1xx_HAL_Driver/Src/stm32f1xx_hal_tim.o
                0x0800222c                HAL_TIM_PWM_MspInit
 .text.HAL_TIM_ConfigClockSource
                0x08002230      0x114 Drivers/STM32F1xx_HAL_Driver/Src/stm32f1xx_hal_tim.o
                0x08002230                HAL_TIM_ConfigClockSource
 .text.TIM_Base_SetConfig
                0x08002344       0x68 Drivers/STM32F1xx_HAL_Driver/Src/stm32f1xx_hal_tim.o
                0x08002344                TIM_Base_SetConfig
 .text.HAL_TIM_Base_Init
                0x080023ac       0x38 Drivers/STM32F1xx_HAL_Driver/Src/stm32f1xx_hal_tim.o
                0x080023ac                HAL_TIM_Base_Init
 .text.HAL_TIM_PWM_Init
                0x080023e4       0x38 Drivers/STM32F1xx_HAL_Driver/Src/stm32f1xx_hal_tim.o
                0x080023e4                HAL_TIM_PWM_Init
 .text.TIM_OC2_SetConfig
                0x0800241c       0x60 Drivers/STM32F1xx_HAL_Driver/Src/stm32f1xx_hal_tim.o
                0x0800241c                TIM_OC2_SetConfig
 .text.HAL_TIM_PWM_ConfigChannel
                0x0800247c       0xdc Drivers/STM32F1xx_HAL_Driver/Src/stm32f1xx_hal_tim.o
                0x0800247c                HAL_TIM_PWM_ConfigChannel
 .text.HAL_TIMEx_MasterConfigSynchronization
                0x08002558       0x54 Drivers/STM32F1xx_HAL_Driver/Src/stm32f1xx_hal_tim_ex.o
                0x08002558                HAL_TIMEx_MasterConfigSynchronization
 .text.USB_CoreInit
                0x080025ac       0x10 Drivers/STM32F1xx_HAL_Driver/Src/stm32f1xx_ll_usb.o
                0x080025ac                USB_CoreInit
 .text.USB_EnableGlobalInt
                0x080025bc       0x14 Drivers/STM32F1xx_HAL_Driver/Src/stm32f1xx_ll_usb.o
                0x080025bc                USB_EnableGlobalInt
 .text.USB_DisableGlobalInt
                0x080025d0       0x14 Drivers/STM32F1xx_HAL_Driver/Src/stm32f1xx_ll_usb.o
                0x080025d0                USB_DisableGlobalInt
 .text.USB_SetCurrentMode
                0x080025e4        0x4 Drivers/STM32F1xx_HAL_Driver/Src/stm32f1xx_ll_usb.o
                0x080025e4                USB_SetCurrentMode
 .text.USB_DevInit
                0x080025e8       0x28 Drivers/STM32F1xx_HAL_Driver/Src/stm32f1xx_ll_usb.o
                0x080025e8                USB_DevInit
 .text.USB_ActivateEndpoint
                0x08002610      0x33c Drivers/STM32F1xx_HAL_Driver/Src/stm32f1xx_ll_usb.o
                0x08002610                USB_ActivateEndpoint
 .text.USB_DeactivateEndpoint
                0x0800294c      0x1d0 Drivers/STM32F1xx_HAL_Driver/Src/stm32f1xx_ll_usb.o
                0x0800294c                USB_DeactivateEndpoint
 .text.USB_EPSetStall
                0x08002b1c       0x70 Drivers/STM32F1xx_HAL_Driver/Src/stm32f1xx_ll_usb.o
                0x08002b1c                USB_EPSetStall
 .text.USB_EPClearStall
                0x08002b8c       0x98 Drivers/STM32F1xx_HAL_Driver/Src/stm32f1xx_ll_usb.o
                0x08002b8c                USB_EPClearStall
 .text.USB_SetDevAddress
                0x08002c24        0xc Drivers/STM32F1xx_HAL_Driver/Src/stm32f1xx_ll_usb.o
                0x08002c24                USB_SetDevAddress
 .text.USB_DevConnect
                0x08002c30        0x4 Drivers/STM32F1xx_HAL_Driver/Src/stm32f1xx_ll_usb.o
                0x08002c30                USB_DevConnect
 .text.USB_DevDisconnect
                0x08002c34        0x4 Drivers/STM32F1xx_HAL_Driver/Src/stm32f1xx_ll_usb.o
                0x08002c34                USB_DevDisconnect
 .text.USB_ReadInterrupts
                0x08002c38        0x8 Drivers/STM32F1xx_HAL_Driver/Src/stm32f1xx_ll_usb.o
                0x08002c38                USB_ReadInterrupts
 .text.USB_EP0_OutStart
                0x08002c40        0x4 Drivers/STM32F1xx_HAL_Driver/Src/stm32f1xx_ll_usb.o
                0x08002c40                USB_EP0_OutStart
 .text.USB_WritePMA
                0x08002c44       0x28 Drivers/STM32F1xx_HAL_Driver/Src/stm32f1xx_ll_usb.o
                0x08002c44                USB_WritePMA
 .text.USB_EPStartXfer
                0x08002c6c      0x2e8 Drivers/STM32F1xx_HAL_Driver/Src/stm32f1xx_ll_usb.o
                0x08002c6c                USB_EPStartXfer
 .text.USB_ReadPMA
                0x08002f54       0x20 Drivers/STM32F1xx_HAL_Driver/Src/stm32f1xx_ll_usb.o
                0x08002f54                USB_ReadPMA
 .text.USBD_CDC_DataIn
                0x08002f74       0x14 Middlewares/ST/STM32_USB_Device_Library/Class/CDC/Src/usbd_cdc.o
 .text.USBD_CDC_EP0_RxReady
                0x08002f88       0x28 Middlewares/ST/STM32_USB_Device_Library/Class/CDC/Src/usbd_cdc.o
 .text.USBD_CDC_GetFSCfgDesc
                0x08002fb0        0xc Middlewares/ST/STM32_USB_Device_Library/Class/CDC/Src/usbd_cdc.o
 .text.USBD_CDC_GetHSCfgDesc
                0x08002fbc        0xc Middlewares/ST/STM32_USB_Device_Library/Class/CDC/Src/usbd_cdc.o
 .text.USBD_CDC_GetOtherSpeedCfgDesc
                0x08002fc8        0xc Middlewares/ST/STM32_USB_Device_Library/Class/CDC/Src/usbd_cdc.o
 .text.USBD_CDC_GetDeviceQualifierDescriptor
                0x08002fd4        0xc Middlewares/ST/STM32_USB_Device_Library/Class/CDC/Src/usbd_cdc.o
                0x08002fd4                USBD_CDC_GetDeviceQualifierDescriptor
 .text.USBD_CDC_DataOut
                0x08002fe0       0x30 Middlewares/ST/STM32_USB_Device_Library/Class/CDC/Src/usbd_cdc.o
 .text.USBD_CDC_Setup
                0x08003010       0x74 Middlewares/ST/STM32_USB_Device_Library/Class/CDC/Src/usbd_cdc.o
 .text.USBD_CDC_DeInit
                0x08003084       0x3c Middlewares/ST/STM32_USB_Device_Library/Class/CDC/Src/usbd_cdc.o
 .text.USBD_CDC_Init
                0x080030c0       0x98 Middlewares/ST/STM32_USB_Device_Library/Class/CDC/Src/usbd_cdc.o
 .text.USBD_CDC_RegisterInterface
                0x08003158       0x10 Middlewares/ST/STM32_USB_Device_Library/Class/CDC/Src/usbd_cdc.o
                0x08003158                USBD_CDC_RegisterInterface
 .text.USBD_CDC_SetTxBuffer
                0x08003168       0x10 Middlewares/ST/STM32_USB_Device_Library/Class/CDC/Src/usbd_cdc.o
                0x08003168                USBD_CDC_SetTxBuffer
 .text.USBD_CDC_SetRxBuffer
                0x08003178        0xc Middlewares/ST/STM32_USB_Device_Library/Class/CDC/Src/usbd_cdc.o
                0x08003178                USBD_CDC_SetRxBuffer
 .text.USBD_CDC_ReceivePacket
                0x08003184       0x34 Middlewares/ST/STM32_USB_Device_Library/Class/CDC/Src/usbd_cdc.o
                0x08003184                USBD_CDC_ReceivePacket
 .text.USBD_Init
                0x080031b8       0x30 Middlewares/ST/STM32_USB_Device_Library/Core/Src/usbd_core.o
                0x080031b8                USBD_Init
 .text.USBD_RegisterClass
                0x080031e8       0x10 Middlewares/ST/STM32_USB_Device_Library/Core/Src/usbd_core.o
                0x080031e8                USBD_RegisterClass
 .text.USBD_Start
                0x080031f8        0xc Middlewares/ST/STM32_USB_Device_Library/Core/Src/usbd_core.o
                0x080031f8                USBD_Start
 .text.USBD_SetClassConfig
                0x08003204       0x1c Middlewares/ST/STM32_USB_Device_Library/Core/Src/usbd_core.o
                0x08003204                USBD_SetClassConfig
 .text.USBD_ClrClassConfig
                0x08003220       0x10 Middlewares/ST/STM32_USB_Device_Library/Core/Src/usbd_core.o
                0x08003220                USBD_ClrClassConfig
 .text.USBD_LL_SetupStage
                0x08003230       0x5c Middlewares/ST/STM32_USB_Device_Library/Core/Src/usbd_core.o
                0x08003230                USBD_LL_SetupStage
 .text.USBD_LL_DataOutStage
                0x0800328c       0x68 Middlewares/ST/STM32_USB_Device_Library/Core/Src/usbd_core.o
                0x0800328c                USBD_LL_DataOutStage
 .text.USBD_LL_DataInStage
                0x080032f4       0xac Middlewares/ST/STM32_USB_Device_Library/Core/Src/usbd_core.o
                0x080032f4                USBD_LL_DataInStage
 .text.USBD_LL_Reset
                0x080033a0       0x40 Middlewares/ST/STM32_USB_Device_Library/Core/Src/usbd_core.o
                0x080033a0                USBD_LL_Reset
 .text.USBD_LL_SetSpeed
                0x080033e0        0x8 Middlewares/ST/STM32_USB_Device_Library/Core/Src/usbd_core.o
                0x080033e0                USBD_LL_SetSpeed
 .text.USBD_LL_Suspend
                0x080033e8       0x14 Middlewares/ST/STM32_USB_Device_Library/Core/Src/usbd_core.o
                0x080033e8                USBD_LL_Suspend
 .text.USBD_LL_Resume
                0x080033fc        0xc Middlewares/ST/STM32_USB_Device_Library/Core/Src/usbd_core.o
                0x080033fc                USBD_LL_Resume
 .text.USBD_LL_SOF
                0x08003408       0x18 Middlewares/ST/STM32_USB_Device_Library/Core/Src/usbd_core.o
                0x08003408                USBD_LL_SOF
 .text.USBD_GetLen
                0x08003420       0x14 Middlewares/ST/STM32_USB_Device_Library/Core/Src/usbd_ctlreq.o
 .text.USBD_SetFeature
                0x08003434       0x20 Middlewares/ST/STM32_USB_Device_Library/Core/Src/usbd_ctlreq.o
 .text.USBD_ParseSetupRequest
                0x08003454       0x28 Middlewares/ST/STM32_USB_Device_Library/Core/Src/usbd_ctlreq.o
                0x08003454                USBD_ParseSetupRequest
 .text.USBD_CtlError
                0x0800347c       0x14 Middlewares/ST/STM32_USB_Device_Library/Core/Src/usbd_ctlreq.o
                0x0800347c                USBD_CtlError
 .text.USBD_GetDescriptor
                0x08003490      0x130 Middlewares/ST/STM32_USB_Device_Library/Core/Src/usbd_ctlreq.o
 .text.USBD_SetAddress
                0x080035c0       0x4c Middlewares/ST/STM32_USB_Device_Library/Core/Src/usbd_ctlreq.o
 .text.USBD_SetConfig
                0x0800360c       0xa8 Middlewares/ST/STM32_USB_Device_Library/Core/Src/usbd_ctlreq.o
 .text.USBD_GetConfig
                0x080036b4       0x3c Middlewares/ST/STM32_USB_Device_Library/Core/Src/usbd_ctlreq.o
 .text.USBD_GetStatus
                0x080036f0       0x2c Middlewares/ST/STM32_USB_Device_Library/Core/Src/usbd_ctlreq.o
 .text.USBD_ClrFeature
                0x0800371c       0x30 Middlewares/ST/STM32_USB_Device_Library/Core/Src/usbd_ctlreq.o
 .text.USBD_StdDevReq
                0x0800374c       0x48 Middlewares/ST/STM32_USB_Device_Library/Core/Src/usbd_ctlreq.o
                0x0800374c                USBD_StdDevReq
 .text.USBD_StdItfReq
                0x08003794       0x38 Middlewares/ST/STM32_USB_Device_Library/Core/Src/usbd_ctlreq.o
                0x08003794                USBD_StdItfReq
 .text.USBD_StdEPReq
                0x080037cc      0x11c Middlewares/ST/STM32_USB_Device_Library/Core/Src/usbd_ctlreq.o
                0x080037cc                USBD_StdEPReq
 .text.USBD_GetString
                0x080038e8       0x3c Middlewares/ST/STM32_USB_Device_Library/Core/Src/usbd_ctlreq.o
                0x080038e8                USBD_GetString
 .text.USBD_CtlSendData
                0x08003924       0x1c Middlewares/ST/STM32_USB_Device_Library/Core/Src/usbd_ioreq.o
                0x08003924                USBD_CtlSendData
 .text.USBD_CtlContinueSendData
                0x08003940       0x10 Middlewares/ST/STM32_USB_Device_Library/Core/Src/usbd_ioreq.o
                0x08003940                USBD_CtlContinueSendData
 .text.USBD_CtlPrepareRx
                0x08003950       0x20 Middlewares/ST/STM32_USB_Device_Library/Core/Src/usbd_ioreq.o
                0x08003950                USBD_CtlPrepareRx
 .text.USBD_CtlContinueRx
                0x08003970       0x10 Middlewares/ST/STM32_USB_Device_Library/Core/Src/usbd_ioreq.o
                0x08003970                USBD_CtlContinueRx
 .text.USBD_CtlSendStatus
                0x08003980       0x18 Middlewares/ST/STM32_USB_Device_Library/Core/Src/usbd_ioreq.o
                0x08003980                USBD_CtlSendStatus
 .text.USBD_CtlReceiveStatus
                0x08003998       0x18 Middlewares/ST/STM32_USB_Device_Library/Core/Src/usbd_ioreq.o
                0x08003998                USBD_CtlReceiveStatus
 .text.makeFreeRtosPriority
                0x080039b0        0xc Middlewares/Third_Party/FreeRTOS/Source/CMSIS_RTOS/cmsis_os.o
 .text.osKernelStart
                0x080039bc        0xc Middlewares/Third_Party/FreeRTOS/Source/CMSIS_RTOS/cmsis_os.o
                0x080039bc                osKernelStart
 .text.osThreadCreate
                0x080039c8       0x3c Middlewares/Third_Party/FreeRTOS/Source/CMSIS_RTOS/cmsis_os.o
                0x080039c8                osThreadCreate
 .text.osDelay  0x08003a04       0x10 Middlewares/Third_Party/FreeRTOS/Source/CMSIS_RTOS/cmsis_os.o
                0x08003a04                osDelay
 .text.osMessageCreate
                0x08003a14       0x10 Middlewares/Third_Party/FreeRTOS/Source/CMSIS_RTOS/cmsis_os.o
                0x08003a14                osMessageCreate
 .text.osSystickHandler
                0x08003a24       0x10 Middlewares/Third_Party/FreeRTOS/Source/CMSIS_RTOS/cmsis_os.o
                0x08003a24                osSystickHandler
 .text.vListInitialise
                0x08003a34       0x18 Middlewares/Third_Party/FreeRTOS/Source/list.o
                0x08003a34                vListInitialise
 .text.vListInitialiseItem
                0x08003a4c        0x8 Middlewares/Third_Party/FreeRTOS/Source/list.o
                0x08003a4c                vListInitialiseItem
 .text.vListInsertEnd
                0x08003a54       0x18 Middlewares/Third_Party/FreeRTOS/Source/list.o
                0x08003a54                vListInsertEnd
 .text.vListInsert
                0x08003a6c       0x34 Middlewares/Third_Party/FreeRTOS/Source/list.o
                0x08003a6c                vListInsert
 .text.uxListRemove
                0x08003aa0       0x24 Middlewares/Third_Party/FreeRTOS/Source/list.o
                0x08003aa0                uxListRemove
 .text.xQueueGenericReset
                0x08003ac4       0x64 Middlewares/Third_Party/FreeRTOS/Source/queue.o
                0x08003ac4                xQueueGenericReset
 .text.xQueueGenericCreate
                0x08003b28       0x50 Middlewares/Third_Party/FreeRTOS/Source/queue.o
                0x08003b28                xQueueGenericCreate
 .text.prvResetNextTaskUnblockTime
                0x08003b78       0x2c Middlewares/Third_Party/FreeRTOS/Source/tasks.o
 .text.prvIdleTask
                0x08003ba4       0x14 Middlewares/Third_Party/FreeRTOS/Source/tasks.o
 .text.prvAllocateTCBAndStack
                0x08003bb8       0x3c Middlewares/Third_Party/FreeRTOS/Source/tasks.o
 .text.prvInitialiseTCBVariables
                0x08003bf4       0x50 Middlewares/Third_Party/FreeRTOS/Source/tasks.o
 .text.prvInitialiseTaskLists
                0x08003c44       0x50 Middlewares/Third_Party/FreeRTOS/Source/tasks.o
 .text.prvAddCurrentTaskToDelayedList
                0x08003c94       0x44 Middlewares/Third_Party/FreeRTOS/Source/tasks.o
 .text.xTaskGenericCreate
                0x08003cd8      0x110 Middlewares/Third_Party/FreeRTOS/Source/tasks.o
                0x08003cd8                xTaskGenericCreate
 .text.vTaskStartScheduler
                0x08003de8       0x54 Middlewares/Third_Party/FreeRTOS/Source/tasks.o
                0x08003de8                vTaskStartScheduler
 .text.vTaskSuspendAll
                0x08003e3c       0x14 Middlewares/Third_Party/FreeRTOS/Source/tasks.o
                0x08003e3c                vTaskSuspendAll
 .text.xTaskIncrementTick
                0x08003e50      0x110 Middlewares/Third_Party/FreeRTOS/Source/tasks.o
                0x08003e50                xTaskIncrementTick
 .text.xTaskResumeAll
                0x08003f60       0xdc Middlewares/Third_Party/FreeRTOS/Source/tasks.o
                0x08003f60                xTaskResumeAll
 .text.vTaskDelay
                0x0800403c       0x60 Middlewares/Third_Party/FreeRTOS/Source/tasks.o
                0x0800403c                vTaskDelay
 .text.vTaskSwitchContext
                0x0800409c       0x80 Middlewares/Third_Party/FreeRTOS/Source/tasks.o
                0x0800409c                vTaskSwitchContext
 .text.xTaskRemoveFromEventList
                0x0800411c       0x7c Middlewares/Third_Party/FreeRTOS/Source/tasks.o
                0x0800411c                xTaskRemoveFromEventList
 .text.xTaskGetSchedulerState
                0x08004198       0x20 Middlewares/Third_Party/FreeRTOS/Source/tasks.o
                0x08004198                xTaskGetSchedulerState
 .text.prvPortStartFirstTask
                0x080041b8       0x20 Middlewares/Third_Party/FreeRTOS/Source/portable/GCC/ARM_CM3/port.o
 .text.pxPortInitialiseStack
                0x080041d8       0x20 Middlewares/Third_Party/FreeRTOS/Source/portable/GCC/ARM_CM3/port.o
                0x080041d8                pxPortInitialiseStack
 .text.SVC_Handler
                0x080041f8       0x24 Middlewares/Third_Party/FreeRTOS/Source/portable/GCC/ARM_CM3/port.o
                0x080041f8                SVC_Handler
 .text.vPortYield
                0x0800421c       0x18 Middlewares/Third_Party/FreeRTOS/Source/portable/GCC/ARM_CM3/port.o
                0x0800421c                vPortYield
 .text.ulPortSetInterruptMask
                0x08004234       0x10 Middlewares/Third_Party/FreeRTOS/Source/portable/GCC/ARM_CM3/port.o
                0x08004234                ulPortSetInterruptMask
 .text.prvTaskExitError
                0x08004244       0x1c Middlewares/Third_Party/FreeRTOS/Source/portable/GCC/ARM_CM3/port.o
 .text.vPortEnterCritical
                0x08004260       0x34 Middlewares/Third_Party/FreeRTOS/Source/portable/GCC/ARM_CM3/port.o
                0x08004260                vPortEnterCritical
 .text.vPortClearInterruptMask
                0x08004294        0x8 Middlewares/Third_Party/FreeRTOS/Source/portable/GCC/ARM_CM3/port.o
                0x08004294                vPortClearInterruptMask
 .text.vPortExitCritical
                0x0800429c       0x24 Middlewares/Third_Party/FreeRTOS/Source/portable/GCC/ARM_CM3/port.o
                0x0800429c                vPortExitCritical
 .text.PendSV_Handler
                0x080042c0       0x44 Middlewares/Third_Party/FreeRTOS/Source/portable/GCC/ARM_CM3/port.o
                0x080042c0                PendSV_Handler
 .text.xPortSysTickHandler
                0x08004304       0x20 Middlewares/Third_Party/FreeRTOS/Source/portable/GCC/ARM_CM3/port.o
                0x08004304                xPortSysTickHandler
 .text.vPortSetupTimerInterrupt
                0x08004324       0x2c Middlewares/Third_Party/FreeRTOS/Source/portable/GCC/ARM_CM3/port.o
                0x08004324                vPortSetupTimerInterrupt
 .text.xPortStartScheduler
                0x08004350       0x90 Middlewares/Third_Party/FreeRTOS/Source/portable/GCC/ARM_CM3/port.o
                0x08004350                xPortStartScheduler
 .text.pvPortMalloc
                0x080043e0       0x60 Middlewares/Third_Party/FreeRTOS/Source/portable/MemMang/heap_1.o
                0x080043e0                pvPortMalloc
 .text.vPortFree
                0x08004440        0xc Middlewares/Third_Party/FreeRTOS/Source/portable/MemMang/heap_1.o
                0x08004440                vPortFree
 .text.MX_GPIO_Init
                0x0800444c       0x94 Src/main.o
 .text.StartDefaultTask
                0x080044e0       0x20 Src/main.o
                0x080044e0                StartDefaultTask
 .text.UsbRead  0x08004500        0xc Src/main.o
                0x08004500                UsbRead
 .text.UsbWrite
                0x0800450c        0xc Src/main.o
                0x0800450c                UsbWrite
 .text.LedFlash
                0x08004518       0x1c Src/main.o
                0x08004518                LedFlash
 .text.Error_Handler
                0x08004534        0x4 Src/main.o
                0x08004534                Error_Handler
 .text.MX_ADC1_Init
                0x08004538       0x6c Src/main.o
 .text.MX_RTC_Init
                0x080045a4       0x8c Src/main.o
 .text.MX_TIM2_Init
                0x08004630       0xa8 Src/main.o
 .text.SystemClock_Config
                0x080046d8       0x9c Src/main.o
                0x080046d8                SystemClock_Config
 .text.main     0x08004774       0xd4 Src/main.o
                0x08004774                main
 .text.HAL_MspInit
                0x08004848       0x90 Src/stm32f1xx_hal_msp.o
                0x08004848                HAL_MspInit
 .text.HAL_ADC_MspInit
                0x080048d8       0x28 Src/stm32f1xx_hal_msp.o
                0x080048d8                HAL_ADC_MspInit
 .text.HAL_RTC_MspInit
                0x08004900       0x4c Src/stm32f1xx_hal_msp.o
                0x08004900                HAL_RTC_MspInit
 .text.HAL_TIM_Base_MspInit
                0x0800494c       0x24 Src/stm32f1xx_hal_msp.o
                0x0800494c                HAL_TIM_Base_MspInit
 .text.HAL_TIM_MspPostInit
                0x08004970       0x2c Src/stm32f1xx_hal_msp.o
                0x08004970                HAL_TIM_MspPostInit
 .text.NMI_Handler
                0x0800499c        0x4 Src/stm32f1xx_it.o
                0x0800499c                NMI_Handler
 .text.HardFault_Handler
                0x080049a0        0x4 Src/stm32f1xx_it.o
                0x080049a0                HardFault_Handler
 .text.MemManage_Handler
                0x080049a4        0x4 Src/stm32f1xx_it.o
                0x080049a4                MemManage_Handler
 .text.BusFault_Handler
                0x080049a8        0x4 Src/stm32f1xx_it.o
                0x080049a8                BusFault_Handler
 .text.UsageFault_Handler
                0x080049ac        0x4 Src/stm32f1xx_it.o
                0x080049ac                UsageFault_Handler
 .text.DebugMon_Handler
                0x080049b0        0x4 Src/stm32f1xx_it.o
                0x080049b0                DebugMon_Handler
 .text.SysTick_Handler
                0x080049b4        0xc Src/stm32f1xx_it.o
                0x080049b4                SysTick_Handler
 .text.USB_LP_CAN1_RX0_IRQHandler
                0x080049c0       0x10 Src/stm32f1xx_it.o
                0x080049c0                USB_LP_CAN1_RX0_IRQHandler
 .text.SystemInit
                0x080049d0       0x4c Src/system_stm32f1xx.o
                0x080049d0                SystemInit
 .text.MX_USB_DEVICE_Init
                0x08004a1c       0x38 Src/usb_device.o
                0x08004a1c                MX_USB_DEVICE_Init
 .text.CDC_DeInit_FS
                0x08004a54        0x4 Src/usbd_cdc_if.o
 .text.CDC_Control_FS
                0x08004a58        0x4 Src/usbd_cdc_if.o
 .text.CDC_Receive_FS
                0x08004a5c       0x1c Src/usbd_cdc_if.o
 .text.CDC_Init_FS
                0x08004a78       0x28 Src/usbd_cdc_if.o
 .text.HAL_PCD_MspInit
                0x08004aa0       0x40 Src/usbd_conf.o
                0x08004aa0                HAL_PCD_MspInit
 .text.HAL_PCD_SetupStageCallback
                0x08004ae0       0x10 Src/usbd_conf.o
                0x08004ae0                HAL_PCD_SetupStageCallback
 .text.HAL_PCD_DataOutStageCallback
                0x08004af0       0x14 Src/usbd_conf.o
                0x08004af0                HAL_PCD_DataOutStageCallback
 .text.HAL_PCD_DataInStageCallback
                0x08004b04       0x14 Src/usbd_conf.o
                0x08004b04                HAL_PCD_DataInStageCallback
 .text.HAL_PCD_SOFCallback
                0x08004b18        0xc Src/usbd_conf.o
                0x08004b18                HAL_PCD_SOFCallback
 .text.HAL_PCD_ResetCallback
                0x08004b24       0x18 Src/usbd_conf.o
                0x08004b24                HAL_PCD_ResetCallback
 .text.HAL_PCD_SuspendCallback
                0x08004b3c       0x20 Src/usbd_conf.o
                0x08004b3c                HAL_PCD_SuspendCallback
 .text.HAL_PCD_ResumeCallback
                0x08004b5c        0xc Src/usbd_conf.o
                0x08004b5c                HAL_PCD_ResumeCallback
 .text.USBD_LL_Init
                0x08004b68       0x84 Src/usbd_conf.o
                0x08004b68                USBD_LL_Init
 .text.USBD_LL_Start
                0x08004bec       0x20 Src/usbd_conf.o
                0x08004bec                USBD_LL_Start
 .text.USBD_LL_OpenEP
                0x08004c0c       0x24 Src/usbd_conf.o
                0x08004c0c                USBD_LL_OpenEP
 .text.USBD_LL_CloseEP
                0x08004c30       0x20 Src/usbd_conf.o
                0x08004c30                USBD_LL_CloseEP
 .text.USBD_LL_StallEP
                0x08004c50       0x20 Src/usbd_conf.o
                0x08004c50                USBD_LL_StallEP
 .text.USBD_LL_ClearStallEP
                0x08004c70       0x20 Src/usbd_conf.o
                0x08004c70                USBD_LL_ClearStallEP
 .text.USBD_LL_IsStallEP
                0x08004c90       0x28 Src/usbd_conf.o
                0x08004c90                USBD_LL_IsStallEP
 .text.USBD_LL_SetUSBAddress
                0x08004cb8       0x20 Src/usbd_conf.o
                0x08004cb8                USBD_LL_SetUSBAddress
 .text.USBD_LL_Transmit
                0x08004cd8       0x20 Src/usbd_conf.o
                0x08004cd8                USBD_LL_Transmit
 .text.USBD_LL_PrepareReceive
                0x08004cf8       0x20 Src/usbd_conf.o
                0x08004cf8                USBD_LL_PrepareReceive
 .text.USBD_LL_GetRxDataSize
                0x08004d18        0xc Src/usbd_conf.o
                0x08004d18                USBD_LL_GetRxDataSize
 .text.USBD_static_malloc
                0x08004d24        0x8 Src/usbd_conf.o
                0x08004d24                USBD_static_malloc
 .text.USBD_static_free
                0x08004d2c        0x4 Src/usbd_conf.o
                0x08004d2c                USBD_static_free
 .text.HAL_PCDEx_SetConnectionState
                0x08004d30        0x4 Src/usbd_conf.o
                0x08004d30                HAL_PCDEx_SetConnectionState
 .text.USBD_FS_DeviceDescriptor
                0x08004d34        0xc Src/usbd_desc.o
                0x08004d34                USBD_FS_DeviceDescriptor
 .text.USBD_FS_LangIDStrDescriptor
                0x08004d40        0xc Src/usbd_desc.o
                0x08004d40                USBD_FS_LangIDStrDescriptor
 .text.USBD_FS_ProductStrDescriptor
                0x08004d4c       0x24 Src/usbd_desc.o
                0x08004d4c                USBD_FS_ProductStrDescriptor
 .text.USBD_FS_ManufacturerStrDescriptor
                0x08004d70       0x1c Src/usbd_desc.o
                0x08004d70                USBD_FS_ManufacturerStrDescriptor
 .text.USBD_FS_SerialStrDescriptor
                0x08004d8c       0x24 Src/usbd_desc.o
                0x08004d8c                USBD_FS_SerialStrDescriptor
 .text.USBD_FS_ConfigStrDescriptor
                0x08004db0       0x24 Src/usbd_desc.o
                0x08004db0                USBD_FS_ConfigStrDescriptor
 .text.USBD_FS_InterfaceStrDescriptor
                0x08004dd4       0x24 Src/usbd_desc.o
                0x08004dd4                USBD_FS_InterfaceStrDescriptor
 .text.Reset_Handler
                0x08004df8       0x48 startup/startup_stm32f103xb.o
                0x08004df8                Reset_Handler
 .text.Default_Handler
                0x08004e40        0x2 startup/startup_stm32f103xb.o
                0x08004e40                RTC_Alarm_IRQHandler
                0x08004e40                EXTI2_IRQHandler
                0x08004e40                TIM1_CC_IRQHandler
                0x08004e40                PVD_IRQHandler
                0x08004e40                EXTI3_IRQHandler
                0x08004e40                EXTI0_IRQHandler
                0x08004e40                I2C2_EV_IRQHandler
                0x08004e40                ADC1_2_IRQHandler
                0x08004e40                SPI1_IRQHandler
                0x08004e40                TAMPER_IRQHandler
                0x08004e40                DMA1_Channel4_IRQHandler
                0x08004e40                USART3_IRQHandler
                0x08004e40                RTC_IRQHandler
                0x08004e40                DMA1_Channel7_IRQHandler
                0x08004e40                CAN1_RX1_IRQHandler
                0x08004e40                TIM4_IRQHandler
                0x08004e40                I2C1_EV_IRQHandler
                0x08004e40                DMA1_Channel6_IRQHandler
                0x08004e40                TIM3_IRQHandler
                0x08004e40                RCC_IRQHandler
                0x08004e40                TIM1_TRG_COM_IRQHandler
                0x08004e40                DMA1_Channel1_IRQHandler
                0x08004e40                Default_Handler
                0x08004e40                EXTI15_10_IRQHandler
                0x08004e40                EXTI9_5_IRQHandler
                0x08004e40                SPI2_IRQHandler
                0x08004e40                DMA1_Channel5_IRQHandler
                0x08004e40                EXTI4_IRQHandler
                0x08004e40                USB_HP_CAN1_TX_IRQHandler
                0x08004e40                DMA1_Channel3_IRQHandler
                0x08004e40                TIM1_UP_IRQHandler
                0x08004e40                WWDG_IRQHandler
                0x08004e40                TIM2_IRQHandler
                0x08004e40                TIM1_BRK_IRQHandler
                0x08004e40                EXTI1_IRQHandler
                0x08004e40                USART2_IRQHandler
                0x08004e40                I2C2_ER_IRQHandler
                0x08004e40                DMA1_Channel2_IRQHandler
                0x08004e40                CAN1_SCE_IRQHandler
                0x08004e40                FLASH_IRQHandler
                0x08004e40                USART1_IRQHandler
                0x08004e40                I2C1_ER_IRQHandler
                0x08004e40                USBWakeUp_IRQHandler
 *fill*         0x08004e42        0x2 
 .text.__libc_init_array
                0x08004e44       0x4c d:/program files/ac6/systemworkbench/plugins/fr.ac6.mcu.externaltools.arm-none.win32_1.13.2.201703061525/tools/compiler/bin/../lib/gcc/arm-none-eabi/5.4.1/../../../../arm-none-eabi/lib/armv7-m\libc_nano.a(lib_a-init.o)
                0x08004e44                __libc_init_array
 .text.memset   0x08004e90       0x10 d:/program files/ac6/systemworkbench/plugins/fr.ac6.mcu.externaltools.arm-none.win32_1.13.2.201703061525/tools/compiler/bin/../lib/gcc/arm-none-eabi/5.4.1/../../../../arm-none-eabi/lib/armv7-m\libc_nano.a(lib_a-memset.o)
                0x08004e90                memset
 *(.glue_7)
 .glue_7        0x08004ea0        0x0 linker stubs
 *(.glue_7t)
 .glue_7t       0x08004ea0        0x0 linker stubs
 *(.eh_frame)
 .eh_frame      0x08004ea0        0x0 d:/program files/ac6/systemworkbench/plugins/fr.ac6.mcu.externaltools.arm-none.win32_1.13.2.201703061525/tools/compiler/bin/../lib/gcc/arm-none-eabi/5.4.1/armv7-m/crtbegin.o
 *(.init)
 .init          0x08004ea0        0x4 d:/program files/ac6/systemworkbench/plugins/fr.ac6.mcu.externaltools.arm-none.win32_1.13.2.201703061525/tools/compiler/bin/../lib/gcc/arm-none-eabi/5.4.1/armv7-m/crti.o
                0x08004ea0                _init
 .init          0x08004ea4        0x8 d:/program files/ac6/systemworkbench/plugins/fr.ac6.mcu.externaltools.arm-none.win32_1.13.2.201703061525/tools/compiler/bin/../lib/gcc/arm-none-eabi/5.4.1/armv7-m/crtn.o
 *(.fini)
 .fini          0x08004eac        0x4 d:/program files/ac6/systemworkbench/plugins/fr.ac6.mcu.externaltools.arm-none.win32_1.13.2.201703061525/tools/compiler/bin/../lib/gcc/arm-none-eabi/5.4.1/armv7-m/crti.o
                0x08004eac                _fini
 .fini          0x08004eb0        0x8 d:/program files/ac6/systemworkbench/plugins/fr.ac6.mcu.externaltools.arm-none.win32_1.13.2.201703061525/tools/compiler/bin/../lib/gcc/arm-none-eabi/5.4.1/armv7-m/crtn.o
                0x08004eb8                . = ALIGN (0x4)
                0x08004eb8                _etext = .

.vfp11_veneer   0x08004eb8        0x0
 .vfp11_veneer  0x08004eb8        0x0 linker stubs

.v4_bx          0x08004eb8        0x0
 .v4_bx         0x08004eb8        0x0 linker stubs

.iplt           0x08004eb8        0x0
 .iplt          0x08004eb8        0x0 d:/program files/ac6/systemworkbench/plugins/fr.ac6.mcu.externaltools.arm-none.win32_1.13.2.201703061525/tools/compiler/bin/../lib/gcc/arm-none-eabi/5.4.1/armv7-m/crtbegin.o

.rodata         0x08004eb8      0x130
                0x08004eb8                . = ALIGN (0x4)
 *(.rodata)
 .rodata        0x08004eb8       0x12 Drivers/STM32F1xx_HAL_Driver/Src/stm32f1xx_hal_rcc.o
 *fill*         0x08004eca        0x2 
 .rodata        0x08004ecc       0x12 Drivers/STM32F1xx_HAL_Driver/Src/stm32f1xx_hal_rcc_ex.o
 *fill*         0x08004ede        0x2 
 .rodata        0x08004ee0       0x58 Src/main.o
 .rodata        0x08004f38       0x18 Src/system_stm32f1xx.o
                0x08004f38                AHBPrescTable
                0x08004f48                APBPrescTable
 *(.rodata*)
 .rodata.str1.4
                0x08004f50        0x5 Middlewares/Third_Party/FreeRTOS/Source/tasks.o
 *fill*         0x08004f55        0x3 
 .rodata.str1.4
                0x08004f58       0x38 Src/main.o
 .rodata.str1.4
                0x08004f90       0x58 Src/usbd_desc.o
                                 0x56 (size before relaxing)
                0x08004fe8                . = ALIGN (0x4)

.rel.dyn        0x08004fe8        0x0
 .rel.iplt      0x08004fe8        0x0 d:/program files/ac6/systemworkbench/plugins/fr.ac6.mcu.externaltools.arm-none.win32_1.13.2.201703061525/tools/compiler/bin/../lib/gcc/arm-none-eabi/5.4.1/armv7-m/crtbegin.o

.ARM.extab
 *(.ARM.extab* .gnu.linkonce.armextab.*)

.ARM            0x08004fe8        0x0
                0x08004fe8                __exidx_start = .
 *(.ARM.exidx*)
                0x08004fe8                __exidx_end = .

.preinit_array  0x08004fe8        0x0
                0x08004fe8                PROVIDE (__preinit_array_start, .)
 *(.preinit_array*)
                0x08004fe8                PROVIDE (__preinit_array_end, .)

.init_array     0x08004fe8        0x4
                0x08004fe8                PROVIDE (__init_array_start, .)
 *(SORT(.init_array.*))
 *(.init_array*)
 .init_array    0x08004fe8        0x4 d:/program files/ac6/systemworkbench/plugins/fr.ac6.mcu.externaltools.arm-none.win32_1.13.2.201703061525/tools/compiler/bin/../lib/gcc/arm-none-eabi/5.4.1/armv7-m/crtbegin.o
                0x08004fec                PROVIDE (__init_array_end, .)

.fini_array     0x08004fec        0x4
                [!provide]                PROVIDE (__fini_array_start, .)
 *(SORT(.fini_array.*))
 *(.fini_array*)
 .fini_array    0x08004fec        0x4 d:/program files/ac6/systemworkbench/plugins/fr.ac6.mcu.externaltools.arm-none.win32_1.13.2.201703061525/tools/compiler/bin/../lib/gcc/arm-none-eabi/5.4.1/armv7-m/crtbegin.o
                [!provide]                PROVIDE (__fini_array_end, .)
                0x08004ff0                _sidata = LOADADDR (.data)

.data           0x20000000      0x15c load address 0x08004ff0
                0x20000000                . = ALIGN (0x4)
                0x20000000                _sdata = .
 *(.data)
 .data          0x20000000      0x110 Middlewares/ST/STM32_USB_Device_Library/Class/CDC/Src/usbd_cdc.o
                0x20000000                USBD_CDC_CfgFSDesc
                0x20000044                USBD_CDC_CfgHSDesc
                0x20000088                USBD_CDC_OtherSpeedCfgDesc
                0x200000d8                USBD_CDC
 .data          0x20000110        0x4 Middlewares/Third_Party/FreeRTOS/Source/portable/GCC/ARM_CM3/port.o
 .data          0x20000114        0x4 Src/system_stm32f1xx.o
                0x20000114                SystemCoreClock
 .data          0x20000118       0x10 Src/usbd_cdc_if.o
                0x20000118                USBD_Interface_fops_FS
 .data          0x20000128       0x34 Src/usbd_desc.o
                0x20000128                USBD_FS_DeviceDesc
                0x2000013c                USBD_LangIDDesc
                0x20000140                FS_Desc
 *(.data*)
                0x2000015c                . = ALIGN (0x4)
                0x2000015c                _edata = .

.jcr            0x2000015c        0x0 load address 0x0800514c
 .jcr           0x2000015c        0x0 d:/program files/ac6/systemworkbench/plugins/fr.ac6.mcu.externaltools.arm-none.win32_1.13.2.201703061525/tools/compiler/bin/../lib/gcc/arm-none-eabi/5.4.1/armv7-m/crtbegin.o

.igot.plt       0x2000015c        0x0 load address 0x0800514c
 .igot.plt      0x2000015c        0x0 d:/program files/ac6/systemworkbench/plugins/fr.ac6.mcu.externaltools.arm-none.win32_1.13.2.201703061525/tools/compiler/bin/../lib/gcc/arm-none-eabi/5.4.1/armv7-m/crtbegin.o
                0x2000015c                . = ALIGN (0x4)

.bss            0x2000015c     0x2420 load address 0x0800514c
                0x2000015c                _sbss = .
                0x2000015c                __bss_start__ = _sbss
 *(.bss)
 .bss           0x2000015c       0x1c d:/program files/ac6/systemworkbench/plugins/fr.ac6.mcu.externaltools.arm-none.win32_1.13.2.201703061525/tools/compiler/bin/../lib/gcc/arm-none-eabi/5.4.1/armv7-m/crtbegin.o
 .bss           0x20000178        0x4 Drivers/STM32F1xx_HAL_Driver/Src/stm32f1xx_hal.o
 .bss           0x2000017c        0x1 Middlewares/ST/STM32_USB_Device_Library/Class/CDC/Src/usbd_cdc.o
 .bss           0x2000017d        0x1 Middlewares/ST/STM32_USB_Device_Library/Core/Src/usbd_ctlreq.o
 *fill*         0x2000017e        0x2 
 .bss           0x20000180       0xe8 Middlewares/Third_Party/FreeRTOS/Source/tasks.o
                0x20000240                pxCurrentTCB
 .bss           0x20000268        0x8 Middlewares/Third_Party/FreeRTOS/Source/portable/GCC/ARM_CM3/port.o
 .bss           0x20000270     0x1808 Middlewares/Third_Party/FreeRTOS/Source/portable/MemMang/heap_1.o
 .bss           0x20001a78      0x220 Src/usbd_conf.o
 *(.bss*)
 *(COMMON)
 COMMON         0x20001c98       0x98 Src/main.o
                0x20001c98                defaultTaskHandle
                0x20001c9c                TaskLedFlashHandle
                0x20001ca0                TaskUsbWriteHandle
                0x20001ca4                TaskUsbReadHandle
                0x20001ca8                hadc1
                0x20001cd8                hrtc
                0x20001cec                QueUsbReadHandle
                0x20001cf0                QueUsbWriteHandle
                0x20001cf4                htim2
 COMMON         0x20001d30      0x224 Src/usb_device.o
                0x20001d30                hUsbDeviceFS
 COMMON         0x20001f54        0x8 Src/usbd_cdc_if.o
                0x20001f54                UserRxBufferFS
                0x20001f58                UserTxBufferFS
 COMMON         0x20001f5c      0x420 Src/usbd_conf.o
                0x20001f5c                hpcd_USB_FS
 COMMON         0x2000237c      0x200 Src/usbd_desc.o
                0x2000237c                USBD_StrDesc
                0x2000257c                . = ALIGN (0x4)
                0x2000257c                _ebss = .
                0x2000257c                __bss_end__ = _ebss

._user_heap_stack
                0x2000257c      0x604 load address 0x0800514c
                0x20002580                . = ALIGN (0x8)
 *fill*         0x2000257c        0x4 
                [!provide]                PROVIDE (end, .)
                [!provide]                PROVIDE (_end, .)
                0x20002780                . = (. + _Min_Heap_Size)
 *fill*         0x20002580      0x200 
                0x20002b80                . = (. + _Min_Stack_Size)
 *fill*         0x20002780      0x400 
                0x20002b80                . = ALIGN (0x8)

/DISCARD/
 libc.a(*)
 libm.a(*)
 libgcc.a(*)

.ARM.attributes
                0x00000000       0x29
 *(.ARM.attributes)
 .ARM.attributes
                0x00000000       0x1d d:/program files/ac6/systemworkbench/plugins/fr.ac6.mcu.externaltools.arm-none.win32_1.13.2.201703061525/tools/compiler/bin/../lib/gcc/arm-none-eabi/5.4.1/armv7-m/crti.o
 .ARM.attributes
                0x0000001d       0x2d d:/program files/ac6/systemworkbench/plugins/fr.ac6.mcu.externaltools.arm-none.win32_1.13.2.201703061525/tools/compiler/bin/../lib/gcc/arm-none-eabi/5.4.1/armv7-m/crtbegin.o
 .ARM.attributes
                0x0000004a       0x33 Drivers/STM32F1xx_HAL_Driver/Src/stm32f1xx_hal.o
 .ARM.attributes
                0x0000007d       0x33 Drivers/STM32F1xx_HAL_Driver/Src/stm32f1xx_hal_adc.o
 .ARM.attributes
                0x000000b0       0x33 Drivers/STM32F1xx_HAL_Driver/Src/stm32f1xx_hal_cortex.o
 .ARM.attributes
                0x000000e3       0x33 Drivers/STM32F1xx_HAL_Driver/Src/stm32f1xx_hal_gpio.o
 .ARM.attributes
                0x00000116       0x33 Drivers/STM32F1xx_HAL_Driver/Src/stm32f1xx_hal_pcd.o
 .ARM.attributes
                0x00000149       0x33 Drivers/STM32F1xx_HAL_Driver/Src/stm32f1xx_hal_pcd_ex.o
 .ARM.attributes
                0x0000017c       0x33 Drivers/STM32F1xx_HAL_Driver/Src/stm32f1xx_hal_pwr.o
 .ARM.attributes
                0x000001af       0x33 Drivers/STM32F1xx_HAL_Driver/Src/stm32f1xx_hal_rcc.o
 .ARM.attributes
                0x000001e2       0x33 Drivers/STM32F1xx_HAL_Driver/Src/stm32f1xx_hal_rcc_ex.o
 .ARM.attributes
                0x00000215       0x33 Drivers/STM32F1xx_HAL_Driver/Src/stm32f1xx_hal_rtc.o
 .ARM.attributes
                0x00000248       0x33 Drivers/STM32F1xx_HAL_Driver/Src/stm32f1xx_hal_rtc_ex.o
 .ARM.attributes
                0x0000027b       0x33 Drivers/STM32F1xx_HAL_Driver/Src/stm32f1xx_hal_tim.o
 .ARM.attributes
                0x000002ae       0x33 Drivers/STM32F1xx_HAL_Driver/Src/stm32f1xx_hal_tim_ex.o
 .ARM.attributes
                0x000002e1       0x33 Drivers/STM32F1xx_HAL_Driver/Src/stm32f1xx_ll_usb.o
 .ARM.attributes
                0x00000314       0x33 Middlewares/ST/STM32_USB_Device_Library/Class/CDC/Src/usbd_cdc.o
 .ARM.attributes
                0x00000347       0x33 Middlewares/ST/STM32_USB_Device_Library/Core/Src/usbd_core.o
 .ARM.attributes
                0x0000037a       0x33 Middlewares/ST/STM32_USB_Device_Library/Core/Src/usbd_ctlreq.o
 .ARM.attributes
                0x000003ad       0x33 Middlewares/ST/STM32_USB_Device_Library/Core/Src/usbd_ioreq.o
 .ARM.attributes
                0x000003e0       0x33 Middlewares/Third_Party/FreeRTOS/Source/CMSIS_RTOS/cmsis_os.o
 .ARM.attributes
                0x00000413       0x33 Middlewares/Third_Party/FreeRTOS/Source/list.o
 .ARM.attributes
                0x00000446       0x33 Middlewares/Third_Party/FreeRTOS/Source/queue.o
 .ARM.attributes
                0x00000479       0x33 Middlewares/Third_Party/FreeRTOS/Source/tasks.o
 .ARM.attributes
                0x000004ac       0x33 Middlewares/Third_Party/FreeRTOS/Source/portable/GCC/ARM_CM3/port.o
 .ARM.attributes
                0x000004df       0x33 Middlewares/Third_Party/FreeRTOS/Source/portable/MemMang/heap_1.o
 .ARM.attributes
                0x00000512       0x33 Src/main.o
 .ARM.attributes
                0x00000545       0x33 Src/stm32f1xx_hal_msp.o
 .ARM.attributes
                0x00000578       0x33 Src/stm32f1xx_it.o
 .ARM.attributes
                0x000005ab       0x33 Src/system_stm32f1xx.o
 .ARM.attributes
                0x000005de       0x33 Src/usb_device.o
 .ARM.attributes
                0x00000611       0x33 Src/usbd_cdc_if.o
 .ARM.attributes
                0x00000644       0x33 Src/usbd_conf.o
 .ARM.attributes
                0x00000677       0x33 Src/usbd_desc.o
 .ARM.attributes
                0x000006aa       0x21 startup/startup_stm32f103xb.o
 .ARM.attributes
                0x000006cb       0x2d d:/program files/ac6/systemworkbench/plugins/fr.ac6.mcu.externaltools.arm-none.win32_1.13.2.201703061525/tools/compiler/bin/../lib/gcc/arm-none-eabi/5.4.1/../../../../arm-none-eabi/lib/armv7-m\libc_nano.a(lib_a-init.o)
 .ARM.attributes
                0x000006f8       0x2d d:/program files/ac6/systemworkbench/plugins/fr.ac6.mcu.externaltools.arm-none.win32_1.13.2.201703061525/tools/compiler/bin/../lib/gcc/arm-none-eabi/5.4.1/../../../../arm-none-eabi/lib/armv7-m\libc_nano.a(lib_a-memset.o)
 .ARM.attributes
                0x00000725       0x1d d:/program files/ac6/systemworkbench/plugins/fr.ac6.mcu.externaltools.arm-none.win32_1.13.2.201703061525/tools/compiler/bin/../lib/gcc/arm-none-eabi/5.4.1/armv7-m/crtn.o
OUTPUT(Test1.elf elf32-littlearm)

.debug_info     0x00000000    0x1a4d0
 .debug_info    0x00000000      0x699 Drivers/STM32F1xx_HAL_Driver/Src/stm32f1xx_hal.o
 .debug_info    0x00000699      0xfdc Drivers/STM32F1xx_HAL_Driver/Src/stm32f1xx_hal_adc.o
 .debug_info    0x00001675      0xc33 Drivers/STM32F1xx_HAL_Driver/Src/stm32f1xx_hal_cortex.o
 .debug_info    0x000022a8      0x608 Drivers/STM32F1xx_HAL_Driver/Src/stm32f1xx_hal_gpio.o
 .debug_info    0x000028b0     0x1186 Drivers/STM32F1xx_HAL_Driver/Src/stm32f1xx_hal_pcd.o
 .debug_info    0x00003a36      0x5a9 Drivers/STM32F1xx_HAL_Driver/Src/stm32f1xx_hal_pcd_ex.o
 .debug_info    0x00003fdf      0x7b3 Drivers/STM32F1xx_HAL_Driver/Src/stm32f1xx_hal_pwr.o
 .debug_info    0x00004792     0x12ab Drivers/STM32F1xx_HAL_Driver/Src/stm32f1xx_hal_rcc.o
 .debug_info    0x00005a3d      0x587 Drivers/STM32F1xx_HAL_Driver/Src/stm32f1xx_hal_rcc_ex.o
 .debug_info    0x00005fc4     0x113d Drivers/STM32F1xx_HAL_Driver/Src/stm32f1xx_hal_rtc.o
 .debug_info    0x00007101      0x730 Drivers/STM32F1xx_HAL_Driver/Src/stm32f1xx_hal_rtc_ex.o
 .debug_info    0x00007831     0x2d8a Drivers/STM32F1xx_HAL_Driver/Src/stm32f1xx_hal_tim.o
 .debug_info    0x0000a5bb     0x11e6 Drivers/STM32F1xx_HAL_Driver/Src/stm32f1xx_hal_tim_ex.o
 .debug_info    0x0000b7a1      0xeed Drivers/STM32F1xx_HAL_Driver/Src/stm32f1xx_ll_usb.o
 .debug_info    0x0000c68e      0xd07 Middlewares/ST/STM32_USB_Device_Library/Class/CDC/Src/usbd_cdc.o
 .debug_info    0x0000d395      0xc42 Middlewares/ST/STM32_USB_Device_Library/Core/Src/usbd_core.o
 .debug_info    0x0000dfd7      0xdfb Middlewares/ST/STM32_USB_Device_Library/Core/Src/usbd_ctlreq.o
 .debug_info    0x0000edd2      0x765 Middlewares/ST/STM32_USB_Device_Library/Core/Src/usbd_ioreq.o
 .debug_info    0x0000f537     0x193c Middlewares/Third_Party/FreeRTOS/Source/CMSIS_RTOS/cmsis_os.o
 .debug_info    0x00010e73      0x2a5 Middlewares/Third_Party/FreeRTOS/Source/list.o
 .debug_info    0x00011118     0x12cd Middlewares/Third_Party/FreeRTOS/Source/queue.o
 .debug_info    0x000123e5     0x1f2a Middlewares/Third_Party/FreeRTOS/Source/tasks.o
 .debug_info    0x0001430f      0x3ed Middlewares/Third_Party/FreeRTOS/Source/portable/GCC/ARM_CM3/port.o
 .debug_info    0x000146fc      0x1c8 Middlewares/Third_Party/FreeRTOS/Source/portable/MemMang/heap_1.o
 .debug_info    0x000148c4     0x1849 Src/main.o
 .debug_info    0x0001610d      0xed5 Src/stm32f1xx_hal_msp.o
 .debug_info    0x00016fe2      0x5b5 Src/stm32f1xx_it.o
 .debug_info    0x00017597      0x3eb Src/system_stm32f1xx.o
 .debug_info    0x00017982      0x616 Src/usb_device.o
 .debug_info    0x00017f98      0x827 Src/usbd_cdc_if.o
 .debug_info    0x000187bf     0x17df Src/usbd_conf.o
 .debug_info    0x00019f9e      0x4c6 Src/usbd_desc.o
 .debug_info    0x0001a464       0x6c startup/startup_stm32f103xb.o

.debug_abbrev   0x00000000     0x3f6e
 .debug_abbrev  0x00000000      0x21f Drivers/STM32F1xx_HAL_Driver/Src/stm32f1xx_hal.o
 .debug_abbrev  0x0000021f      0x248 Drivers/STM32F1xx_HAL_Driver/Src/stm32f1xx_hal_adc.o
 .debug_abbrev  0x00000467      0x2bd Drivers/STM32F1xx_HAL_Driver/Src/stm32f1xx_hal_cortex.o
 .debug_abbrev  0x00000724      0x1cd Drivers/STM32F1xx_HAL_Driver/Src/stm32f1xx_hal_gpio.o
 .debug_abbrev  0x000008f1      0x28c Drivers/STM32F1xx_HAL_Driver/Src/stm32f1xx_hal_pcd.o
 .debug_abbrev  0x00000b7d      0x16e Drivers/STM32F1xx_HAL_Driver/Src/stm32f1xx_hal_pcd_ex.o
 .debug_abbrev  0x00000ceb      0x20e Drivers/STM32F1xx_HAL_Driver/Src/stm32f1xx_hal_pwr.o
 .debug_abbrev  0x00000ef9      0x287 Drivers/STM32F1xx_HAL_Driver/Src/stm32f1xx_hal_rcc.o
 .debug_abbrev  0x00001180      0x217 Drivers/STM32F1xx_HAL_Driver/Src/stm32f1xx_hal_rcc_ex.o
 .debug_abbrev  0x00001397      0x20c Drivers/STM32F1xx_HAL_Driver/Src/stm32f1xx_hal_rtc.o
 .debug_abbrev  0x000015a3      0x1d6 Drivers/STM32F1xx_HAL_Driver/Src/stm32f1xx_hal_rtc_ex.o
 .debug_abbrev  0x00001779      0x22a Drivers/STM32F1xx_HAL_Driver/Src/stm32f1xx_hal_tim.o
 .debug_abbrev  0x000019a3      0x21b Drivers/STM32F1xx_HAL_Driver/Src/stm32f1xx_hal_tim_ex.o
 .debug_abbrev  0x00001bbe      0x1c6 Drivers/STM32F1xx_HAL_Driver/Src/stm32f1xx_ll_usb.o
 .debug_abbrev  0x00001d84      0x24a Middlewares/ST/STM32_USB_Device_Library/Class/CDC/Src/usbd_cdc.o
 .debug_abbrev  0x00001fce      0x1ef Middlewares/ST/STM32_USB_Device_Library/Core/Src/usbd_core.o
 .debug_abbrev  0x000021bd      0x26c Middlewares/ST/STM32_USB_Device_Library/Core/Src/usbd_ctlreq.o
 .debug_abbrev  0x00002429      0x158 Middlewares/ST/STM32_USB_Device_Library/Core/Src/usbd_ioreq.o
 .debug_abbrev  0x00002581      0x2ac Middlewares/Third_Party/FreeRTOS/Source/CMSIS_RTOS/cmsis_os.o
 .debug_abbrev  0x0000282d       0xdf Middlewares/Third_Party/FreeRTOS/Source/list.o
 .debug_abbrev  0x0000290c      0x1d8 Middlewares/Third_Party/FreeRTOS/Source/queue.o
 .debug_abbrev  0x00002ae4      0x29b Middlewares/Third_Party/FreeRTOS/Source/tasks.o
 .debug_abbrev  0x00002d7f      0x1ff Middlewares/Third_Party/FreeRTOS/Source/portable/GCC/ARM_CM3/port.o
 .debug_abbrev  0x00002f7e      0x12d Middlewares/Third_Party/FreeRTOS/Source/portable/MemMang/heap_1.o
 .debug_abbrev  0x000030ab      0x27c Src/main.o
 .debug_abbrev  0x00003327      0x21e Src/stm32f1xx_hal_msp.o
 .debug_abbrev  0x00003545      0x185 Src/stm32f1xx_it.o
 .debug_abbrev  0x000036ca      0x125 Src/system_stm32f1xx.o
 .debug_abbrev  0x000037ef      0x170 Src/usb_device.o
 .debug_abbrev  0x0000395f      0x207 Src/usbd_cdc_if.o
 .debug_abbrev  0x00003b66      0x28f Src/usbd_conf.o
 .debug_abbrev  0x00003df5      0x167 Src/usbd_desc.o
 .debug_abbrev  0x00003f5c       0x12 startup/startup_stm32f103xb.o

.debug_loc      0x00000000     0xf64a
 .debug_loc     0x00000000       0x81 Drivers/STM32F1xx_HAL_Driver/Src/stm32f1xx_hal.o
 .debug_loc     0x00000081      0x9d6 Drivers/STM32F1xx_HAL_Driver/Src/stm32f1xx_hal_adc.o
 .debug_loc     0x00000a57      0x527 Drivers/STM32F1xx_HAL_Driver/Src/stm32f1xx_hal_cortex.o
 .debug_loc     0x00000f7e      0x377 Drivers/STM32F1xx_HAL_Driver/Src/stm32f1xx_hal_gpio.o
 .debug_loc     0x000012f5      0x9f2 Drivers/STM32F1xx_HAL_Driver/Src/stm32f1xx_hal_pcd.o
 .debug_loc     0x00001ce7       0xd3 Drivers/STM32F1xx_HAL_Driver/Src/stm32f1xx_hal_pcd_ex.o
 .debug_loc     0x00001dba       0xfe Drivers/STM32F1xx_HAL_Driver/Src/stm32f1xx_hal_pwr.o
 .debug_loc     0x00001eb8      0x8e9 Drivers/STM32F1xx_HAL_Driver/Src/stm32f1xx_hal_rcc.o
 .debug_loc     0x000027a1      0x347 Drivers/STM32F1xx_HAL_Driver/Src/stm32f1xx_hal_rcc_ex.o
 .debug_loc     0x00002ae8     0x12e5 Drivers/STM32F1xx_HAL_Driver/Src/stm32f1xx_hal_rtc.o
 .debug_loc     0x00003dcd      0x55c Drivers/STM32F1xx_HAL_Driver/Src/stm32f1xx_hal_rtc_ex.o
 .debug_loc     0x00004329     0x32a5 Drivers/STM32F1xx_HAL_Driver/Src/stm32f1xx_hal_tim.o
 .debug_loc     0x000075ce      0xbdb Drivers/STM32F1xx_HAL_Driver/Src/stm32f1xx_hal_tim_ex.o
 .debug_loc     0x000081a9      0xb8a Drivers/STM32F1xx_HAL_Driver/Src/stm32f1xx_ll_usb.o
 .debug_loc     0x00008d33      0x4b1 Middlewares/ST/STM32_USB_Device_Library/Class/CDC/Src/usbd_cdc.o
 .debug_loc     0x000091e4      0x629 Middlewares/ST/STM32_USB_Device_Library/Core/Src/usbd_core.o
 .debug_loc     0x0000980d      0xb12 Middlewares/ST/STM32_USB_Device_Library/Core/Src/usbd_ctlreq.o
 .debug_loc     0x0000a31f      0x23c Middlewares/ST/STM32_USB_Device_Library/Core/Src/usbd_ioreq.o
 .debug_loc     0x0000a55b      0xeb9 Middlewares/Third_Party/FreeRTOS/Source/CMSIS_RTOS/cmsis_os.o
 .debug_loc     0x0000b414       0x65 Middlewares/Third_Party/FreeRTOS/Source/list.o
 .debug_loc     0x0000b479     0x150d Middlewares/Third_Party/FreeRTOS/Source/queue.o
 .debug_loc     0x0000c986     0x1a78 Middlewares/Third_Party/FreeRTOS/Source/tasks.o
 .debug_loc     0x0000e3fe       0xa6 Middlewares/Third_Party/FreeRTOS/Source/portable/GCC/ARM_CM3/port.o
 .debug_loc     0x0000e4a4       0x8b Middlewares/Third_Party/FreeRTOS/Source/portable/MemMang/heap_1.o
 .debug_loc     0x0000e52f       0x84 Src/main.o
 .debug_loc     0x0000e5b3       0x84 Src/stm32f1xx_hal_msp.o
 .debug_loc     0x0000e637       0xdf Src/system_stm32f1xx.o
 .debug_loc     0x0000e716      0x12a Src/usbd_cdc_if.o
 .debug_loc     0x0000e840      0xb53 Src/usbd_conf.o
 .debug_loc     0x0000f393      0x2b7 Src/usbd_desc.o

.debug_aranges  0x00000000     0x16d0
 .debug_aranges
                0x00000000       0xb0 Drivers/STM32F1xx_HAL_Driver/Src/stm32f1xx_hal.o
 .debug_aranges
                0x000000b0       0xf0 Drivers/STM32F1xx_HAL_Driver/Src/stm32f1xx_hal_adc.o
 .debug_aranges
                0x000001a0       0x90 Drivers/STM32F1xx_HAL_Driver/Src/stm32f1xx_hal_cortex.o
 .debug_aranges
                0x00000230       0x58 Drivers/STM32F1xx_HAL_Driver/Src/stm32f1xx_hal_gpio.o
 .debug_aranges
                0x00000288      0x120 Drivers/STM32F1xx_HAL_Driver/Src/stm32f1xx_hal_pcd.o
 .debug_aranges
                0x000003a8       0x28 Drivers/STM32F1xx_HAL_Driver/Src/stm32f1xx_hal_pcd_ex.o
 .debug_aranges
                0x000003d0       0xa8 Drivers/STM32F1xx_HAL_Driver/Src/stm32f1xx_hal_pwr.o
 .debug_aranges
                0x00000478       0x88 Drivers/STM32F1xx_HAL_Driver/Src/stm32f1xx_hal_rcc.o
 .debug_aranges
                0x00000500       0x30 Drivers/STM32F1xx_HAL_Driver/Src/stm32f1xx_hal_rcc_ex.o
 .debug_aranges
                0x00000530       0xf8 Drivers/STM32F1xx_HAL_Driver/Src/stm32f1xx_hal_rtc.o
 .debug_aranges
                0x00000628       0x88 Drivers/STM32F1xx_HAL_Driver/Src/stm32f1xx_hal_rtc_ex.o
 .debug_aranges
                0x000006b0      0x368 Drivers/STM32F1xx_HAL_Driver/Src/stm32f1xx_hal_tim.o
 .debug_aranges
                0x00000a18      0x138 Drivers/STM32F1xx_HAL_Driver/Src/stm32f1xx_hal_tim_ex.o
 .debug_aranges
                0x00000b50      0x100 Drivers/STM32F1xx_HAL_Driver/Src/stm32f1xx_ll_usb.o
 .debug_aranges
                0x00000c50       0x90 Middlewares/ST/STM32_USB_Device_Library/Class/CDC/Src/usbd_cdc.o
 .debug_aranges
                0x00000ce0       0xb8 Middlewares/ST/STM32_USB_Device_Library/Core/Src/usbd_core.o
 .debug_aranges
                0x00000d98       0x88 Middlewares/ST/STM32_USB_Device_Library/Core/Src/usbd_ctlreq.o
 .debug_aranges
                0x00000e20       0x50 Middlewares/ST/STM32_USB_Device_Library/Core/Src/usbd_ioreq.o
 .debug_aranges
                0x00000e70      0x1b0 Middlewares/Third_Party/FreeRTOS/Source/CMSIS_RTOS/cmsis_os.o
 .debug_aranges
                0x00001020       0x40 Middlewares/Third_Party/FreeRTOS/Source/list.o
 .debug_aranges
                0x00001060       0xe0 Middlewares/Third_Party/FreeRTOS/Source/queue.o
 .debug_aranges
                0x00001140      0x198 Middlewares/Third_Party/FreeRTOS/Source/tasks.o
 .debug_aranges
                0x000012d8       0x90 Middlewares/Third_Party/FreeRTOS/Source/portable/GCC/ARM_CM3/port.o
 .debug_aranges
                0x00001368       0x38 Middlewares/Third_Party/FreeRTOS/Source/portable/MemMang/heap_1.o
 .debug_aranges
                0x000013a0       0x70 Src/main.o
 .debug_aranges
                0x00001410       0x58 Src/stm32f1xx_hal_msp.o
 .debug_aranges
                0x00001468       0x58 Src/stm32f1xx_it.o
 .debug_aranges
                0x000014c0       0x28 Src/system_stm32f1xx.o
 .debug_aranges
                0x000014e8       0x20 Src/usb_device.o
 .debug_aranges
                0x00001508       0x40 Src/usbd_cdc_if.o
 .debug_aranges
                0x00001548      0x110 Src/usbd_conf.o
 .debug_aranges
                0x00001658       0x50 Src/usbd_desc.o
 .debug_aranges
                0x000016a8       0x28 startup/startup_stm32f103xb.o

.debug_ranges   0x00000000     0x14e0
 .debug_ranges  0x00000000       0xa0 Drivers/STM32F1xx_HAL_Driver/Src/stm32f1xx_hal.o
 .debug_ranges  0x000000a0       0xe0 Drivers/STM32F1xx_HAL_Driver/Src/stm32f1xx_hal_adc.o
 .debug_ranges  0x00000180       0x80 Drivers/STM32F1xx_HAL_Driver/Src/stm32f1xx_hal_cortex.o
 .debug_ranges  0x00000200       0x48 Drivers/STM32F1xx_HAL_Driver/Src/stm32f1xx_hal_gpio.o
 .debug_ranges  0x00000248      0x110 Drivers/STM32F1xx_HAL_Driver/Src/stm32f1xx_hal_pcd.o
 .debug_ranges  0x00000358       0x18 Drivers/STM32F1xx_HAL_Driver/Src/stm32f1xx_hal_pcd_ex.o
 .debug_ranges  0x00000370       0x98 Drivers/STM32F1xx_HAL_Driver/Src/stm32f1xx_hal_pwr.o
 .debug_ranges  0x00000408       0x78 Drivers/STM32F1xx_HAL_Driver/Src/stm32f1xx_hal_rcc.o
 .debug_ranges  0x00000480       0x20 Drivers/STM32F1xx_HAL_Driver/Src/stm32f1xx_hal_rcc_ex.o
 .debug_ranges  0x000004a0       0xe8 Drivers/STM32F1xx_HAL_Driver/Src/stm32f1xx_hal_rtc.o
 .debug_ranges  0x00000588       0x78 Drivers/STM32F1xx_HAL_Driver/Src/stm32f1xx_hal_rtc_ex.o
 .debug_ranges  0x00000600      0x358 Drivers/STM32F1xx_HAL_Driver/Src/stm32f1xx_hal_tim.o
 .debug_ranges  0x00000958      0x128 Drivers/STM32F1xx_HAL_Driver/Src/stm32f1xx_hal_tim_ex.o
 .debug_ranges  0x00000a80       0xf0 Drivers/STM32F1xx_HAL_Driver/Src/stm32f1xx_ll_usb.o
 .debug_ranges  0x00000b70       0x80 Middlewares/ST/STM32_USB_Device_Library/Class/CDC/Src/usbd_cdc.o
 .debug_ranges  0x00000bf0       0xa8 Middlewares/ST/STM32_USB_Device_Library/Core/Src/usbd_core.o
 .debug_ranges  0x00000c98       0x78 Middlewares/ST/STM32_USB_Device_Library/Core/Src/usbd_ctlreq.o
 .debug_ranges  0x00000d10       0x40 Middlewares/ST/STM32_USB_Device_Library/Core/Src/usbd_ioreq.o
 .debug_ranges  0x00000d50      0x1a0 Middlewares/Third_Party/FreeRTOS/Source/CMSIS_RTOS/cmsis_os.o
 .debug_ranges  0x00000ef0       0x30 Middlewares/Third_Party/FreeRTOS/Source/list.o
 .debug_ranges  0x00000f20       0xd0 Middlewares/Third_Party/FreeRTOS/Source/queue.o
 .debug_ranges  0x00000ff0      0x1a0 Middlewares/Third_Party/FreeRTOS/Source/tasks.o
 .debug_ranges  0x00001190       0x80 Middlewares/Third_Party/FreeRTOS/Source/portable/GCC/ARM_CM3/port.o
 .debug_ranges  0x00001210       0x28 Middlewares/Third_Party/FreeRTOS/Source/portable/MemMang/heap_1.o
 .debug_ranges  0x00001238       0x60 Src/main.o
 .debug_ranges  0x00001298       0x48 Src/stm32f1xx_hal_msp.o
 .debug_ranges  0x000012e0       0x48 Src/stm32f1xx_it.o
 .debug_ranges  0x00001328       0x18 Src/system_stm32f1xx.o
 .debug_ranges  0x00001340       0x10 Src/usb_device.o
 .debug_ranges  0x00001350       0x30 Src/usbd_cdc_if.o
 .debug_ranges  0x00001380      0x100 Src/usbd_conf.o
 .debug_ranges  0x00001480       0x40 Src/usbd_desc.o
 .debug_ranges  0x000014c0       0x20 startup/startup_stm32f103xb.o

.debug_macro    0x00000000    0x1ec47
 .debug_macro   0x00000000      0x340 Drivers/STM32F1xx_HAL_Driver/Src/stm32f1xx_hal.o
 .debug_macro   0x00000340      0x880 Drivers/STM32F1xx_HAL_Driver/Src/stm32f1xx_hal.o
 .debug_macro   0x00000bc0       0x3a Drivers/STM32F1xx_HAL_Driver/Src/stm32f1xx_hal.o
 .debug_macro   0x00000bfa      0x16d Drivers/STM32F1xx_HAL_Driver/Src/stm32f1xx_hal.o
 .debug_macro   0x00000d67       0x2e Drivers/STM32F1xx_HAL_Driver/Src/stm32f1xx_hal.o
 .debug_macro   0x00000d95       0x22 Drivers/STM32F1xx_HAL_Driver/Src/stm32f1xx_hal.o
 .debug_macro   0x00000db7       0x22 Drivers/STM32F1xx_HAL_Driver/Src/stm32f1xx_hal.o
 .debug_macro   0x00000dd9       0x87 Drivers/STM32F1xx_HAL_Driver/Src/stm32f1xx_hal.o
 .debug_macro   0x00000e60       0x44 Drivers/STM32F1xx_HAL_Driver/Src/stm32f1xx_hal.o
 .debug_macro   0x00000ea4       0xfd Drivers/STM32F1xx_HAL_Driver/Src/stm32f1xx_hal.o
 .debug_macro   0x00000fa1       0x5e Drivers/STM32F1xx_HAL_Driver/Src/stm32f1xx_hal.o
 .debug_macro   0x00000fff      0x1df Drivers/STM32F1xx_HAL_Driver/Src/stm32f1xx_hal.o
 .debug_macro   0x000011de       0x34 Drivers/STM32F1xx_HAL_Driver/Src/stm32f1xx_hal.o
 .debug_macro   0x00001212       0x34 Drivers/STM32F1xx_HAL_Driver/Src/stm32f1xx_hal.o
 .debug_macro   0x00001246      0xb8e Drivers/STM32F1xx_HAL_Driver/Src/stm32f1xx_hal.o
 .debug_macro   0x00001dd4     0xf2f7 Drivers/STM32F1xx_HAL_Driver/Src/stm32f1xx_hal.o
 .debug_macro   0x000110cb       0x43 Drivers/STM32F1xx_HAL_Driver/Src/stm32f1xx_hal.o
 .debug_macro   0x0001110e     0x3383 Drivers/STM32F1xx_HAL_Driver/Src/stm32f1xx_hal.o
 .debug_macro   0x00014491       0x52 Drivers/STM32F1xx_HAL_Driver/Src/stm32f1xx_hal.o
 .debug_macro   0x000144e3       0x35 Drivers/STM32F1xx_HAL_Driver/Src/stm32f1xx_hal.o
 .debug_macro   0x00014518       0x9c Drivers/STM32F1xx_HAL_Driver/Src/stm32f1xx_hal.o
 .debug_macro   0x000145b4       0x16 Drivers/STM32F1xx_HAL_Driver/Src/stm32f1xx_hal.o
 .debug_macro   0x000145ca       0x97 Drivers/STM32F1xx_HAL_Driver/Src/stm32f1xx_hal.o
 .debug_macro   0x00014661      0x30d Drivers/STM32F1xx_HAL_Driver/Src/stm32f1xx_hal.o
 .debug_macro   0x0001496e       0xfd Drivers/STM32F1xx_HAL_Driver/Src/stm32f1xx_hal.o
 .debug_macro   0x00014a6b       0x10 Drivers/STM32F1xx_HAL_Driver/Src/stm32f1xx_hal.o
 .debug_macro   0x00014a7b       0x52 Drivers/STM32F1xx_HAL_Driver/Src/stm32f1xx_hal.o
 .debug_macro   0x00014acd       0x1f Drivers/STM32F1xx_HAL_Driver/Src/stm32f1xx_hal.o
 .debug_macro   0x00014aec       0x43 Drivers/STM32F1xx_HAL_Driver/Src/stm32f1xx_hal.o
 .debug_macro   0x00014b2f       0x20 Drivers/STM32F1xx_HAL_Driver/Src/stm32f1xx_hal.o
 .debug_macro   0x00014b4f      0x187 Drivers/STM32F1xx_HAL_Driver/Src/stm32f1xx_hal.o
 .debug_macro   0x00014cd6       0x10 Drivers/STM32F1xx_HAL_Driver/Src/stm32f1xx_hal.o
 .debug_macro   0x00014ce6       0x1c Drivers/STM32F1xx_HAL_Driver/Src/stm32f1xx_hal.o
 .debug_macro   0x00014d02       0x52 Drivers/STM32F1xx_HAL_Driver/Src/stm32f1xx_hal.o
 .debug_macro   0x00014d54       0x40 Drivers/STM32F1xx_HAL_Driver/Src/stm32f1xx_hal.o
 .debug_macro   0x00014d94       0x10 Drivers/STM32F1xx_HAL_Driver/Src/stm32f1xx_hal.o
 .debug_macro   0x00014da4       0x40 Drivers/STM32F1xx_HAL_Driver/Src/stm32f1xx_hal.o
 .debug_macro   0x00014de4       0xd7 Drivers/STM32F1xx_HAL_Driver/Src/stm32f1xx_hal.o
 .debug_macro   0x00014ebb       0x16 Drivers/STM32F1xx_HAL_Driver/Src/stm32f1xx_hal.o
 .debug_macro   0x00014ed1      0x18b Drivers/STM32F1xx_HAL_Driver/Src/stm32f1xx_hal.o
 .debug_macro   0x0001505c       0x50 Drivers/STM32F1xx_HAL_Driver/Src/stm32f1xx_hal.o
 .debug_macro   0x000150ac      0x778 Drivers/STM32F1xx_HAL_Driver/Src/stm32f1xx_hal.o
 .debug_macro   0x00015824      0x28b Drivers/STM32F1xx_HAL_Driver/Src/stm32f1xx_hal.o
 .debug_macro   0x00015aaf      0x141 Drivers/STM32F1xx_HAL_Driver/Src/stm32f1xx_hal.o
 .debug_macro   0x00015bf0      0x197 Drivers/STM32F1xx_HAL_Driver/Src/stm32f1xx_hal.o
 .debug_macro   0x00015d87      0x1ae Drivers/STM32F1xx_HAL_Driver/Src/stm32f1xx_hal.o
 .debug_macro   0x00015f35       0x2d Drivers/STM32F1xx_HAL_Driver/Src/stm32f1xx_hal.o
 .debug_macro   0x00015f62       0x3c Drivers/STM32F1xx_HAL_Driver/Src/stm32f1xx_hal.o
 .debug_macro   0x00015f9e       0x57 Drivers/STM32F1xx_HAL_Driver/Src/stm32f1xx_hal.o
 .debug_macro   0x00015ff5      0x46a Drivers/STM32F1xx_HAL_Driver/Src/stm32f1xx_hal.o
 .debug_macro   0x0001645f      0x1b5 Drivers/STM32F1xx_HAL_Driver/Src/stm32f1xx_hal.o
 .debug_macro   0x00016614       0x8c Drivers/STM32F1xx_HAL_Driver/Src/stm32f1xx_hal.o
 .debug_macro   0x000166a0      0x242 Drivers/STM32F1xx_HAL_Driver/Src/stm32f1xx_hal.o
 .debug_macro   0x000168e2      0x143 Drivers/STM32F1xx_HAL_Driver/Src/stm32f1xx_hal.o
 .debug_macro   0x00016a25      0x1ef Drivers/STM32F1xx_HAL_Driver/Src/stm32f1xx_hal.o
 .debug_macro   0x00016c14       0xf2 Drivers/STM32F1xx_HAL_Driver/Src/stm32f1xx_hal.o
 .debug_macro   0x00016d06      0x83e Drivers/STM32F1xx_HAL_Driver/Src/stm32f1xx_hal.o
 .debug_macro   0x00017544       0x11 Drivers/STM32F1xx_HAL_Driver/Src/stm32f1xx_hal.o
 .debug_macro   0x00017555       0x50 Drivers/STM32F1xx_HAL_Driver/Src/stm32f1xx_hal.o
 .debug_macro   0x000175a5      0x26c Drivers/STM32F1xx_HAL_Driver/Src/stm32f1xx_hal.o
 .debug_macro   0x00017811       0x7c Drivers/STM32F1xx_HAL_Driver/Src/stm32f1xx_hal.o
 .debug_macro   0x0001788d      0x339 Drivers/STM32F1xx_HAL_Driver/Src/stm32f1xx_hal_adc.o
 .debug_macro   0x00017bc6      0x31c Drivers/STM32F1xx_HAL_Driver/Src/stm32f1xx_hal_cortex.o
 .debug_macro   0x00017ee2      0x38c Drivers/STM32F1xx_HAL_Driver/Src/stm32f1xx_hal_gpio.o
 .debug_macro   0x0001826e      0x328 Drivers/STM32F1xx_HAL_Driver/Src/stm32f1xx_hal_pcd.o
 .debug_macro   0x00018596      0x31c Drivers/STM32F1xx_HAL_Driver/Src/stm32f1xx_hal_pcd_ex.o
 .debug_macro   0x000188b2      0x37c Drivers/STM32F1xx_HAL_Driver/Src/stm32f1xx_hal_pwr.o
 .debug_macro   0x00018c2e      0x340 Drivers/STM32F1xx_HAL_Driver/Src/stm32f1xx_hal_rcc.o
 .debug_macro   0x00018f6e      0x31c Drivers/STM32F1xx_HAL_Driver/Src/stm32f1xx_hal_rcc_ex.o
 .debug_macro   0x0001928a      0x32b Drivers/STM32F1xx_HAL_Driver/Src/stm32f1xx_hal_rtc.o
 .debug_macro   0x000195b5      0x31c Drivers/STM32F1xx_HAL_Driver/Src/stm32f1xx_hal_rtc_ex.o
 .debug_macro   0x000198d1      0x31d Drivers/STM32F1xx_HAL_Driver/Src/stm32f1xx_hal_tim.o
 .debug_macro   0x00019bee      0x31c Drivers/STM32F1xx_HAL_Driver/Src/stm32f1xx_hal_tim_ex.o
 .debug_macro   0x00019f0a      0x31c Drivers/STM32F1xx_HAL_Driver/Src/stm32f1xx_ll_usb.o
 .debug_macro   0x0001a226      0x3d2 Middlewares/ST/STM32_USB_Device_Library/Class/CDC/Src/usbd_cdc.o
 .debug_macro   0x0001a5f8       0x4c Middlewares/ST/STM32_USB_Device_Library/Class/CDC/Src/usbd_cdc.o
 .debug_macro   0x0001a644       0x8d Middlewares/ST/STM32_USB_Device_Library/Class/CDC/Src/usbd_cdc.o
 .debug_macro   0x0001a6d1       0x4a Middlewares/ST/STM32_USB_Device_Library/Class/CDC/Src/usbd_cdc.o
 .debug_macro   0x0001a71b       0x16 Middlewares/ST/STM32_USB_Device_Library/Class/CDC/Src/usbd_cdc.o
 .debug_macro   0x0001a731       0x35 Middlewares/ST/STM32_USB_Device_Library/Class/CDC/Src/usbd_cdc.o
 .debug_macro   0x0001a766       0x16 Middlewares/ST/STM32_USB_Device_Library/Class/CDC/Src/usbd_cdc.o
 .debug_macro   0x0001a77c       0x29 Middlewares/ST/STM32_USB_Device_Library/Class/CDC/Src/usbd_cdc.o
 .debug_macro   0x0001a7a5       0x16 Middlewares/ST/STM32_USB_Device_Library/Class/CDC/Src/usbd_cdc.o
 .debug_macro   0x0001a7bb       0x6b Middlewares/ST/STM32_USB_Device_Library/Class/CDC/Src/usbd_cdc.o
 .debug_macro   0x0001a826      0x1c3 Middlewares/ST/STM32_USB_Device_Library/Class/CDC/Src/usbd_cdc.o
 .debug_macro   0x0001a9e9       0x83 Middlewares/ST/STM32_USB_Device_Library/Class/CDC/Src/usbd_cdc.o
 .debug_macro   0x0001aa6c      0x3b9 Middlewares/ST/STM32_USB_Device_Library/Core/Src/usbd_core.o
 .debug_macro   0x0001ae25      0x3b9 Middlewares/ST/STM32_USB_Device_Library/Core/Src/usbd_ctlreq.o
 .debug_macro   0x0001b1de      0x3b5 Middlewares/ST/STM32_USB_Device_Library/Core/Src/usbd_ioreq.o
 .debug_macro   0x0001b593      0x1f6 Middlewares/Third_Party/FreeRTOS/Source/CMSIS_RTOS/cmsis_os.o
 .debug_macro   0x0001b789      0x174 Middlewares/Third_Party/FreeRTOS/Source/CMSIS_RTOS/cmsis_os.o
 .debug_macro   0x0001b8fd       0x10 Middlewares/Third_Party/FreeRTOS/Source/CMSIS_RTOS/cmsis_os.o
 .debug_macro   0x0001b90d       0x16 Middlewares/Third_Party/FreeRTOS/Source/CMSIS_RTOS/cmsis_os.o
 .debug_macro   0x0001b923       0x26 Middlewares/Third_Party/FreeRTOS/Source/CMSIS_RTOS/cmsis_os.o
 .debug_macro   0x0001b949       0xc6 Middlewares/Third_Party/FreeRTOS/Source/CMSIS_RTOS/cmsis_os.o
 .debug_macro   0x0001ba0f      0x15d Middlewares/Third_Party/FreeRTOS/Source/CMSIS_RTOS/cmsis_os.o
 .debug_macro   0x0001bb6c       0xd9 Middlewares/Third_Party/FreeRTOS/Source/CMSIS_RTOS/cmsis_os.o
 .debug_macro   0x0001bc45       0x10 Middlewares/Third_Party/FreeRTOS/Source/CMSIS_RTOS/cmsis_os.o
 .debug_macro   0x0001bc55       0x1f Middlewares/Third_Party/FreeRTOS/Source/CMSIS_RTOS/cmsis_os.o
 .debug_macro   0x0001bc74      0x3f4 Middlewares/Third_Party/FreeRTOS/Source/CMSIS_RTOS/cmsis_os.o
 .debug_macro   0x0001c068       0xc0 Middlewares/Third_Party/FreeRTOS/Source/CMSIS_RTOS/cmsis_os.o
 .debug_macro   0x0001c128       0x9a Middlewares/Third_Party/FreeRTOS/Source/CMSIS_RTOS/cmsis_os.o
 .debug_macro   0x0001c1c2       0x91 Middlewares/Third_Party/FreeRTOS/Source/CMSIS_RTOS/cmsis_os.o
 .debug_macro   0x0001c253       0xb0 Middlewares/Third_Party/FreeRTOS/Source/CMSIS_RTOS/cmsis_os.o
 .debug_macro   0x0001c303       0x7f Middlewares/Third_Party/FreeRTOS/Source/CMSIS_RTOS/cmsis_os.o
 .debug_macro   0x0001c382       0xcf Middlewares/Third_Party/FreeRTOS/Source/CMSIS_RTOS/cmsis_os.o
 .debug_macro   0x0001c451      0x18b Middlewares/Third_Party/FreeRTOS/Source/list.o
 .debug_macro   0x0001c5dc      0x207 Middlewares/Third_Party/FreeRTOS/Source/queue.o
 .debug_macro   0x0001c7e3      0x243 Middlewares/Third_Party/FreeRTOS/Source/tasks.o
 .debug_macro   0x0001ca26       0x11 Middlewares/Third_Party/FreeRTOS/Source/tasks.o
 .debug_macro   0x0001ca37      0x17e Middlewares/Third_Party/FreeRTOS/Source/portable/GCC/ARM_CM3/port.o
 .debug_macro   0x0001cbb5      0x1ac Middlewares/Third_Party/FreeRTOS/Source/portable/MemMang/heap_1.o
 .debug_macro   0x0001cd61      0x464 Src/main.o
 .debug_macro   0x0001d1c5       0xcc Src/main.o
 .debug_macro   0x0001d291      0x31c Src/stm32f1xx_hal_msp.o
 .debug_macro   0x0001d5ad      0x3e9 Src/stm32f1xx_it.o
 .debug_macro   0x0001d996      0x322 Src/system_stm32f1xx.o
 .debug_macro   0x0001dcb8      0x3f0 Src/usb_device.o
 .debug_macro   0x0001e0a8      0x3da Src/usbd_cdc_if.o
 .debug_macro   0x0001e482      0x3d2 Src/usbd_conf.o
 .debug_macro   0x0001e854      0x3f3 Src/usbd_desc.o

.debug_line     0x00000000    0x151cf
 .debug_line    0x00000000      0x95a Drivers/STM32F1xx_HAL_Driver/Src/stm32f1xx_hal.o
 .debug_line    0x0000095a      0xd8d Drivers/STM32F1xx_HAL_Driver/Src/stm32f1xx_hal_adc.o
 .debug_line    0x000016e7      0x996 Drivers/STM32F1xx_HAL_Driver/Src/stm32f1xx_hal_cortex.o
 .debug_line    0x0000207d      0x980 Drivers/STM32F1xx_HAL_Driver/Src/stm32f1xx_hal_gpio.o
 .debug_line    0x000029fd      0xcbd Drivers/STM32F1xx_HAL_Driver/Src/stm32f1xx_hal_pcd.o
 .debug_line    0x000036ba      0x827 Drivers/STM32F1xx_HAL_Driver/Src/stm32f1xx_hal_pcd_ex.o
 .debug_line    0x00003ee1      0x9a5 Drivers/STM32F1xx_HAL_Driver/Src/stm32f1xx_hal_pwr.o
 .debug_line    0x00004886      0xccd Drivers/STM32F1xx_HAL_Driver/Src/stm32f1xx_hal_rcc.o
 .debug_line    0x00005553      0x90b Drivers/STM32F1xx_HAL_Driver/Src/stm32f1xx_hal_rcc_ex.o
 .debug_line    0x00005e5e      0xcbd Drivers/STM32F1xx_HAL_Driver/Src/stm32f1xx_hal_rtc.o
 .debug_line    0x00006b1b      0xa28 Drivers/STM32F1xx_HAL_Driver/Src/stm32f1xx_hal_rtc_ex.o
 .debug_line    0x00007543     0x1686 Drivers/STM32F1xx_HAL_Driver/Src/stm32f1xx_hal_tim.o
 .debug_line    0x00008bc9      0xd99 Drivers/STM32F1xx_HAL_Driver/Src/stm32f1xx_hal_tim_ex.o
 .debug_line    0x00009962      0xc05 Drivers/STM32F1xx_HAL_Driver/Src/stm32f1xx_ll_usb.o
 .debug_line    0x0000a567      0xad4 Middlewares/ST/STM32_USB_Device_Library/Class/CDC/Src/usbd_cdc.o
 .debug_line    0x0000b03b      0xac4 Middlewares/ST/STM32_USB_Device_Library/Core/Src/usbd_core.o
 .debug_line    0x0000baff      0xac2 Middlewares/ST/STM32_USB_Device_Library/Core/Src/usbd_ctlreq.o
 .debug_line    0x0000c5c1      0x971 Middlewares/ST/STM32_USB_Device_Library/Core/Src/usbd_ioreq.o
 .debug_line    0x0000cf32      0xb31 Middlewares/Third_Party/FreeRTOS/Source/CMSIS_RTOS/cmsis_os.o
 .debug_line    0x0000da63      0x584 Middlewares/Third_Party/FreeRTOS/Source/list.o
 .debug_line    0x0000dfe7      0x9ce Middlewares/Third_Party/FreeRTOS/Source/queue.o
 .debug_line    0x0000e9b5      0xd66 Middlewares/Third_Party/FreeRTOS/Source/tasks.o
 .debug_line    0x0000f71b      0x600 Middlewares/Third_Party/FreeRTOS/Source/portable/GCC/ARM_CM3/port.o
 .debug_line    0x0000fd1b      0x58c Middlewares/Third_Party/FreeRTOS/Source/portable/MemMang/heap_1.o
 .debug_line    0x000102a7      0xbbb Src/main.o
 .debug_line    0x00010e62      0x89a Src/stm32f1xx_hal_msp.o
 .debug_line    0x000116fc      0xa42 Src/stm32f1xx_it.o
 .debug_line    0x0001213e      0x81e Src/system_stm32f1xx.o
 .debug_line    0x0001295c      0x966 Src/usb_device.o
 .debug_line    0x000132c2      0x996 Src/usbd_cdc_if.o
 .debug_line    0x00013c58      0xba8 Src/usbd_conf.o
 .debug_line    0x00014800      0x952 Src/usbd_desc.o
 .debug_line    0x00015152       0x7d startup/startup_stm32f103xb.o

.debug_str      0x00000000    0x9e87d
 .debug_str     0x00000000    0x912d0 Drivers/STM32F1xx_HAL_Driver/Src/stm32f1xx_hal.o
                              0x917b3 (size before relaxing)
 .debug_str     0x000912d0      0x6cc Drivers/STM32F1xx_HAL_Driver/Src/stm32f1xx_hal_adc.o
                              0x91845 (size before relaxing)
 .debug_str     0x0009199c      0x2bc Drivers/STM32F1xx_HAL_Driver/Src/stm32f1xx_hal_cortex.o
                              0x917b1 (size before relaxing)
 .debug_str     0x00091c58      0x453 Drivers/STM32F1xx_HAL_Driver/Src/stm32f1xx_hal_gpio.o
                              0x91596 (size before relaxing)
 .debug_str     0x000920ab      0x7a9 Drivers/STM32F1xx_HAL_Driver/Src/stm32f1xx_hal_pcd.o
                              0x91976 (size before relaxing)
 .debug_str     0x00092854       0x57 Drivers/STM32F1xx_HAL_Driver/Src/stm32f1xx_hal_pcd_ex.o
                              0x91443 (size before relaxing)
 .debug_str     0x000928ab      0x552 Drivers/STM32F1xx_HAL_Driver/Src/stm32f1xx_hal_pwr.o
                              0x916e3 (size before relaxing)
 .debug_str     0x00092dfd      0x3c6 Drivers/STM32F1xx_HAL_Driver/Src/stm32f1xx_hal_rcc.o
                              0x91601 (size before relaxing)
 .debug_str     0x000931c3      0x110 Drivers/STM32F1xx_HAL_Driver/Src/stm32f1xx_hal_rcc_ex.o
                              0x912d4 (size before relaxing)
 .debug_str     0x000932d3      0x4a8 Drivers/STM32F1xx_HAL_Driver/Src/stm32f1xx_hal_rtc.o
                              0x9166e (size before relaxing)
 .debug_str     0x0009377b      0x206 Drivers/STM32F1xx_HAL_Driver/Src/stm32f1xx_hal_rtc_ex.o
                              0x914a7 (size before relaxing)
 .debug_str     0x00093981      0xe7d Drivers/STM32F1xx_HAL_Driver/Src/stm32f1xx_hal_tim.o
                              0x92217 (size before relaxing)
 .debug_str     0x000947fe      0x4d0 Drivers/STM32F1xx_HAL_Driver/Src/stm32f1xx_hal_tim_ex.o
                              0x91ab1 (size before relaxing)
 .debug_str     0x00094cce      0x155 Drivers/STM32F1xx_HAL_Driver/Src/stm32f1xx_ll_usb.o
                              0x91616 (size before relaxing)
 .debug_str     0x00094e23     0x12ae Middlewares/ST/STM32_USB_Device_Library/Class/CDC/Src/usbd_cdc.o
                              0x92494 (size before relaxing)
 .debug_str     0x000960d1      0x294 Middlewares/ST/STM32_USB_Device_Library/Core/Src/usbd_core.o
                              0x9215d (size before relaxing)
 .debug_str     0x00096365      0x12e Middlewares/ST/STM32_USB_Device_Library/Core/Src/usbd_ctlreq.o
                              0x92077 (size before relaxing)
 .debug_str     0x00096493       0x51 Middlewares/ST/STM32_USB_Device_Library/Core/Src/usbd_ioreq.o
                              0x91fa4 (size before relaxing)
 .debug_str     0x000964e4     0x5f47 Middlewares/Third_Party/FreeRTOS/Source/CMSIS_RTOS/cmsis_os.o
                               0xbf66 (size before relaxing)
 .debug_str     0x0009c42b      0x148 Middlewares/Third_Party/FreeRTOS/Source/list.o
                               0x8ed6 (size before relaxing)
 .debug_str     0x0009c573      0x70d Middlewares/Third_Party/FreeRTOS/Source/queue.o
                               0xa895 (size before relaxing)
 .debug_str     0x0009cc80      0xe43 Middlewares/Third_Party/FreeRTOS/Source/tasks.o
                               0xb038 (size before relaxing)
 .debug_str     0x0009dac3      0x63d Middlewares/Third_Party/FreeRTOS/Source/portable/GCC/ARM_CM3/port.o
                               0x7525 (size before relaxing)
 .debug_str     0x0009e100       0xf1 Middlewares/Third_Party/FreeRTOS/Source/portable/MemMang/heap_1.o
                               0x9663 (size before relaxing)
 .debug_str     0x0009e1f1      0x204 Src/main.o
                              0x98143 (size before relaxing)
 .debug_str     0x0009e3f5       0x25 Src/stm32f1xx_hal_msp.o
                              0x91b17 (size before relaxing)
 .debug_str     0x0009e41a       0xa9 Src/stm32f1xx_it.o
                              0x969ab (size before relaxing)
 .debug_str     0x0009e4c3       0x61 Src/system_stm32f1xx.o
                              0x911c7 (size before relaxing)
 .debug_str     0x0009e524       0x51 Src/usb_device.o
                              0x9220f (size before relaxing)
 .debug_str     0x0009e575       0xa1 Src/usbd_cdc_if.o
                              0x92304 (size before relaxing)
 .debug_str     0x0009e616       0x46 Src/usbd_conf.o
                              0x92cd3 (size before relaxing)
 .debug_str     0x0009e65c      0x221 Src/usbd_desc.o
                              0x91e29 (size before relaxing)

.comment        0x00000000       0x6e
 .comment       0x00000000       0x6e Drivers/STM32F1xx_HAL_Driver/Src/stm32f1xx_hal.o
                                 0x6f (size before relaxing)
 .comment       0x0000006e       0x6f Drivers/STM32F1xx_HAL_Driver/Src/stm32f1xx_hal_adc.o
 .comment       0x0000006e       0x6f Drivers/STM32F1xx_HAL_Driver/Src/stm32f1xx_hal_cortex.o
 .comment       0x0000006e       0x6f Drivers/STM32F1xx_HAL_Driver/Src/stm32f1xx_hal_gpio.o
 .comment       0x0000006e       0x6f Drivers/STM32F1xx_HAL_Driver/Src/stm32f1xx_hal_pcd.o
 .comment       0x0000006e       0x6f Drivers/STM32F1xx_HAL_Driver/Src/stm32f1xx_hal_pcd_ex.o
 .comment       0x0000006e       0x6f Drivers/STM32F1xx_HAL_Driver/Src/stm32f1xx_hal_pwr.o
 .comment       0x0000006e       0x6f Drivers/STM32F1xx_HAL_Driver/Src/stm32f1xx_hal_rcc.o
 .comment       0x0000006e       0x6f Drivers/STM32F1xx_HAL_Driver/Src/stm32f1xx_hal_rcc_ex.o
 .comment       0x0000006e       0x6f Drivers/STM32F1xx_HAL_Driver/Src/stm32f1xx_hal_rtc.o
 .comment       0x0000006e       0x6f Drivers/STM32F1xx_HAL_Driver/Src/stm32f1xx_hal_rtc_ex.o
 .comment       0x0000006e       0x6f Drivers/STM32F1xx_HAL_Driver/Src/stm32f1xx_hal_tim.o
 .comment       0x0000006e       0x6f Drivers/STM32F1xx_HAL_Driver/Src/stm32f1xx_hal_tim_ex.o
 .comment       0x0000006e       0x6f Drivers/STM32F1xx_HAL_Driver/Src/stm32f1xx_ll_usb.o
 .comment       0x0000006e       0x6f Middlewares/ST/STM32_USB_Device_Library/Class/CDC/Src/usbd_cdc.o
 .comment       0x0000006e       0x6f Middlewares/ST/STM32_USB_Device_Library/Core/Src/usbd_core.o
 .comment       0x0000006e       0x6f Middlewares/ST/STM32_USB_Device_Library/Core/Src/usbd_ctlreq.o
 .comment       0x0000006e       0x6f Middlewares/ST/STM32_USB_Device_Library/Core/Src/usbd_ioreq.o
 .comment       0x0000006e       0x6f Middlewares/Third_Party/FreeRTOS/Source/CMSIS_RTOS/cmsis_os.o
 .comment       0x0000006e       0x6f Middlewares/Third_Party/FreeRTOS/Source/list.o
 .comment       0x0000006e       0x6f Middlewares/Third_Party/FreeRTOS/Source/queue.o
 .comment       0x0000006e       0x6f Middlewares/Third_Party/FreeRTOS/Source/tasks.o