Archive member included to satisfy reference by file (symbol)

d:/ac6/systemworkbench/plugins/fr.ac6.mcu.externaltools.arm-none.win32_1.13.2.201703061525/tools/compiler/bin/../lib/gcc/arm-none-eabi/5.4.1/armv7-m\libgcc.a(_lshrdi3.o)
                              Drivers/STM32F1xx_HAL_Driver/Src/stm32f1xx_hal_flash.o (__aeabi_llsr)
d:/ac6/systemworkbench/plugins/fr.ac6.mcu.externaltools.arm-none.win32_1.13.2.201703061525/tools/compiler/bin/../lib/gcc/arm-none-eabi/5.4.1/../../../../arm-none-eabi/lib/armv7-m\libc_nano.a(lib_a-exit.o)
                              d:/ac6/systemworkbench/plugins/fr.ac6.mcu.externaltools.arm-none.win32_1.13.2.201703061525/tools/compiler/bin/../lib/gcc/arm-none-eabi/5.4.1/../../../../arm-none-eabi/lib/armv7-m/crt0.o (exit)
d:/ac6/systemworkbench/plugins/fr.ac6.mcu.externaltools.arm-none.win32_1.13.2.201703061525/tools/compiler/bin/../lib/gcc/arm-none-eabi/5.4.1/../../../../arm-none-eabi/lib/armv7-m\libc_nano.a(lib_a-impure.o)
                              d:/ac6/systemworkbench/plugins/fr.ac6.mcu.externaltools.arm-none.win32_1.13.2.201703061525/tools/compiler/bin/../lib/gcc/arm-none-eabi/5.4.1/../../../../arm-none-eabi/lib/armv7-m\libc_nano.a(lib_a-exit.o) (_global_impure_ptr)
d:/ac6/systemworkbench/plugins/fr.ac6.mcu.externaltools.arm-none.win32_1.13.2.201703061525/tools/compiler/bin/../lib/gcc/arm-none-eabi/5.4.1/../../../../arm-none-eabi/lib/armv7-m\libc_nano.a(lib_a-init.o)
                              d:/ac6/systemworkbench/plugins/fr.ac6.mcu.externaltools.arm-none.win32_1.13.2.201703061525/tools/compiler/bin/../lib/gcc/arm-none-eabi/5.4.1/../../../../arm-none-eabi/lib/armv7-m/crt0.o (__libc_init_array)
d:/ac6/systemworkbench/plugins/fr.ac6.mcu.externaltools.arm-none.win32_1.13.2.201703061525/tools/compiler/bin/../lib/gcc/arm-none-eabi/5.4.1/../../../../arm-none-eabi/lib/armv7-m\libc_nano.a(lib_a-memcpy-stub.o)
                              Middlewares/Third_Party/FreeRTOS/Source/queue.o (memcpy)
d:/ac6/systemworkbench/plugins/fr.ac6.mcu.externaltools.arm-none.win32_1.13.2.201703061525/tools/compiler/bin/../lib/gcc/arm-none-eabi/5.4.1/../../../../arm-none-eabi/lib/armv7-m\libc_nano.a(lib_a-memset.o)
                              d:/ac6/systemworkbench/plugins/fr.ac6.mcu.externaltools.arm-none.win32_1.13.2.201703061525/tools/compiler/bin/../lib/gcc/arm-none-eabi/5.4.1/../../../../arm-none-eabi/lib/armv7-m/crt0.o (memset)
d:/ac6/systemworkbench/plugins/fr.ac6.mcu.externaltools.arm-none.win32_1.13.2.201703061525/tools/compiler/bin/../lib/gcc/arm-none-eabi/5.4.1/../../../../arm-none-eabi/lib/armv7-m\libnosys.a(_exit.o)
                              d:/ac6/systemworkbench/plugins/fr.ac6.mcu.externaltools.arm-none.win32_1.13.2.201703061525/tools/compiler/bin/../lib/gcc/arm-none-eabi/5.4.1/../../../../arm-none-eabi/lib/armv7-m\libc_nano.a(lib_a-exit.o) (_exit)

Allocating common symbols
Common symbol       size              file

hUsbDeviceFS        0x224             Src/usb_device.o
defaultTaskHandle   0x4               Src/main.o
TaskLedFlashHandle  0x4               Src/main.o
xQueueRegistry      0x40              Middlewares/Third_Party/FreeRTOS/Source/queue.o
TaskUsbWriteHandle  0x4               Src/main.o
pFlash              0x20              Drivers/STM32F1xx_HAL_Driver/Src/stm32f1xx_hal_flash.o
UserRxBufferFS      0x4               Src/usbd_cdc_if.o
TaskUsbReadHandle   0x4               Src/main.o
hadc1               0x30              Src/main.o
UserTxBufferFS      0x4               Src/usbd_cdc_if.o
hrtc                0x14              Src/main.o
QueUsbReadHandle    0x4               Src/main.o
QueUsbWriteHandle   0x4               Src/main.o
htim2               0x3c              Src/main.o
hpcd_USB_FS         0x420             Src/usbd_conf.o
USBD_StrDesc        0x200             Src/usbd_desc.o

Discarded input sections

 .text          0x00000000        0x0 d:/ac6/systemworkbench/plugins/fr.ac6.mcu.externaltools.arm-none.win32_1.13.2.201703061525/tools/compiler/bin/../lib/gcc/arm-none-eabi/5.4.1/armv7-m/crti.o
 .data          0x00000000        0x0 d:/ac6/systemworkbench/plugins/fr.ac6.mcu.externaltools.arm-none.win32_1.13.2.201703061525/tools/compiler/bin/../lib/gcc/arm-none-eabi/5.4.1/armv7-m/crti.o
 .bss           0x00000000        0x0 d:/ac6/systemworkbench/plugins/fr.ac6.mcu.externaltools.arm-none.win32_1.13.2.201703061525/tools/compiler/bin/../lib/gcc/arm-none-eabi/5.4.1/armv7-m/crti.o
 .data          0x00000000        0x4 d:/ac6/systemworkbench/plugins/fr.ac6.mcu.externaltools.arm-none.win32_1.13.2.201703061525/tools/compiler/bin/../lib/gcc/arm-none-eabi/5.4.1/armv7-m/crtbegin.o
 .text          0x00000000       0x74 d:/ac6/systemworkbench/plugins/fr.ac6.mcu.externaltools.arm-none.win32_1.13.2.201703061525/tools/compiler/bin/../lib/gcc/arm-none-eabi/5.4.1/../../../../arm-none-eabi/lib/armv7-m/crt0.o
[...]
Memory Configuration

Name             Origin             Length             Attributes
RAM              0x20000000         0x00005000         xrw
FLASH            0x08000000         0x00020000         xr
*default*        0x00000000         0xffffffff

Linker script and memory map

LOAD d:/ac6/systemworkbench/plugins/fr.ac6.mcu.externaltools.arm-none.win32_1.13.2.201703061525/tools/compiler/bin/../lib/gcc/arm-none-eabi/5.4.1/armv7-m/crti.o
LOAD d:/ac6/systemworkbench/plugins/fr.ac6.mcu.externaltools.arm-none.win32_1.13.2.201703061525/tools/compiler/bin/../lib/gcc/arm-none-eabi/5.4.1/armv7-m/crtbegin.o
LOAD d:/ac6/systemworkbench/plugins/fr.ac6.mcu.externaltools.arm-none.win32_1.13.2.201703061525/tools/compiler/bin/../lib/gcc/arm-none-eabi/5.4.1/../../../../arm-none-eabi/lib/armv7-m/crt0.o
LOAD d:/ac6/systemworkbench/plugins/fr.ac6.mcu.externaltools.arm-none.win32_1.13.2.201703061525/tools/compiler/bin/../lib/gcc/arm-none-eabi/5.4.1/../../../../arm-none-eabi/lib/armv7-m\libm.a
LOAD Drivers/STM32F1xx_HAL_Driver/Src/stm32f1xx_hal.o
LOAD Drivers/STM32F1xx_HAL_Driver/Src/stm32f1xx_hal_adc.o
LOAD Drivers/STM32F1xx_HAL_Driver/Src/stm32f1xx_hal_adc_ex.o
LOAD Drivers/STM32F1xx_HAL_Driver/Src/stm32f1xx_hal_cortex.o
LOAD Drivers/STM32F1xx_HAL_Driver/Src/stm32f1xx_hal_dma.o
LOAD Drivers/STM32F1xx_HAL_Driver/Src/stm32f1xx_hal_flash.o
LOAD Drivers/STM32F1xx_HAL_Driver/Src/stm32f1xx_hal_flash_ex.o
LOAD Drivers/STM32F1xx_HAL_Driver/Src/stm32f1xx_hal_gpio.o
LOAD Drivers/STM32F1xx_HAL_Driver/Src/stm32f1xx_hal_gpio_ex.o
LOAD Drivers/STM32F1xx_HAL_Driver/Src/stm32f1xx_hal_pcd.o
LOAD Drivers/STM32F1xx_HAL_Driver/Src/stm32f1xx_hal_pcd_ex.o
LOAD Drivers/STM32F1xx_HAL_Driver/Src/stm32f1xx_hal_pwr.o
LOAD Drivers/STM32F1xx_HAL_Driver/Src/stm32f1xx_hal_rcc.o
LOAD Drivers/STM32F1xx_HAL_Driver/Src/stm32f1xx_hal_rcc_ex.o
LOAD Drivers/STM32F1xx_HAL_Driver/Src/stm32f1xx_hal_rtc.o
LOAD Drivers/STM32F1xx_HAL_Driver/Src/stm32f1xx_hal_rtc_ex.o
LOAD Drivers/STM32F1xx_HAL_Driver/Src/stm32f1xx_hal_tim.o
LOAD Drivers/STM32F1xx_HAL_Driver/Src/stm32f1xx_hal_tim_ex.o
LOAD Drivers/STM32F1xx_HAL_Driver/Src/stm32f1xx_ll_usb.o
LOAD Middlewares/ST/STM32_USB_Device_Library/Class/CDC/Src/usbd_cdc.o
LOAD Middlewares/ST/STM32_USB_Device_Library/Core/Src/usbd_core.o
LOAD Middlewares/ST/STM32_USB_Device_Library/Core/Src/usbd_ctlreq.o
LOAD Middlewares/ST/STM32_USB_Device_Library/Core/Src/usbd_ioreq.o
LOAD Middlewares/Third_Party/FreeRTOS/Source/CMSIS_RTOS/cmsis_os.o
LOAD Middlewares/Third_Party/FreeRTOS/Source/croutine.o
LOAD Middlewares/Third_Party/FreeRTOS/Source/event_groups.o
LOAD Middlewares/Third_Party/FreeRTOS/Source/list.o
LOAD Middlewares/Third_Party/FreeRTOS/Source/queue.o
LOAD Middlewares/Third_Party/FreeRTOS/Source/tasks.o
LOAD Middlewares/Third_Party/FreeRTOS/Source/timers.o
LOAD Middlewares/Third_Party/FreeRTOS/Source/portable/GCC/ARM_CM3/port.o
LOAD Middlewares/Third_Party/FreeRTOS/Source/portable/MemMang/heap_1.o
LOAD Src/freertos.o
LOAD Src/main.o
LOAD Src/stm32f1xx_hal_msp.o
LOAD Src/stm32f1xx_it.o
LOAD Src/system_stm32f1xx.o
LOAD Src/usb_device.o
LOAD Src/usbd_cdc_if.o
LOAD Src/usbd_conf.o
LOAD Src/usbd_desc.o
LOAD startup/startup_stm32f103xb.o
START GROUP
LOAD d:/ac6/systemworkbench/plugins/fr.ac6.mcu.externaltools.arm-none.win32_1.13.2.201703061525/tools/compiler/bin/../lib/gcc/arm-none-eabi/5.4.1/armv7-m\libgcc.a
LOAD d:/ac6/systemworkbench/plugins/fr.ac6.mcu.externaltools.arm-none.win32_1.13.2.201703061525/tools/compiler/bin/../lib/gcc/arm-none-eabi/5.4.1/../../../../arm-none-eabi/lib/armv7-m\libc_nano.a
END GROUP
START GROUP
LOAD d:/ac6/systemworkbench/plugins/fr.ac6.mcu.externaltools.arm-none.win32_1.13.2.201703061525/tools/compiler/bin/../lib/gcc/arm-none-eabi/5.4.1/armv7-m\libgcc.a
LOAD d:/ac6/systemworkbench/plugins/fr.ac6.mcu.externaltools.arm-none.win32_1.13.2.201703061525/tools/compiler/bin/../lib/gcc/arm-none-eabi/5.4.1/../../../../arm-none-eabi/lib/armv7-m\libc_nano.a
LOAD d:/ac6/systemworkbench/plugins/fr.ac6.mcu.externaltools.arm-none.win32_1.13.2.201703061525/tools/compiler/bin/../lib/gcc/arm-none-eabi/5.4.1/../../../../arm-none-eabi/lib/armv7-m\libnosys.a
END GROUP
START GROUP
LOAD d:/ac6/systemworkbench/plugins/fr.ac6.mcu.externaltools.arm-none.win32_1.13.2.201703061525/tools/compiler/bin/../lib/gcc/arm-none-eabi/5.4.1/armv7-m\libgcc.a
LOAD d:/ac6/systemworkbench/plugins/fr.ac6.mcu.externaltools.arm-none.win32_1.13.2.201703061525/tools/compiler/bin/../lib/gcc/arm-none-eabi/5.4.1/../../../../arm-none-eabi/lib/armv7-m\libc_nano.a
LOAD d:/ac6/systemworkbench/plugins/fr.ac6.mcu.externaltools.arm-none.win32_1.13.2.201703061525/tools/compiler/bin/../lib/gcc/arm-none-eabi/5.4.1/../../../../arm-none-eabi/lib/armv7-m\libnosys.a
END GROUP
LOAD d:/ac6/systemworkbench/plugins/fr.ac6.mcu.externaltools.arm-none.win32_1.13.2.201703061525/tools/compiler/bin/../lib/gcc/arm-none-eabi/5.4.1/armv7-m/crtend.o
LOAD d:/ac6/systemworkbench/plugins/fr.ac6.mcu.externaltools.arm-none.win32_1.13.2.201703061525/tools/compiler/bin/../lib/gcc/arm-none-eabi/5.4.1/armv7-m/crtn.o
                0x20005000                _estack = 0x20005000
                0x00000200                _Min_Heap_Size = 0x200
                0x00000400                _Min_Stack_Size = 0x400

.isr_vector     0x08000000      0x10c
                0x08000000                . = ALIGN (0x4)
 *(.isr_vector)
 .isr_vector    0x08000000      0x10c startup/startup_stm32f103xb.o
                0x08000000                g_pfnVectors
                0x0800010c                . = ALIGN (0x4)

.text           0x0800010c     0x4328
                0x0800010c                . = ALIGN (0x4)
 *(.text)
 .text          0x0800010c       0x5c d:/ac6/systemworkbench/plugins/fr.ac6.mcu.externaltools.arm-none.win32_1.13.2.201703061525/tools/compiler/bin/../lib/gcc/arm-none-eabi/5.4.1/armv7-m/crtbegin.o
 *(.text*)
 .text.HAL_InitTick
                0x08000168       0x24 Drivers/STM32F1xx_HAL_Driver/Src/stm32f1xx_hal.o
                0x08000168                HAL_InitTick
 .text.HAL_Init
                0x0800018c       0x24 Drivers/STM32F1xx_HAL_Driver/Src/stm32f1xx_hal.o
                0x0800018c                HAL_Init
 .text.HAL_IncTick
                0x080001b0       0x10 Drivers/STM32F1xx_HAL_Driver/Src/stm32f1xx_hal.o
                0x080001b0                HAL_IncTick
 .text.HAL_GetTick
                0x080001c0        0xc Drivers/STM32F1xx_HAL_Driver/Src/stm32f1xx_hal.o
                0x080001c0                HAL_GetTick
 .text.HAL_Delay
                0x080001cc       0x1a Drivers/STM32F1xx_HAL_Driver/Src/stm32f1xx_hal.o
                0x080001cc                HAL_Delay
 *fill*         0x080001e6        0x2 
 .text.HAL_ADC_ConfigChannel
                0x080001e8      0x180 Drivers/STM32F1xx_HAL_Driver/Src/stm32f1xx_hal_adc.o
                0x080001e8                HAL_ADC_ConfigChannel
 .text.ADC_ConversionStop_Disable
                0x08000368       0x44 Drivers/STM32F1xx_HAL_Driver/Src/stm32f1xx_hal_adc.o
                0x08000368                ADC_ConversionStop_Disable
 .text.HAL_ADC_Init
                0x080003ac      0x128 Drivers/STM32F1xx_HAL_Driver/Src/stm32f1xx_hal_adc.o
                0x080003ac                HAL_ADC_Init
 .text.HAL_NVIC_SetPriorityGrouping
                0x080004d4       0x24 Drivers/STM32F1xx_HAL_Driver/Src/stm32f1xx_hal_cortex.o
                0x080004d4                HAL_NVIC_SetPriorityGrouping
 .text.HAL_NVIC_SetPriority
                0x080004f8       0x68 Drivers/STM32F1xx_HAL_Driver/Src/stm32f1xx_hal_cortex.o
                0x080004f8                HAL_NVIC_SetPriority
 .text.HAL_NVIC_EnableIRQ
                0x08000560       0x18 Drivers/STM32F1xx_HAL_Driver/Src/stm32f1xx_hal_cortex.o
                0x08000560                HAL_NVIC_EnableIRQ
 .text.HAL_SYSTICK_Config
                0x08000578       0x2c Drivers/STM32F1xx_HAL_Driver/Src/stm32f1xx_hal_cortex.o
                0x08000578                HAL_SYSTICK_Config
 .text.HAL_SYSTICK_CLKSourceConfig
                0x080005a4       0x18 Drivers/STM32F1xx_HAL_Driver/Src/stm32f1xx_hal_cortex.o
                0x080005a4                HAL_SYSTICK_CLKSourceConfig
 .text.HAL_GPIO_Init
                0x080005bc      0x1b0 Drivers/STM32F1xx_HAL_Driver/Src/stm32f1xx_hal_gpio.o
                0x080005bc                HAL_GPIO_Init
 .text.HAL_GPIO_WritePin
                0x0800076c        0x8 Drivers/STM32F1xx_HAL_Driver/Src/stm32f1xx_hal_gpio.o
                0x0800076c                HAL_GPIO_WritePin
 .text.HAL_GPIO_TogglePin
                0x08000774        0x8 Drivers/STM32F1xx_HAL_Driver/Src/stm32f1xx_hal_gpio.o
                0x08000774                HAL_GPIO_TogglePin
 .text.HAL_PCD_Init
                0x0800077c       0xd4 Drivers/STM32F1xx_HAL_Driver/Src/stm32f1xx_hal_pcd.o
                0x0800077c                HAL_PCD_Init
 .text.HAL_PCD_Start
                0x08000850       0x2e Drivers/STM32F1xx_HAL_Driver/Src/stm32f1xx_hal_pcd.o
                0x08000850                HAL_PCD_Start
 .text.HAL_PCD_SetAddress
                0x0800087e       0x28 Drivers/STM32F1xx_HAL_Driver/Src/stm32f1xx_hal_pcd.o
                0x0800087e                HAL_PCD_SetAddress
 .text.HAL_PCD_EP_Open
                0x080008a6       0x46 Drivers/STM32F1xx_HAL_Driver/Src/stm32f1xx_hal_pcd.o
                0x080008a6                HAL_PCD_EP_Open
 .text.HAL_PCD_EP_Close
                0x080008ec       0x42 Drivers/STM32F1xx_HAL_Driver/Src/stm32f1xx_hal_pcd.o
                0x080008ec                HAL_PCD_EP_Close
 .text.HAL_PCD_EP_Receive
                0x0800092e       0x48 Drivers/STM32F1xx_HAL_Driver/Src/stm32f1xx_hal_pcd.o
                0x0800092e                HAL_PCD_EP_Receive
 .text.HAL_PCD_EP_GetRxCount
                0x08000976        0xe Drivers/STM32F1xx_HAL_Driver/Src/stm32f1xx_hal_pcd.o
                0x08000976                HAL_PCD_EP_GetRxCount
 .text.HAL_PCD_EP_Transmit
                0x08000984       0x40 Drivers/STM32F1xx_HAL_Driver/Src/stm32f1xx_hal_pcd.o
                0x08000984                HAL_PCD_EP_Transmit
 .text.HAL_PCD_IRQHandler
                0x080009c4      0x4d0 Drivers/STM32F1xx_HAL_Driver/Src/stm32f1xx_hal_pcd.o
                0x080009c4                HAL_PCD_IRQHandler
 .text.HAL_PCD_EP_SetStall
                0x08000e94       0x52 Drivers/STM32F1xx_HAL_Driver/Src/stm32f1xx_hal_pcd.o
                0x08000e94                HAL_PCD_EP_SetStall
 .text.HAL_PCD_EP_ClrStall
                0x08000ee6       0x46 Drivers/STM32F1xx_HAL_Driver/Src/stm32f1xx_hal_pcd.o
                0x08000ee6                HAL_PCD_EP_ClrStall
 .text.HAL_PCDEx_PMAConfig
                0x08000f2c       0x30 Drivers/STM32F1xx_HAL_Driver/Src/stm32f1xx_hal_pcd_ex.o
                0x08000f2c                HAL_PCDEx_PMAConfig
 .text.HAL_PWR_EnableBkUpAccess
                0x08000f5c       0x1c Drivers/STM32F1xx_HAL_Driver/Src/stm32f1xx_hal_pwr.o
                0x08000f5c                HAL_PWR_EnableBkUpAccess
 .text.HAL_RCC_OscConfig
                0x08000f78      0x4c0 Drivers/STM32F1xx_HAL_Driver/Src/stm32f1xx_hal_rcc.o
                0x08000f78                HAL_RCC_OscConfig
 .text.HAL_RCC_GetSysClockFreq
                0x08001438       0x90 Drivers/STM32F1xx_HAL_Driver/Src/stm32f1xx_hal_rcc.o
                0x08001438                HAL_RCC_GetSysClockFreq
 .text.HAL_RCC_ClockConfig
                0x080014c8      0x164 Drivers/STM32F1xx_HAL_Driver/Src/stm32f1xx_hal_rcc.o
                0x080014c8                HAL_RCC_ClockConfig
 .text.HAL_RCC_GetHCLKFreq
                0x0800162c        0xc Drivers/STM32F1xx_HAL_Driver/Src/stm32f1xx_hal_rcc.o
                0x0800162c                HAL_RCC_GetHCLKFreq
 .text.HAL_RCC_GetPCLK2Freq
                0x08001638       0x30 Drivers/STM32F1xx_HAL_Driver/Src/stm32f1xx_hal_rcc.o
                0x08001638                HAL_RCC_GetPCLK2Freq
 .text.HAL_RCCEx_PeriphCLKConfig
                0x08001668      0x114 Drivers/STM32F1xx_HAL_Driver/Src/stm32f1xx_hal_rcc_ex.o
                0x08001668                HAL_RCCEx_PeriphCLKConfig
 .text.HAL_RCCEx_GetPeriphCLKFreq
                0x0800177c      0x110 Drivers/STM32F1xx_HAL_Driver/Src/stm32f1xx_hal_rcc_ex.o
                0x0800177c                HAL_RCCEx_GetPeriphCLKFreq
 .text.RTC_ReadTimeCounter
                0x0800188c       0x24 Drivers/STM32F1xx_HAL_Driver/Src/stm32f1xx_hal_rtc.o
 .text.RTC_ReadAlarmCounter
                0x080018b0        0xe Drivers/STM32F1xx_HAL_Driver/Src/stm32f1xx_hal_rtc.o
 .text.RTC_Bcd2ToByte
                0x080018be       0x10 Drivers/STM32F1xx_HAL_Driver/Src/stm32f1xx_hal_rtc.o
 .text.RTC_WeekDayNum
                0x080018ce       0x7c Drivers/STM32F1xx_HAL_Driver/Src/stm32f1xx_hal_rtc.o
 .text.RTC_EnterInitMode
                0x0800194a       0x2e Drivers/STM32F1xx_HAL_Driver/Src/stm32f1xx_hal_rtc.o
 .text.RTC_ExitInitMode
                0x08001978       0x30 Drivers/STM32F1xx_HAL_Driver/Src/stm32f1xx_hal_rtc.o
 .text.RTC_WriteTimeCounter
                0x080019a8       0x28 Drivers/STM32F1xx_HAL_Driver/Src/stm32f1xx_hal_rtc.o
 .text.RTC_WriteAlarmCounter
                0x080019d0       0x28 Drivers/STM32F1xx_HAL_Driver/Src/stm32f1xx_hal_rtc.o
 .text.HAL_RTC_SetTime
                0x080019f8       0xa8 Drivers/STM32F1xx_HAL_Driver/Src/stm32f1xx_hal_rtc.o
                0x080019f8                HAL_RTC_SetTime
 .text.HAL_RTC_SetDate
                0x08001aa0       0xb8 Drivers/STM32F1xx_HAL_Driver/Src/stm32f1xx_hal_rtc.o
                0x08001aa0                HAL_RTC_SetDate
 .text.HAL_RTC_WaitForSynchro
                0x08001b58       0x36 Drivers/STM32F1xx_HAL_Driver/Src/stm32f1xx_hal_rtc.o
                0x08001b58                HAL_RTC_WaitForSynchro
 *fill*         0x08001b8e        0x2 
 .text.HAL_RTC_Init
                0x08001b90       0xa0 Drivers/STM32F1xx_HAL_Driver/Src/stm32f1xx_hal_rtc.o
                0x08001b90                HAL_RTC_Init
 .text.HAL_RTCEx_BKUPWrite
                0x08001c30       0x10 Drivers/STM32F1xx_HAL_Driver/Src/stm32f1xx_hal_rtc_ex.o
                0x08001c30                HAL_RTCEx_BKUPWrite
 .text.HAL_RTCEx_BKUPRead
                0x08001c40       0x10 Drivers/STM32F1xx_HAL_Driver/Src/stm32f1xx_hal_rtc_ex.o
                0x08001c40                HAL_RTCEx_BKUPRead
 .text.TIM_OC1_SetConfig
                0x08001c50       0x50 Drivers/STM32F1xx_HAL_Driver/Src/stm32f1xx_hal_tim.o
 .text.TIM_OC3_SetConfig
                0x08001ca0       0x58 Drivers/STM32F1xx_HAL_Driver/Src/stm32f1xx_hal_tim.o
 .text.TIM_OC4_SetConfig
                0x08001cf8       0x44 Drivers/STM32F1xx_HAL_Driver/Src/stm32f1xx_hal_tim.o
 .text.HAL_TIM_PWM_MspInit
                0x08001d3c        0x2 Drivers/STM32F1xx_HAL_Driver/Src/stm32f1xx_hal_tim.o
                0x08001d3c                HAL_TIM_PWM_MspInit
 .text.HAL_TIM_ConfigClockSource
                0x08001d3e      0x174 Drivers/STM32F1xx_HAL_Driver/Src/stm32f1xx_hal_tim.o
                0x08001d3e                HAL_TIM_ConfigClockSource
 *fill*         0x08001eb2        0x2 
 .text.TIM_Base_SetConfig
                0x08001eb4       0x68 Drivers/STM32F1xx_HAL_Driver/Src/stm32f1xx_hal_tim.o
                0x08001eb4                TIM_Base_SetConfig
 .text.HAL_TIM_Base_Init
                0x08001f1c       0x34 Drivers/STM32F1xx_HAL_Driver/Src/stm32f1xx_hal_tim.o
                0x08001f1c                HAL_TIM_Base_Init
 .text.HAL_TIM_PWM_Init
                0x08001f50       0x34 Drivers/STM32F1xx_HAL_Driver/Src/stm32f1xx_hal_tim.o
                0x08001f50                HAL_TIM_PWM_Init
 .text.TIM_OC2_SetConfig
                0x08001f84       0x58 Drivers/STM32F1xx_HAL_Driver/Src/stm32f1xx_hal_tim.o
                0x08001f84                TIM_OC2_SetConfig
 .text.HAL_TIM_PWM_ConfigChannel
                0x08001fdc       0xc6 Drivers/STM32F1xx_HAL_Driver/Src/stm32f1xx_hal_tim.o
                0x08001fdc                HAL_TIM_PWM_ConfigChannel
 .text.HAL_TIMEx_MasterConfigSynchronization
                0x080020a2       0x44 Drivers/STM32F1xx_HAL_Driver/Src/stm32f1xx_hal_tim_ex.o
                0x080020a2                HAL_TIMEx_MasterConfigSynchronization
 .text.USB_CoreInit
                0x080020e6        0xe Drivers/STM32F1xx_HAL_Driver/Src/stm32f1xx_ll_usb.o
                0x080020e6                USB_CoreInit
 .text.USB_EnableGlobalInt
                0x080020f4       0x12 Drivers/STM32F1xx_HAL_Driver/Src/stm32f1xx_ll_usb.o
                0x080020f4                USB_EnableGlobalInt
 .text.USB_DisableGlobalInt
                0x08002106       0x14 Drivers/STM32F1xx_HAL_Driver/Src/stm32f1xx_ll_usb.o
                0x08002106                USB_DisableGlobalInt
 .text.USB_SetCurrentMode
                0x0800211a        0x4 Drivers/STM32F1xx_HAL_Driver/Src/stm32f1xx_ll_usb.o
                0x0800211a                USB_SetCurrentMode
 .text.USB_DevInit
                0x0800211e       0x28 Drivers/STM32F1xx_HAL_Driver/Src/stm32f1xx_ll_usb.o
                0x0800211e                USB_DevInit
 .text.USB_ActivateEndpoint
                0x08002146      0x2e4 Drivers/STM32F1xx_HAL_Driver/Src/stm32f1xx_ll_usb.o
                0x08002146                USB_ActivateEndpoint
 .text.USB_DeactivateEndpoint
                0x0800242a      0x170 Drivers/STM32F1xx_HAL_Driver/Src/stm32f1xx_ll_usb.o
                0x0800242a                USB_DeactivateEndpoint
 .text.USB_EPSetStall
                0x0800259a       0x62 Drivers/STM32F1xx_HAL_Driver/Src/stm32f1xx_ll_usb.o
                0x0800259a                USB_EPSetStall
 .text.USB_EPClearStall
                0x080025fc       0x84 Drivers/STM32F1xx_HAL_Driver/Src/stm32f1xx_ll_usb.o
                0x080025fc                USB_EPClearStall
 .text.USB_SetDevAddress
                0x08002680        0xc Drivers/STM32F1xx_HAL_Driver/Src/stm32f1xx_ll_usb.o
                0x08002680                USB_SetDevAddress
 .text.USB_DevConnect
                0x0800268c        0x4 Drivers/STM32F1xx_HAL_Driver/Src/stm32f1xx_ll_usb.o
                0x0800268c                USB_DevConnect
 .text.USB_DevDisconnect
                0x08002690        0x4 Drivers/STM32F1xx_HAL_Driver/Src/stm32f1xx_ll_usb.o
                0x08002690                USB_DevDisconnect
 .text.USB_ReadInterrupts
                0x08002694        0x8 Drivers/STM32F1xx_HAL_Driver/Src/stm32f1xx_ll_usb.o
                0x08002694                USB_ReadInterrupts
 .text.USB_EP0_OutStart
                0x0800269c        0x4 Drivers/STM32F1xx_HAL_Driver/Src/stm32f1xx_ll_usb.o
                0x0800269c                USB_EP0_OutStart
 .text.USB_WritePMA
                0x080026a0       0x22 Drivers/STM32F1xx_HAL_Driver/Src/stm32f1xx_ll_usb.o
                0x080026a0                USB_WritePMA
 .text.USB_EPStartXfer
                0x080026c2      0x1a0 Drivers/STM32F1xx_HAL_Driver/Src/stm32f1xx_ll_usb.o
                0x080026c2                USB_EPStartXfer
 .text.USB_ReadPMA
                0x08002862       0x22 Drivers/STM32F1xx_HAL_Driver/Src/stm32f1xx_ll_usb.o
                0x08002862                USB_ReadPMA
 .text.USBD_CDC_DataIn
                0x08002884       0x12 Middlewares/ST/STM32_USB_Device_Library/Class/CDC/Src/usbd_cdc.o
 .text.USBD_CDC_EP0_RxReady
                0x08002896       0x28 Middlewares/ST/STM32_USB_Device_Library/Class/CDC/Src/usbd_cdc.o
 *fill*         0x080028be        0x2 
 .text.USBD_CDC_GetFSCfgDesc
                0x080028c0        0xc Middlewares/ST/STM32_USB_Device_Library/Class/CDC/Src/usbd_cdc.o
 .text.USBD_CDC_GetHSCfgDesc
                0x080028cc        0xc Middlewares/ST/STM32_USB_Device_Library/Class/CDC/Src/usbd_cdc.o
 .text.USBD_CDC_GetOtherSpeedCfgDesc
                0x080028d8        0xc Middlewares/ST/STM32_USB_Device_Library/Class/CDC/Src/usbd_cdc.o
 .text.USBD_CDC_GetDeviceQualifierDescriptor
                0x080028e4        0xc Middlewares/ST/STM32_USB_Device_Library/Class/CDC/Src/usbd_cdc.o
                0x080028e4                USBD_CDC_GetDeviceQualifierDescriptor
 .text.USBD_CDC_DataOut
                0x080028f0       0x2e Middlewares/ST/STM32_USB_Device_Library/Class/CDC/Src/usbd_cdc.o
 *fill*         0x0800291e        0x2 
 .text.USBD_CDC_Setup
                0x08002920       0x6c Middlewares/ST/STM32_USB_Device_Library/Class/CDC/Src/usbd_cdc.o
 .text.USBD_CDC_DeInit
                0x0800298c       0x3a Middlewares/ST/STM32_USB_Device_Library/Class/CDC/Src/usbd_cdc.o
 .text.USBD_CDC_Init
                0x080029c6       0x8c Middlewares/ST/STM32_USB_Device_Library/Class/CDC/Src/usbd_cdc.o
 .text.USBD_CDC_RegisterInterface
                0x08002a52        0xe Middlewares/ST/STM32_USB_Device_Library/Class/CDC/Src/usbd_cdc.o
                0x08002a52                USBD_CDC_RegisterInterface
 .text.USBD_CDC_SetTxBuffer
                0x08002a60       0x10 Middlewares/ST/STM32_USB_Device_Library/Class/CDC/Src/usbd_cdc.o
                0x08002a60                USBD_CDC_SetTxBuffer
 .text.USBD_CDC_SetRxBuffer
                0x08002a70        0xc Middlewares/ST/STM32_USB_Device_Library/Class/CDC/Src/usbd_cdc.o
                0x08002a70                USBD_CDC_SetRxBuffer
 .text.USBD_CDC_ReceivePacket
                0x08002a7c       0x26 Middlewares/ST/STM32_USB_Device_Library/Class/CDC/Src/usbd_cdc.o
                0x08002a7c                USBD_CDC_ReceivePacket
 .text.USBD_Init
                0x08002aa2       0x2a Middlewares/ST/STM32_USB_Device_Library/Core/Src/usbd_core.o
                0x08002aa2                USBD_Init
 .text.USBD_RegisterClass
                0x08002acc        0xe Middlewares/ST/STM32_USB_Device_Library/Core/Src/usbd_core.o
                0x08002acc                USBD_RegisterClass
 .text.USBD_Start
                0x08002ada        0xa Middlewares/ST/STM32_USB_Device_Library/Core/Src/usbd_core.o
                0x08002ada                USBD_Start
 .text.USBD_SetClassConfig
                0x08002ae4       0x16 Middlewares/ST/STM32_USB_Device_Library/Core/Src/usbd_core.o
                0x08002ae4                USBD_SetClassConfig
 .text.USBD_ClrClassConfig
                0x08002afa        0xe Middlewares/ST/STM32_USB_Device_Library/Core/Src/usbd_core.o
                0x08002afa                USBD_ClrClassConfig
 .text.USBD_LL_SetupStage
                0x08002b08       0x5a Middlewares/ST/STM32_USB_Device_Library/Core/Src/usbd_core.o
                0x08002b08                USBD_LL_SetupStage
 .text.USBD_LL_DataOutStage
                0x08002b62       0x62 Middlewares/ST/STM32_USB_Device_Library/Core/Src/usbd_core.o
                0x08002b62                USBD_LL_DataOutStage
 .text.USBD_LL_DataInStage
                0x08002bc4       0x9c Middlewares/ST/STM32_USB_Device_Library/Core/Src/usbd_core.o
                0x08002bc4                USBD_LL_DataInStage
 .text.USBD_LL_Reset
                0x08002c60       0x3e Middlewares/ST/STM32_USB_Device_Library/Core/Src/usbd_core.o
                0x08002c60                USBD_LL_Reset
 .text.USBD_LL_SetSpeed
                0x08002c9e        0x6 Middlewares/ST/STM32_USB_Device_Library/Core/Src/usbd_core.o
                0x08002c9e                USBD_LL_SetSpeed
 .text.USBD_LL_Suspend
                0x08002ca4       0x12 Middlewares/ST/STM32_USB_Device_Library/Core/Src/usbd_core.o
                0x08002ca4                USBD_LL_Suspend
 .text.USBD_LL_Resume
                0x08002cb6        0xc Middlewares/ST/STM32_USB_Device_Library/Core/Src/usbd_core.o
                0x08002cb6                USBD_LL_Resume
 .text.USBD_LL_SOF
                0x08002cc2       0x18 Middlewares/ST/STM32_USB_Device_Library/Core/Src/usbd_core.o
                0x08002cc2                USBD_LL_SOF
 .text.USBD_ParseSetupRequest
                0x08002cda       0x28 Middlewares/ST/STM32_USB_Device_Library/Core/Src/usbd_ctlreq.o
                0x08002cda                USBD_ParseSetupRequest
 .text.USBD_CtlError
                0x08002d02       0x16 Middlewares/ST/STM32_USB_Device_Library/Core/Src/usbd_ctlreq.o
                0x08002d02                USBD_CtlError
 .text.USBD_StdDevReq
                0x08002d18      0x214 Middlewares/ST/STM32_USB_Device_Library/Core/Src/usbd_ctlreq.o
                0x08002d18                USBD_StdDevReq
 .text.USBD_StdItfReq
                0x08002f2c       0x30 Middlewares/ST/STM32_USB_Device_Library/Core/Src/usbd_ctlreq.o
                0x08002f2c                USBD_StdItfReq
 .text.USBD_StdEPReq
                0x08002f5c       0xc6 Middlewares/ST/STM32_USB_Device_Library/Core/Src/usbd_ctlreq.o
                0x08002f5c                USBD_StdEPReq
 .text.USBD_GetString
                0x08003022       0x38 Middlewares/ST/STM32_USB_Device_Library/Core/Src/usbd_ctlreq.o
                0x08003022                USBD_GetString
 .text.USBD_CtlSendData
                0x0800305a       0x1a Middlewares/ST/STM32_USB_Device_Library/Core/Src/usbd_ioreq.o
                0x0800305a                USBD_CtlSendData
 .text.USBD_CtlContinueSendData
                0x08003074       0x10 Middlewares/ST/STM32_USB_Device_Library/Core/Src/usbd_ioreq.o
                0x08003074                USBD_CtlContinueSendData
 .text.USBD_CtlPrepareRx
                0x08003084       0x1e Middlewares/ST/STM32_USB_Device_Library/Core/Src/usbd_ioreq.o
                0x08003084                USBD_CtlPrepareRx
 .text.USBD_CtlContinueRx
                0x080030a2       0x10 Middlewares/ST/STM32_USB_Device_Library/Core/Src/usbd_ioreq.o
                0x080030a2                USBD_CtlContinueRx
 .text.USBD_CtlSendStatus
                0x080030b2       0x16 Middlewares/ST/STM32_USB_Device_Library/Core/Src/usbd_ioreq.o
                0x080030b2                USBD_CtlSendStatus
 .text.USBD_CtlReceiveStatus
                0x080030c8       0x16 Middlewares/ST/STM32_USB_Device_Library/Core/Src/usbd_ioreq.o
                0x080030c8                USBD_CtlReceiveStatus
 .text.osKernelStart
                0x080030de        0xa Middlewares/Third_Party/FreeRTOS/Source/CMSIS_RTOS/cmsis_os.o
                0x080030de                osKernelStart
 .text.osThreadCreate
                0x080030e8       0x38 Middlewares/Third_Party/FreeRTOS/Source/CMSIS_RTOS/cmsis_os.o
                0x080030e8                osThreadCreate
 .text.osDelay  0x08003120       0x10 Middlewares/Third_Party/FreeRTOS/Source/CMSIS_RTOS/cmsis_os.o
                0x08003120                osDelay
 .text.osMessageCreate
                0x08003130        0x8 Middlewares/Third_Party/FreeRTOS/Source/CMSIS_RTOS/cmsis_os.o
                0x08003130                osMessageCreate
 .text.osSystickHandler
                0x08003138       0x14 Middlewares/Third_Party/FreeRTOS/Source/CMSIS_RTOS/cmsis_os.o
                0x08003138                osSystickHandler
 .text.vListInitialise
                0x0800314c       0x16 Middlewares/Third_Party/FreeRTOS/Source/list.o
                0x0800314c                vListInitialise
 .text.vListInitialiseItem
                0x08003162        0x6 Middlewares/Third_Party/FreeRTOS/Source/list.o
                0x08003162                vListInitialiseItem
 .text.vListInsertEnd
                0x08003168       0x18 Middlewares/Third_Party/FreeRTOS/Source/list.o
                0x08003168                vListInsertEnd
 .text.vListInsert
                0x08003180       0x30 Middlewares/Third_Party/FreeRTOS/Source/list.o
                0x08003180                vListInsert
 .text.uxListRemove
                0x080031b0       0x20 Middlewares/Third_Party/FreeRTOS/Source/list.o
                0x080031b0                uxListRemove
 .text.xQueueGenericReset
                0x080031d0       0x62 Middlewares/Third_Party/FreeRTOS/Source/queue.o
                0x080031d0                xQueueGenericReset
 .text.xQueueGenericCreate
                0x08003232       0x4c Middlewares/Third_Party/FreeRTOS/Source/queue.o
                0x08003232                xQueueGenericCreate
 *fill*         0x0800327e        0x2 
 .text.prvIdleTask
                0x08003280       0x14 Middlewares/Third_Party/FreeRTOS/Source/tasks.o
 .text.prvResetNextTaskUnblockTime
                0x08003294       0x20 Middlewares/Third_Party/FreeRTOS/Source/tasks.o
 .text.prvAddCurrentTaskToDelayedList
                0x080032b4       0x40 Middlewares/Third_Party/FreeRTOS/Source/tasks.o
 .text.xTaskGenericCreate
                0x080032f4      0x19c Middlewares/Third_Party/FreeRTOS/Source/tasks.o
                0x080032f4                xTaskGenericCreate
 .text.vTaskStartScheduler
                0x08003490       0x58 Middlewares/Third_Party/FreeRTOS/Source/tasks.o
                0x08003490                vTaskStartScheduler
 .text.vTaskSuspendAll
                0x080034e8       0x14 Middlewares/Third_Party/FreeRTOS/Source/tasks.o
                0x080034e8                vTaskSuspendAll
 .text.xTaskIncrementTick
                0x080034fc       0xf0 Middlewares/Third_Party/FreeRTOS/Source/tasks.o
                0x080034fc                xTaskIncrementTick
 .text.xTaskResumeAll
                0x080035ec       0xd0 Middlewares/Third_Party/FreeRTOS/Source/tasks.o
                0x080035ec                xTaskResumeAll
 .text.vTaskDelay
                0x080036bc       0x5c Middlewares/Third_Party/FreeRTOS/Source/tasks.o
                0x080036bc                vTaskDelay
 .text.vTaskSwitchContext
                0x08003718       0x60 Middlewares/Third_Party/FreeRTOS/Source/tasks.o
                0x08003718                vTaskSwitchContext
 .text.xTaskRemoveFromEventList
                0x08003778       0x68 Middlewares/Third_Party/FreeRTOS/Source/tasks.o
                0x08003778                xTaskRemoveFromEventList
 .text.xTaskGetSchedulerState
                0x080037e0       0x20 Middlewares/Third_Party/FreeRTOS/Source/tasks.o
                0x080037e0                xTaskGetSchedulerState
 .text.prvPortStartFirstTask
                0x08003800       0x20 Middlewares/Third_Party/FreeRTOS/Source/portable/GCC/ARM_CM3/port.o
 .text.pxPortInitialiseStack
                0x08003820       0x1c Middlewares/Third_Party/FreeRTOS/Source/portable/GCC/ARM_CM3/port.o
                0x08003820                pxPortInitialiseStack
 .text.SVC_Handler
                0x0800383c       0x24 Middlewares/Third_Party/FreeRTOS/Source/portable/GCC/ARM_CM3/port.o
                0x0800383c                SVC_Handler
 .text.vPortYield
                0x08003860       0x18 Middlewares/Third_Party/FreeRTOS/Source/portable/GCC/ARM_CM3/port.o
                0x08003860                vPortYield
 .text.ulPortSetInterruptMask
                0x08003878       0x10 Middlewares/Third_Party/FreeRTOS/Source/portable/GCC/ARM_CM3/port.o
                0x08003878                ulPortSetInterruptMask
 .text.prvTaskExitError
                0x08003888       0x1c Middlewares/Third_Party/FreeRTOS/Source/portable/GCC/ARM_CM3/port.o
 .text.vPortEnterCritical
                0x080038a4       0x34 Middlewares/Third_Party/FreeRTOS/Source/portable/GCC/ARM_CM3/port.o
                0x080038a4                vPortEnterCritical
 .text.vPortClearInterruptMask
                0x080038d8        0x6 Middlewares/Third_Party/FreeRTOS/Source/portable/GCC/ARM_CM3/port.o
                0x080038d8                vPortClearInterruptMask
 *fill*         0x080038de        0x2 
 .text.vPortExitCritical
                0x080038e0       0x24 Middlewares/Third_Party/FreeRTOS/Source/portable/GCC/ARM_CM3/port.o
                0x080038e0                vPortExitCritical
 .text.PendSV_Handler
                0x08003904       0x44 Middlewares/Third_Party/FreeRTOS/Source/portable/GCC/ARM_CM3/port.o
                0x08003904                PendSV_Handler
 .text.xPortSysTickHandler
                0x08003948       0x24 Middlewares/Third_Party/FreeRTOS/Source/portable/GCC/ARM_CM3/port.o
                0x08003948                xPortSysTickHandler
 .text.vPortSetupTimerInterrupt
                0x0800396c       0x28 Middlewares/Third_Party/FreeRTOS/Source/portable/GCC/ARM_CM3/port.o
                0x0800396c                vPortSetupTimerInterrupt
 .text.xPortStartScheduler
                0x08003994       0x90 Middlewares/Third_Party/FreeRTOS/Source/portable/GCC/ARM_CM3/port.o
                0x08003994                xPortStartScheduler
 .text.pvPortMalloc
                0x08003a24       0x54 Middlewares/Third_Party/FreeRTOS/Source/portable/MemMang/heap_1.o
                0x08003a24                pvPortMalloc
 .text.vPortFree
                0x08003a78        0xc Middlewares/Third_Party/FreeRTOS/Source/portable/MemMang/heap_1.o
                0x08003a78                vPortFree
 .text.StartDefaultTask
                0x08003a84       0x20 Src/main.o
                0x08003a84                StartDefaultTask
 .text.UsbWrite
                0x08003aa4        0xa Src/main.o
                0x08003aa4                UsbWrite
 *fill*         0x08003aae        0x2 
 .text.LedFlash
                0x08003ab0       0x1c Src/main.o
                0x08003ab0                LedFlash
 .text.UsbRead  0x08003acc        0xa Src/main.o
                0x08003acc                UsbRead
 *fill*         0x08003ad6        0x2 
 .text.Error_Handler
                0x08003ad8       0x14 Src/main.o
                0x08003ad8                Error_Handler
 .text.SystemClock_Config
                0x08003aec       0x90 Src/main.o
                0x08003aec                SystemClock_Config
 .text.startup.main
                0x08003b7c      0x2c4 Src/main.o
                0x08003b7c                main
 .text.HAL_MspInit
                0x08003e40       0x8c Src/stm32f1xx_hal_msp.o
                0x08003e40                HAL_MspInit
 .text.HAL_ADC_MspInit
                0x08003ecc       0x28 Src/stm32f1xx_hal_msp.o
                0x08003ecc                HAL_ADC_MspInit
 .text.HAL_RTC_MspInit
                0x08003ef4       0x48 Src/stm32f1xx_hal_msp.o
                0x08003ef4                HAL_RTC_MspInit
 .text.HAL_TIM_Base_MspInit
                0x08003f3c       0x24 Src/stm32f1xx_hal_msp.o
                0x08003f3c                HAL_TIM_Base_MspInit
 .text.HAL_TIM_MspPostInit
                0x08003f60       0x28 Src/stm32f1xx_hal_msp.o
                0x08003f60                HAL_TIM_MspPostInit
 .text.NMI_Handler
                0x08003f88        0x2 Src/stm32f1xx_it.o
                0x08003f88                NMI_Handler
 .text.HardFault_Handler
                0x08003f8a        0x2 Src/stm32f1xx_it.o
                0x08003f8a                HardFault_Handler
 .text.MemManage_Handler
                0x08003f8c        0x2 Src/stm32f1xx_it.o
                0x08003f8c                MemManage_Handler
 .text.BusFault_Handler
                0x08003f8e        0x2 Src/stm32f1xx_it.o
                0x08003f8e                BusFault_Handler
 .text.UsageFault_Handler
                0x08003f90        0x2 Src/stm32f1xx_it.o
                0x08003f90                UsageFault_Handler
 .text.DebugMon_Handler
                0x08003f92        0x2 Src/stm32f1xx_it.o
                0x08003f92                DebugMon_Handler
 .text.SysTick_Handler
                0x08003f94        0xe Src/stm32f1xx_it.o
                0x08003f94                SysTick_Handler
 *fill*         0x08003fa2        0x2 
 .text.USB_LP_CAN1_RX0_IRQHandler
                0x08003fa4        0xc Src/stm32f1xx_it.o
                0x08003fa4                USB_LP_CAN1_RX0_IRQHandler
 .text.SystemInit
                0x08003fb0       0x4c Src/system_stm32f1xx.o
                0x08003fb0                SystemInit
 .text.MX_USB_DEVICE_Init
                0x08003ffc       0x38 Src/usb_device.o
                0x08003ffc                MX_USB_DEVICE_Init
 .text.CDC_DeInit_FS
                0x08004034        0x4 Src/usbd_cdc_if.o
 .text.CDC_Control_FS
                0x08004038        0x4 Src/usbd_cdc_if.o
 .text.CDC_Receive_FS
                0x0800403c       0x1c Src/usbd_cdc_if.o
 .text.CDC_Init_FS
                0x08004058       0x28 Src/usbd_cdc_if.o
 .text.HAL_PCD_MspInit
                0x08004080       0x3c Src/usbd_conf.o
                0x08004080                HAL_PCD_MspInit
 .text.HAL_PCD_SetupStageCallback
                0x080040bc        0xc Src/usbd_conf.o
                0x080040bc                HAL_PCD_SetupStageCallback
 .text.HAL_PCD_DataOutStageCallback
                0x080040c8       0x10 Src/usbd_conf.o
                0x080040c8                HAL_PCD_DataOutStageCallback
 .text.HAL_PCD_DataInStageCallback
                0x080040d8        0xe Src/usbd_conf.o
                0x080040d8                HAL_PCD_DataInStageCallback
 .text.HAL_PCD_SOFCallback
                0x080040e6        0x8 Src/usbd_conf.o
                0x080040e6                HAL_PCD_SOFCallback
 .text.HAL_PCD_ResetCallback
                0x080040ee       0x1a Src/usbd_conf.o
                0x080040ee                HAL_PCD_ResetCallback
 .text.HAL_PCD_SuspendCallback
                0x08004108       0x20 Src/usbd_conf.o
                0x08004108                HAL_PCD_SuspendCallback
 .text.HAL_PCD_ResumeCallback
                0x08004128        0x8 Src/usbd_conf.o
                0x08004128                HAL_PCD_ResumeCallback
 .text.USBD_LL_Init
                0x08004130       0x84 Src/usbd_conf.o
                0x08004130                USBD_LL_Init
 .text.USBD_LL_Start
                0x080041b4       0x1c Src/usbd_conf.o
                0x080041b4                USBD_LL_Start
 .text.USBD_LL_OpenEP
                0x080041d0       0x20 Src/usbd_conf.o
                0x080041d0                USBD_LL_OpenEP
 .text.USBD_LL_CloseEP
                0x080041f0       0x1c Src/usbd_conf.o
                0x080041f0                USBD_LL_CloseEP
 .text.USBD_LL_StallEP
                0x0800420c       0x1c Src/usbd_conf.o
                0x0800420c                USBD_LL_StallEP
 .text.USBD_LL_ClearStallEP
                0x08004228       0x1c Src/usbd_conf.o
                0x08004228                USBD_LL_ClearStallEP
 .text.USBD_LL_IsStallEP
                0x08004244       0x20 Src/usbd_conf.o
                0x08004244                USBD_LL_IsStallEP
 .text.USBD_LL_SetUSBAddress
                0x08004264       0x1c Src/usbd_conf.o
                0x08004264                USBD_LL_SetUSBAddress
 .text.USBD_LL_Transmit
                0x08004280       0x1c Src/usbd_conf.o
                0x08004280                USBD_LL_Transmit
 .text.USBD_LL_PrepareReceive
                0x0800429c       0x1c Src/usbd_conf.o
                0x0800429c                USBD_LL_PrepareReceive
 .text.USBD_LL_GetRxDataSize
                0x080042b8        0xc Src/usbd_conf.o
                0x080042b8                USBD_LL_GetRxDataSize
 .text.USBD_static_malloc
                0x080042c4        0x8 Src/usbd_conf.o
                0x080042c4                USBD_static_malloc
 .text.USBD_static_free
                0x080042cc        0x2 Src/usbd_conf.o
                0x080042cc                USBD_static_free
 .text.HAL_PCDEx_SetConnectionState
                0x080042ce        0x2 Src/usbd_conf.o
                0x080042ce                HAL_PCDEx_SetConnectionState
 .text.USBD_FS_DeviceDescriptor
                0x080042d0        0xc Src/usbd_desc.o
                0x080042d0                USBD_FS_DeviceDescriptor
 .text.USBD_FS_LangIDStrDescriptor
                0x080042dc        0xc Src/usbd_desc.o
                0x080042dc                USBD_FS_LangIDStrDescriptor
 .text.USBD_FS_ManufacturerStrDescriptor
                0x080042e8       0x1c Src/usbd_desc.o
                0x080042e8                USBD_FS_ManufacturerStrDescriptor
 .text.USBD_FS_ProductStrDescriptor
                0x08004304       0x1c Src/usbd_desc.o
                0x08004304                USBD_FS_ProductStrDescriptor
 .text.USBD_FS_SerialStrDescriptor
                0x08004320       0x1c Src/usbd_desc.o
                0x08004320                USBD_FS_SerialStrDescriptor
 .text.USBD_FS_ConfigStrDescriptor
                0x0800433c       0x1c Src/usbd_desc.o
                0x0800433c                USBD_FS_ConfigStrDescriptor
 .text.USBD_FS_InterfaceStrDescriptor
                0x08004358       0x1c Src/usbd_desc.o
                0x08004358                USBD_FS_InterfaceStrDescriptor
 .text.Reset_Handler
                0x08004374       0x48 startup/startup_stm32f103xb.o
                0x08004374                Reset_Handler
 .text.Default_Handler
                0x080043bc        0x2 startup/startup_stm32f103xb.o
                0x080043bc                RTC_Alarm_IRQHandler
                0x080043bc                EXTI2_IRQHandler
                0x080043bc                TIM1_CC_IRQHandler
                0x080043bc                PVD_IRQHandler
                0x080043bc                EXTI3_IRQHandler
                0x080043bc                EXTI0_IRQHandler
                0x080043bc                I2C2_EV_IRQHandler
                0x080043bc                ADC1_2_IRQHandler
                0x080043bc                SPI1_IRQHandler
                0x080043bc                TAMPER_IRQHandler
                0x080043bc                DMA1_Channel4_IRQHandler
                0x080043bc                USART3_IRQHandler
                0x080043bc                RTC_IRQHandler
                0x080043bc                DMA1_Channel7_IRQHandler
                0x080043bc                CAN1_RX1_IRQHandler
                0x080043bc                TIM4_IRQHandler
                0x080043bc                I2C1_EV_IRQHandler
                0x080043bc                DMA1_Channel6_IRQHandler
                0x080043bc                TIM3_IRQHandler
                0x080043bc                RCC_IRQHandler
                0x080043bc                TIM1_TRG_COM_IRQHandler
                0x080043bc                DMA1_Channel1_IRQHandler
                0x080043bc                Default_Handler
                0x080043bc                EXTI15_10_IRQHandler
                0x080043bc                EXTI9_5_IRQHandler
                0x080043bc                SPI2_IRQHandler
                0x080043bc                DMA1_Channel5_IRQHandler
                0x080043bc                EXTI4_IRQHandler
                0x080043bc                USB_HP_CAN1_TX_IRQHandler
                0x080043bc                DMA1_Channel3_IRQHandler
                0x080043bc                TIM1_UP_IRQHandler
                0x080043bc                WWDG_IRQHandler
                0x080043bc                TIM2_IRQHandler
                0x080043bc                TIM1_BRK_IRQHandler
                0x080043bc                EXTI1_IRQHandler
                0x080043bc                USART2_IRQHandler
                0x080043bc                I2C2_ER_IRQHandler
                0x080043bc                DMA1_Channel2_IRQHandler
                0x080043bc                CAN1_SCE_IRQHandler
                0x080043bc                FLASH_IRQHandler
                0x080043bc                USART1_IRQHandler
                0x080043bc                I2C1_ER_IRQHandler
                0x080043bc                USBWakeUp_IRQHandler
 *fill*         0x080043be        0x2 
 .text.__libc_init_array
                0x080043c0       0x4c d:/ac6/systemworkbench/plugins/fr.ac6.mcu.externaltools.arm-none.win32_1.13.2.201703061525/tools/compiler/bin/../lib/gcc/arm-none-eabi/5.4.1/../../../../arm-none-eabi/lib/armv7-m\libc_nano.a(lib_a-init.o)
                0x080043c0                __libc_init_array
 .text.memset   0x0800440c       0x10 d:/ac6/systemworkbench/plugins/fr.ac6.mcu.externaltools.arm-none.win32_1.13.2.201703061525/tools/compiler/bin/../lib/gcc/arm-none-eabi/5.4.1/../../../../arm-none-eabi/lib/armv7-m\libc_nano.a(lib_a-memset.o)
                0x0800440c                memset
 *(.glue_7)
 .glue_7        0x0800441c        0x0 linker stubs
 *(.glue_7t)
 .glue_7t       0x0800441c        0x0 linker stubs
 *(.eh_frame)
 .eh_frame      0x0800441c        0x0 d:/ac6/systemworkbench/plugins/fr.ac6.mcu.externaltools.arm-none.win32_1.13.2.201703061525/tools/compiler/bin/../lib/gcc/arm-none-eabi/5.4.1/armv7-m/crtbegin.o
 *(.init)
 .init          0x0800441c        0x4 d:/ac6/systemworkbench/plugins/fr.ac6.mcu.externaltools.arm-none.win32_1.13.2.201703061525/tools/compiler/bin/../lib/gcc/arm-none-eabi/5.4.1/armv7-m/crti.o
                0x0800441c                _init
 .init          0x08004420        0x8 d:/ac6/systemworkbench/plugins/fr.ac6.mcu.externaltools.arm-none.win32_1.13.2.201703061525/tools/compiler/bin/../lib/gcc/arm-none-eabi/5.4.1/armv7-m/crtn.o
 *(.fini)
 .fini          0x08004428        0x4 d:/ac6/systemworkbench/plugins/fr.ac6.mcu.externaltools.arm-none.win32_1.13.2.201703061525/tools/compiler/bin/../lib/gcc/arm-none-eabi/5.4.1/armv7-m/crti.o
                0x08004428                _fini
 .fini          0x0800442c        0x8 d:/ac6/systemworkbench/plugins/fr.ac6.mcu.externaltools.arm-none.win32_1.13.2.201703061525/tools/compiler/bin/../lib/gcc/arm-none-eabi/5.4.1/armv7-m/crtn.o
                0x08004434                . = ALIGN (0x4)
                0x08004434                _etext = .

.vfp11_veneer   0x08004434        0x0
 .vfp11_veneer  0x08004434        0x0 linker stubs

.v4_bx          0x08004434        0x0
 .v4_bx         0x08004434        0x0 linker stubs

.iplt           0x08004434        0x0
 .iplt          0x08004434        0x0 d:/ac6/systemworkbench/plugins/fr.ac6.mcu.externaltools.arm-none.win32_1.13.2.201703061525/tools/compiler/bin/../lib/gcc/arm-none-eabi/5.4.1/armv7-m/crtbegin.o

.rodata         0x08004434      0x120
                0x08004434                . = ALIGN (0x4)
 *(.rodata)
 .rodata        0x08004434       0x12 Drivers/STM32F1xx_HAL_Driver/Src/stm32f1xx_hal_rcc.o
 .rodata        0x08004446       0x12 Drivers/STM32F1xx_HAL_Driver/Src/stm32f1xx_hal_rcc_ex.o
 .rodata        0x08004458       0x58 Src/main.o
 .rodata        0x080044b0       0x18 Src/system_stm32f1xx.o
                0x080044b0                AHBPrescTable
                0x080044c0                APBPrescTable
 .rodata        0x080044c8        0x4 Src/usbd_conf.o
 *(.rodata*)
 .rodata.str1.1
                0x080044cc        0x5 Middlewares/Third_Party/FreeRTOS/Source/tasks.o
 .rodata.str1.1
                0x080044d1       0x32 Src/main.o
 .rodata.str1.1
                0x08004503       0x4f Src/usbd_desc.o
                0x08004554                . = ALIGN (0x4)
 *fill*         0x08004552        0x2 

.rel.dyn        0x08004554        0x0
 .rel.iplt      0x08004554        0x0 d:/ac6/systemworkbench/plugins/fr.ac6.mcu.externaltools.arm-none.win32_1.13.2.201703061525/tools/compiler/bin/../lib/gcc/arm-none-eabi/5.4.1/armv7-m/crtbegin.o

.ARM.extab
 *(.ARM.extab* .gnu.linkonce.armextab.*)

.ARM            0x08004554        0x0
                0x08004554                __exidx_start = .
 *(.ARM.exidx*)
                0x08004554                __exidx_end = .

.preinit_array  0x08004554        0x0
                0x08004554                PROVIDE (__preinit_array_start, .)
 *(.preinit_array*)
                0x08004554                PROVIDE (__preinit_array_end, .)

.init_array     0x08004554        0x4
                0x08004554                PROVIDE (__init_array_start, .)
 *(SORT(.init_array.*))
 *(.init_array*)
 .init_array    0x08004554        0x4 d:/ac6/systemworkbench/plugins/fr.ac6.mcu.externaltools.arm-none.win32_1.13.2.201703061525/tools/compiler/bin/../lib/gcc/arm-none-eabi/5.4.1/armv7-m/crtbegin.o
                0x08004558                PROVIDE (__init_array_end, .)

.fini_array     0x08004558        0x4
                [!provide]                PROVIDE (__fini_array_start, .)
 *(SORT(.fini_array.*))
 *(.fini_array*)
 .fini_array    0x08004558        0x4 d:/ac6/systemworkbench/plugins/fr.ac6.mcu.externaltools.arm-none.win32_1.13.2.201703061525/tools/compiler/bin/../lib/gcc/arm-none-eabi/5.4.1/armv7-m/crtbegin.o
                [!provide]                PROVIDE (__fini_array_end, .)
                0x0800455c                _sidata = LOADADDR (.data)

.data           0x20000000      0x15c load address 0x0800455c
                0x20000000                . = ALIGN (0x4)
                0x20000000                _sdata = .
 *(.data)
 .data          0x20000000      0x110 Middlewares/ST/STM32_USB_Device_Library/Class/CDC/Src/usbd_cdc.o
                0x20000000                USBD_CDC_CfgFSDesc
                0x20000044                USBD_CDC_CfgHSDesc
                0x20000088                USBD_CDC_OtherSpeedCfgDesc
                0x200000d8                USBD_CDC
 .data          0x20000110        0x4 Middlewares/Third_Party/FreeRTOS/Source/portable/GCC/ARM_CM3/port.o
 .data          0x20000114        0x4 Src/system_stm32f1xx.o
                0x20000114                SystemCoreClock
 .data          0x20000118       0x10 Src/usbd_cdc_if.o
                0x20000118                USBD_Interface_fops_FS
 .data          0x20000128       0x34 Src/usbd_desc.o
                0x20000128                USBD_FS_DeviceDesc
                0x2000013c                USBD_LangIDDesc
                0x20000140                FS_Desc
 *(.data*)
                0x2000015c                . = ALIGN (0x4)
                0x2000015c                _edata = .

.jcr            0x2000015c        0x0 load address 0x080046b8
 .jcr           0x2000015c        0x0 d:/ac6/systemworkbench/plugins/fr.ac6.mcu.externaltools.arm-none.win32_1.13.2.201703061525/tools/compiler/bin/../lib/gcc/arm-none-eabi/5.4.1/armv7-m/crtbegin.o

.igot.plt       0x2000015c        0x0 load address 0x080046b8
 .igot.plt      0x2000015c        0x0 d:/ac6/systemworkbench/plugins/fr.ac6.mcu.externaltools.arm-none.win32_1.13.2.201703061525/tools/compiler/bin/../lib/gcc/arm-none-eabi/5.4.1/armv7-m/crtbegin.o
                0x2000015c                . = ALIGN (0x4)

.bss            0x2000015c     0x2420 load address 0x080046b8
                0x2000015c                _sbss = .
                0x2000015c                __bss_start__ = _sbss
 *(.bss)
 .bss           0x2000015c       0x1c d:/ac6/systemworkbench/plugins/fr.ac6.mcu.externaltools.arm-none.win32_1.13.2.201703061525/tools/compiler/bin/../lib/gcc/arm-none-eabi/5.4.1/armv7-m/crtbegin.o
 .bss           0x20000178        0x4 Drivers/STM32F1xx_HAL_Driver/Src/stm32f1xx_hal.o
 .bss           0x2000017c        0x1 Middlewares/ST/STM32_USB_Device_Library/Class/CDC/Src/usbd_cdc.o
 .bss           0x2000017d        0x1 Middlewares/ST/STM32_USB_Device_Library/Core/Src/usbd_ctlreq.o
 *fill*         0x2000017e        0x2 
 .bss           0x20000180       0xe8 Middlewares/Third_Party/FreeRTOS/Source/tasks.o
                0x20000214                pxCurrentTCB
 .bss           0x20000268        0x8 Middlewares/Third_Party/FreeRTOS/Source/portable/GCC/ARM_CM3/port.o
 .bss           0x20000270     0x1808 Middlewares/Third_Party/FreeRTOS/Source/portable/MemMang/heap_1.o
 .bss           0x20001a78      0x220 Src/usbd_conf.o
 *(.bss*)
 *(COMMON)
 COMMON         0x20001c98       0x98 Src/main.o
                0x20001c98                defaultTaskHandle
                0x20001c9c                TaskLedFlashHandle
                0x20001ca0                TaskUsbWriteHandle
                0x20001ca4                TaskUsbReadHandle
                0x20001ca8                hadc1
                0x20001cd8                hrtc
                0x20001cec                QueUsbReadHandle
                0x20001cf0                QueUsbWriteHandle
                0x20001cf4                htim2
 COMMON         0x20001d30      0x224 Src/usb_device.o
                0x20001d30                hUsbDeviceFS
 COMMON         0x20001f54        0x8 Src/usbd_cdc_if.o
                0x20001f54                UserRxBufferFS
                0x20001f58                UserTxBufferFS
 COMMON         0x20001f5c      0x420 Src/usbd_conf.o
                0x20001f5c                hpcd_USB_FS
 COMMON         0x2000237c      0x200 Src/usbd_desc.o
                0x2000237c                USBD_StrDesc
                0x2000257c                . = ALIGN (0x4)
                0x2000257c                _ebss = .
                0x2000257c                __bss_end__ = _ebss

._user_heap_stack
                0x2000257c      0x604 load address 0x080046b8
                0x20002580                . = ALIGN (0x8)
 *fill*         0x2000257c        0x4 
                [!provide]                PROVIDE (end, .)
                [!provide]                PROVIDE (_end, .)
                0x20002780                . = (. + _Min_Heap_Size)
 *fill*         0x20002580      0x200 
                0x20002b80                . = (. + _Min_Stack_Size)
 *fill*         0x20002780      0x400 
                0x20002b80                . = ALIGN (0x8)

/DISCARD/
 libc.a(*)
 libm.a(*)
 libgcc.a(*)

.ARM.attributes
                0x00000000       0x29
 *(.ARM.attributes)
 .ARM.attributes
                0x00000000       0x1d d:/ac6/systemworkbench/plugins/fr.ac6.mcu.externaltools.arm-none.win32_1.13.2.201703061525/tools/compiler/bin/../lib/gcc/arm-none-eabi/5.4.1/armv7-m/crti.o
 .ARM.attributes
                0x0000001d       0x2d d:/ac6/systemworkbench/plugins/fr.ac6.mcu.externaltools.arm-none.win32_1.13.2.201703061525/tools/compiler/bin/../lib/gcc/arm-none-eabi/5.4.1/armv7-m/crtbegin.o
 .ARM.attributes
                0x0000004a       0x33 Drivers/STM32F1xx_HAL_Driver/Src/stm32f1xx_hal.o
 .ARM.attributes
                0x0000007d       0x33 Drivers/STM32F1xx_HAL_Driver/Src/stm32f1xx_hal_adc.o
 .ARM.attributes
                0x000000b0       0x33 Drivers/STM32F1xx_HAL_Driver/Src/stm32f1xx_hal_cortex.o
 .ARM.attributes
                0x000000e3       0x33 Drivers/STM32F1xx_HAL_Driver/Src/stm32f1xx_hal_gpio.o
 .ARM.attributes
                0x00000116       0x33 Drivers/STM32F1xx_HAL_Driver/Src/stm32f1xx_hal_pcd.o
 .ARM.attributes
                0x00000149       0x33 Drivers/STM32F1xx_HAL_Driver/Src/stm32f1xx_hal_pcd_ex.o
 .ARM.attributes
                0x0000017c       0x33 Drivers/STM32F1xx_HAL_Driver/Src/stm32f1xx_hal_pwr.o
 .ARM.attributes
                0x000001af       0x33 Drivers/STM32F1xx_HAL_Driver/Src/stm32f1xx_hal_rcc.o
 .ARM.attributes
                0x000001e2       0x33 Drivers/STM32F1xx_HAL_Driver/Src/stm32f1xx_hal_rcc_ex.o
 .ARM.attributes
                0x00000215       0x33 Drivers/STM32F1xx_HAL_Driver/Src/stm32f1xx_hal_rtc.o
 .ARM.attributes
                0x00000248       0x33 Drivers/STM32F1xx_HAL_Driver/Src/stm32f1xx_hal_rtc_ex.o
 .ARM.attributes
                0x0000027b       0x33 Drivers/STM32F1xx_HAL_Driver/Src/stm32f1xx_hal_tim.o
 .ARM.attributes
                0x000002ae       0x33 Drivers/STM32F1xx_HAL_Driver/Src/stm32f1xx_hal_tim_ex.o
 .ARM.attributes
                0x000002e1       0x33 Drivers/STM32F1xx_HAL_Driver/Src/stm32f1xx_ll_usb.o
 .ARM.attributes
                0x00000314       0x33 Middlewares/ST/STM32_USB_Device_Library/Class/CDC/Src/usbd_cdc.o
 .ARM.attributes
                0x00000347       0x33 Middlewares/ST/STM32_USB_Device_Library/Core/Src/usbd_core.o
 .ARM.attributes
                0x0000037a       0x33 Middlewares/ST/STM32_USB_Device_Library/Core/Src/usbd_ctlreq.o
 .ARM.attributes
                0x000003ad       0x33 Middlewares/ST/STM32_USB_Device_Library/Core/Src/usbd_ioreq.o
 .ARM.attributes
                0x000003e0       0x33 Middlewares/Third_Party/FreeRTOS/Source/CMSIS_RTOS/cmsis_os.o
 .ARM.attributes
                0x00000413       0x33 Middlewares/Third_Party/FreeRTOS/Source/list.o
 .ARM.attributes
                0x00000446       0x33 Middlewares/Third_Party/FreeRTOS/Source/queue.o
 .ARM.attributes
                0x00000479       0x33 Middlewares/Third_Party/FreeRTOS/Source/tasks.o
 .ARM.attributes
                0x000004ac       0x33 Middlewares/Third_Party/FreeRTOS/Source/portable/GCC/ARM_CM3/port.o
 .ARM.attributes
                0x000004df       0x33 Middlewares/Third_Party/FreeRTOS/Source/portable/MemMang/heap_1.o
 .ARM.attributes
                0x00000512       0x33 Src/main.o
 .ARM.attributes
                0x00000545       0x33 Src/stm32f1xx_hal_msp.o
 .ARM.attributes
                0x00000578       0x33 Src/stm32f1xx_it.o
 .ARM.attributes
                0x000005ab       0x33 Src/system_stm32f1xx.o
 .ARM.attributes
                0x000005de       0x33 Src/usb_device.o
 .ARM.attributes
                0x00000611       0x33 Src/usbd_cdc_if.o
 .ARM.attributes
                0x00000644       0x33 Src/usbd_conf.o
 .ARM.attributes
                0x00000677       0x33 Src/usbd_desc.o
 .ARM.attributes
                0x000006aa       0x21 startup/startup_stm32f103xb.o
 .ARM.attributes
                0x000006cb       0x2d d:/ac6/systemworkbench/plugins/fr.ac6.mcu.externaltools.arm-none.win32_1.13.2.201703061525/tools/compiler/bin/../lib/gcc/arm-none-eabi/5.4.1/../../../../arm-none-eabi/lib/armv7-m\libc_nano.a(lib_a-init.o)
 .ARM.attributes
                0x000006f8       0x2d d:/ac6/systemworkbench/plugins/fr.ac6.mcu.externaltools.arm-none.win32_1.13.2.201703061525/tools/compiler/bin/../lib/gcc/arm-none-eabi/5.4.1/../../../../arm-none-eabi/lib/armv7-m\libc_nano.a(lib_a-memset.o)
 .ARM.attributes
                0x00000725       0x1d d:/ac6/systemworkbench/plugins/fr.ac6.mcu.externaltools.arm-none.win32_1.13.2.201703061525/tools/compiler/bin/../lib/gcc/arm-none-eabi/5.4.1/armv7-m/crtn.o
OUTPUT(Test1.elf elf32-littlearm)

.comment        0x00000000       0x6e
 .comment       0x00000000       0x6e Drivers/STM32F1xx_HAL_Driver/Src/stm32f1xx_hal.o
                                 0x6f (size before relaxing)
 .comment       0x0000006e       0x6f Drivers/STM32F1xx_HAL_Driver/Src/stm32f1xx_hal_adc.o
 .comment       0x0000006e       0x6f Drivers/STM32F1xx_HAL_Driver/Src/stm32f1xx_hal_cortex.o
 .comment       0x0000006e       0x6f Drivers/STM32F1xx_HAL_Driver/Src/stm32f1xx_hal_gpio.o
 .comment       0x0000006e       0x6f Drivers/STM32F1xx_HAL_Driver/Src/stm32f1xx_hal_pcd.o
 .comment       0x0000006e       0x6f Drivers/STM32F1xx_HAL_Driver/Src/stm32f1xx_hal_pcd_ex.o
 .comment       0x0000006e       0x6f Drivers/STM32F1xx_HAL_Driver/Src/stm32f1xx_hal_pwr.o
 .comment       0x0000006e       0x6f Drivers/STM32F1xx_HAL_Driver/Src/stm32f1xx_hal_rcc.o
 .comment       0x0000006e       0x6f Drivers/STM32F1xx_HAL_Driver/Src/stm32f1xx_hal_rcc_ex.o
 .comment       0x0000006e       0x6f Drivers/STM32F1xx_HAL_Driver/Src/stm32f1xx_hal_rtc.o
 .comment       0x0000006e       0x6f Drivers/STM32F1xx_HAL_Driver/Src/stm32f1xx_hal_rtc_ex.o
 .comment       0x0000006e       0x6f Drivers/STM32F1xx_HAL_Driver/Src/stm32f1xx_hal_tim.o
 .comment       0x0000006e       0x6f Drivers/STM32F1xx_HAL_Driver/Src/stm32f1xx_hal_tim_ex.o
 .comment       0x0000006e       0x6f Drivers/STM32F1xx_HAL_Driver/Src/stm32f1xx_ll_usb.o
 .comment       0x0000006e       0x6f Middlewares/ST/STM32_USB_Device_Library/Class/CDC/Src/usbd_cdc.o
 .comment       0x0000006e       0x6f Middlewares/ST/STM32_USB_Device_Library/Core/Src/usbd_core.o
 .comment       0x0000006e       0x6f Middlewares/ST/STM32_USB_Device_Library/Core/Src/usbd_ctlreq.o
 .comment       0x0000006e       0x6f Middlewares/ST/STM32_USB_Device_Library/Core/Src/usbd_ioreq.o
 .comment       0x0000006e       0x6f Middlewares/Third_Party/FreeRTOS/Source/CMSIS_RTOS/cmsis_os.o
 .comment       0x0000006e       0x6f Middlewares/Third_Party/FreeRTOS/Source/list.o
 .comment       0x0000006e       0x6f Middlewares/Third_Party/FreeRTOS/Source/queue.o
 .comment       0x0000006e       0x6f Middlewares/Third_Party/FreeRTOS/Source/tasks.o
 .comment       0x0000006e       0x6f Middlewares/Third_Party/FreeRTOS/Source/portable/GCC/ARM_CM3/port.o
 .comment       0x0000006e       0x6f Middlewares/Third_Party/FreeRTOS/Source/portable/MemMang/heap_1.o
 .comment       0x0000006e       0x6f Src/main.o
 .comment       0x0000006e       0x6f Src/stm32f1xx_hal_msp.o
 .comment       0x0000006e       0x6f Src/stm32f1xx_it.o
 .comment       0x0000006e       0x6f Src/system_stm32f1xx.o
 .comment       0x0000006e       0x6f Src/usb_device.o
 .comment       0x0000006e       0x6f Src/usbd_cdc_if.o
 .comment       0x0000006e       0x6f Src/usbd_conf.o
 .comment       0x0000006e       0x6f Src/usbd_desc.o

.debug_line     0x00000000       0x7d
 .debug_line    0x00000000       0x7d startup/startup_stm32f103xb.o

.debug_info     0x00000000       0x6e
 .debug_info    0x00000000       0x6e startup/startup_stm32f103xb.o

.debug_abbrev   0x00000000       0x12
 .debug_abbrev  0x00000000       0x12 startup/startup_stm32f103xb.o

.debug_aranges  0x00000000       0x28
 .debug_aranges
                0x00000000       0x28 startup/startup_stm32f103xb.o

.debug_ranges   0x00000000       0x20
 .debug_ranges  0x00000000       0x20 startup/startup_stm32f103xb.o

.debug_frame    0x00000000       0x4c
 .debug_frame   0x00000000       0x2c d:/ac6/systemworkbench/plugins/fr.ac6.mcu.externaltools.arm-none.win32_1.13.2.201703061525/tools/compiler/bin/../lib/gcc/arm-none-eabi/5.4.1/../../../../arm-none-eabi/lib/armv7-m\libc_nano.a(lib_a-init.o)
 .debug_frame   0x0000002c       0x20 d:/ac6/systemworkbench/plugins/fr.ac6.mcu.externaltools.arm-none.win32_1.13.2.201703061525/tools/compiler/bin/../lib/gcc/arm-none-eabi/5.4.1/../../../../arm-none-eabi/lib/armv7-m\libc_nano.a(lib_a-memset.o)
